<testsuites>
<testsuite name="" tests="653" assertions="3717" errors="3" warnings="0" failures="0" skipped="0" time="0.23">
<testsuite name="Unit" tests="547" assertions="2705" errors="3" warnings="0" failures="0" skipped="0" time="20.535421">
<testsuite name="Tests\Unit\Enums\Category\CategoryStatusTest" file="/build/framgia/viblo-learning-api/tests/Unit/Enums/Category/CategoryStatusTest.php" tests="1" assertions="1" errors="0" warnings="0" failures="0" skipped="0" time="0.044412">
<testcase name="test_it_can_get_category_status_values" class="Tests\Unit\Enums\Category\CategoryStatusTest" classname="Tests.Unit.Enums.Category.CategoryStatusTest" file="/build/framgia/viblo-learning-api/tests/Unit/Enums/Category/CategoryStatusTest.php" line="11" assertions="1" time="0.044412"/>
</testsuite>
<testsuite name="Tests\Unit\Enums\Point\PointTypeTest" file="/build/framgia/viblo-learning-api/tests/Unit/Enums/Point/PointTypeTest.php" tests="1" assertions="1" errors="0" warnings="0" failures="0" skipped="0" time="0.044553">
<testcase name="test_it_can_get_contributions_point_type" class="Tests\Unit\Enums\Point\PointTypeTest" classname="Tests.Unit.Enums.Point.PointTypeTest" file="/build/framgia/viblo-learning-api/tests/Unit/Enums/Point/PointTypeTest.php" line="11" assertions="1" time="0.044553"/>
</testsuite>
<testsuite name="Tests\Unit\Enums\Question\QuestionStatusTest" file="/build/framgia/viblo-learning-api/tests/Unit/Enums/Question/QuestionStatusTest.php" tests="1" assertions="1" errors="0" warnings="0" failures="0" skipped="0" time="0.030467">
<testcase name="test_it_can_get_question_status_values" class="Tests\Unit\Enums\Question\QuestionStatusTest" classname="Tests.Unit.Enums.Question.QuestionStatusTest" file="/build/framgia/viblo-learning-api/tests/Unit/Enums/Question/QuestionStatusTest.php" line="11" assertions="1" time="0.030467"/>
</testsuite>
<testsuite name="Tests\Unit\Enums\Question\ReportTest" file="/build/framgia/viblo-learning-api/tests/Unit/Enums/Question/ReportTest.php" tests="1" assertions="1" errors="0" warnings="0" failures="0" skipped="0" time="0.029162">
<testcase name="test_it_can_get_report_values" class="Tests\Unit\Enums\Question\ReportTest" classname="Tests.Unit.Enums.Question.ReportTest" file="/build/framgia/viblo-learning-api/tests/Unit/Enums/Question/ReportTest.php" line="11" assertions="1" time="0.029162"/>
</testsuite>
<testsuite name="Tests\Unit\Enums\Ranking\RankingTypeTest" file="/build/framgia/viblo-learning-api/tests/Unit/Enums/Ranking/RankingTypeTest.php" tests="1" assertions="1" errors="0" warnings="0" failures="0" skipped="0" time="0.028987">
<testcase name="test_it_can_get_ranking_type_values" class="Tests\Unit\Enums\Ranking\RankingTypeTest" classname="Tests.Unit.Enums.Ranking.RankingTypeTest" file="/build/framgia/viblo-learning-api/tests/Unit/Enums/Ranking/RankingTypeTest.php" line="11" assertions="1" time="0.028987"/>
</testsuite>
<testsuite name="Tests\Unit\Enums\Snappy\SnappyTypeTest" file="/build/framgia/viblo-learning-api/tests/Unit/Enums/Snappy/SnappyTypeTest.php" tests="1" assertions="1" errors="0" warnings="0" failures="0" skipped="0" time="0.030068">
<testcase name="test_it_can_get_ranking_type_values" class="Tests\Unit\Enums\Snappy\SnappyTypeTest" classname="Tests.Unit.Enums.Snappy.SnappyTypeTest" file="/build/framgia/viblo-learning-api/tests/Unit/Enums/Snappy/SnappyTypeTest.php" line="11" assertions="1" time="0.030068"/>
</testsuite>
<testsuite name="Tests\Unit\Factory\Questions\ChoiceQuestion\ChoiceTest" file="/build/framgia/viblo-learning-api/tests/Unit/Factory/Questions/ChoiceQuestion/ChoiceTest.php" tests="2" assertions="15" errors="0" warnings="0" failures="0" skipped="0" time="0.105615">
<testcase name="test_it_can_build_answer_data" class="Tests\Unit\Factory\Questions\ChoiceQuestion\ChoiceTest" classname="Tests.Unit.Factory.Questions.ChoiceQuestion.ChoiceTest" file="/build/framgia/viblo-learning-api/tests/Unit/Factory/Questions/ChoiceQuestion/ChoiceTest.php" line="39" assertions="12" time="0.062594"/>
<testcase name="test_it_can_store_answer" class="Tests\Unit\Factory\Questions\ChoiceQuestion\ChoiceTest" classname="Tests.Unit.Factory.Questions.ChoiceQuestion.ChoiceTest" file="/build/framgia/viblo-learning-api/tests/Unit/Factory/Questions/ChoiceQuestion/ChoiceTest.php" line="90" assertions="3" time="0.043021"/>
</testsuite>
<testsuite name="Tests\Unit\Factory\Questions\FillTheBlank\FillTheBlankQuestionTest" file="/build/framgia/viblo-learning-api/tests/Unit/Factory/Questions/FillTheBlank/FillTheBlankQuestionTest.php" tests="2" assertions="15" errors="0" warnings="0" failures="0" skipped="0" time="0.056306">
<testcase name="test_it_can_build_answer_data" class="Tests\Unit\Factory\Questions\FillTheBlank\FillTheBlankQuestionTest" classname="Tests.Unit.Factory.Questions.FillTheBlank.FillTheBlankQuestionTest" file="/build/framgia/viblo-learning-api/tests/Unit/Factory/Questions/FillTheBlank/FillTheBlankQuestionTest.php" line="39" assertions="12" time="0.027990"/>
<testcase name="test_it_can_store_answer" class="Tests\Unit\Factory\Questions\FillTheBlank\FillTheBlankQuestionTest" classname="Tests.Unit.Factory.Questions.FillTheBlank.FillTheBlankQuestionTest" file="/build/framgia/viblo-learning-api/tests/Unit/Factory/Questions/FillTheBlank/FillTheBlankQuestionTest.php" line="74" assertions="3" time="0.028316"/>
</testsuite>
<testsuite name="Tests\Unit\Http\Controllers\Admin\ActivityLog\GetActivityLogTest" file="/build/framgia/viblo-learning-api/tests/Unit/Http/Controllers/Admin/ActivityLog/GetActivityLogTest.php" tests="1" assertions="1" errors="0" warnings="0" failures="0" skipped="0" time="0.039483">
<testcase name="test_it_can_get_activity_logs" class="Tests\Unit\Http\Controllers\Admin\ActivityLog\GetActivityLogTest" classname="Tests.Unit.Http.Controllers.Admin.ActivityLog.GetActivityLogTest" file="/build/framgia/viblo-learning-api/tests/Unit/Http/Controllers/Admin/ActivityLog/GetActivityLogTest.php" line="34" assertions="1" time="0.039483"/>
</testsuite>
<testsuite name="Tests\Unit\Http\Controllers\Admin\CategoryControllerTest" file="/build/framgia/viblo-learning-api/tests/Unit/Http/Controllers/Admin/CategoryControllerTest.php" tests="6" assertions="13" errors="0" warnings="0" failures="0" skipped="0" time="0.223293">
<testcase name="test_it_can_get_list_categories" class="Tests\Unit\Http\Controllers\Admin\CategoryControllerTest" classname="Tests.Unit.Http.Controllers.Admin.CategoryControllerTest" file="/build/framgia/viblo-learning-api/tests/Unit/Http/Controllers/Admin/CategoryControllerTest.php" line="45" assertions="3" time="0.051262"/>
<testcase name="test_it_can_store_category" class="Tests\Unit\Http\Controllers\Admin\CategoryControllerTest" classname="Tests.Unit.Http.Controllers.Admin.CategoryControllerTest" file="/build/framgia/viblo-learning-api/tests/Unit/Http/Controllers/Admin/CategoryControllerTest.php" line="60" assertions="2" time="0.044031"/>
<testcase name="test_it_can_show_category" class="Tests\Unit\Http\Controllers\Admin\CategoryControllerTest" classname="Tests.Unit.Http.Controllers.Admin.CategoryControllerTest" file="/build/framgia/viblo-learning-api/tests/Unit/Http/Controllers/Admin/CategoryControllerTest.php" line="84" assertions="2" time="0.040060"/>
<testcase name="test_it_can_update_category" class="Tests\Unit\Http\Controllers\Admin\CategoryControllerTest" classname="Tests.Unit.Http.Controllers.Admin.CategoryControllerTest" file="/build/framgia/viblo-learning-api/tests/Unit/Http/Controllers/Admin/CategoryControllerTest.php" line="97" assertions="2" time="0.028711"/>
<testcase name="test_it_can_destroy_category" class="Tests\Unit\Http\Controllers\Admin\CategoryControllerTest" classname="Tests.Unit.Http.Controllers.Admin.CategoryControllerTest" file="/build/framgia/viblo-learning-api/tests/Unit/Http/Controllers/Admin/CategoryControllerTest.php" line="121" assertions="2" time="0.027563"/>
<testcase name="test_it_can_restore_category" class="Tests\Unit\Http\Controllers\Admin\CategoryControllerTest" classname="Tests.Unit.Http.Controllers.Admin.CategoryControllerTest" file="/build/framgia/viblo-learning-api/tests/Unit/Http/Controllers/Admin/CategoryControllerTest.php" line="135" assertions="2" time="0.031666"/>
</testsuite>
<testsuite name="Tests\Unit\Http\Controllers\Admin\CertificateControllerTest" file="/build/framgia/viblo-learning-api/tests/Unit/Http/Controllers/Admin/CertificateControllerTest.php" tests="3" assertions="8" errors="0" warnings="0" failures="0" skipped="0" time="0.135487">
<testcase name="test_it_can_show_all_certificate" class="Tests\Unit\Http\Controllers\Admin\CertificateControllerTest" classname="Tests.Unit.Http.Controllers.Admin.CertificateControllerTest" file="/build/framgia/viblo-learning-api/tests/Unit/Http/Controllers/Admin/CertificateControllerTest.php" line="44" assertions="2" time="0.051896"/>
<testcase name="test_it_can_show_certificate_by_id" class="Tests\Unit\Http\Controllers\Admin\CertificateControllerTest" classname="Tests.Unit.Http.Controllers.Admin.CertificateControllerTest" file="/build/framgia/viblo-learning-api/tests/Unit/Http/Controllers/Admin/CertificateControllerTest.php" line="63" assertions="4" time="0.030651"/>
<testcase name="test_it_can_get_list_tag" class="Tests\Unit\Http\Controllers\Admin\CertificateControllerTest" classname="Tests.Unit.Http.Controllers.Admin.CertificateControllerTest" file="/build/framgia/viblo-learning-api/tests/Unit/Http/Controllers/Admin/CertificateControllerTest.php" line="84" assertions="2" time="0.052940"/>
</testsuite>
<testsuite name="Tests\Unit\Http\Controllers\Admin\ContributionControllerTest" file="/build/framgia/viblo-learning-api/tests/Unit/Http/Controllers/Admin/ContributionControllerTest.php" tests="3" assertions="35" errors="0" warnings="0" failures="0" skipped="0" time="0.162414">
<testcase name="test_it_can_get_list_contribution_admin" class="Tests\Unit\Http\Controllers\Admin\ContributionControllerTest" classname="Tests.Unit.Http.Controllers.Admin.ContributionControllerTest" file="/build/framgia/viblo-learning-api/tests/Unit/Http/Controllers/Admin/ContributionControllerTest.php" line="53" assertions="13" time="0.047577"/>
<testcase name="test_it_can_get_list_contribution_admin_with_trashed" class="Tests\Unit\Http\Controllers\Admin\ContributionControllerTest" classname="Tests.Unit.Http.Controllers.Admin.ContributionControllerTest" file="/build/framgia/viblo-learning-api/tests/Unit/Http/Controllers/Admin/ContributionControllerTest.php" line="87" assertions="13" time="0.026571"/>
<testcase name="test_it_can_update_contributions_admin" class="Tests\Unit\Http\Controllers\Admin\ContributionControllerTest" classname="Tests.Unit.Http.Controllers.Admin.ContributionControllerTest" file="/build/framgia/viblo-learning-api/tests/Unit/Http/Controllers/Admin/ContributionControllerTest.php" line="121" assertions="9" time="0.088266"/>
</testsuite>
<testsuite name="Tests\Unit\Http\Controllers\Admin\ExamControllerTest" file="/build/framgia/viblo-learning-api/tests/Unit/Http/Controllers/Admin/ExamControllerTest.php" tests="4" assertions="13" errors="0" warnings="0" failures="0" skipped="0" time="0.141355">
<testcase name="test_it_can_show_exam" class="Tests\Unit\Http\Controllers\Admin\ExamControllerTest" classname="Tests.Unit.Http.Controllers.Admin.ExamControllerTest" file="/build/framgia/viblo-learning-api/tests/Unit/Http/Controllers/Admin/ExamControllerTest.php" line="39" assertions="4" time="0.040493"/>
<testcase name="test_it_can_get_list_exam" class="Tests\Unit\Http\Controllers\Admin\ExamControllerTest" classname="Tests.Unit.Http.Controllers.Admin.ExamControllerTest" file="/build/framgia/viblo-learning-api/tests/Unit/Http/Controllers/Admin/ExamControllerTest.php" line="51" assertions="3" time="0.042301"/>
<testcase name="test_it_can_get_show_exam_by_certificate_id" class="Tests\Unit\Http\Controllers\Admin\ExamControllerTest" classname="Tests.Unit.Http.Controllers.Admin.ExamControllerTest" file="/build/framgia/viblo-learning-api/tests/Unit/Http/Controllers/Admin/ExamControllerTest.php" line="68" assertions="3" time="0.027341"/>
<testcase name="test_it_store_new_exam" class="Tests\Unit\Http\Controllers\Admin\ExamControllerTest" classname="Tests.Unit.Http.Controllers.Admin.ExamControllerTest" file="/build/framgia/viblo-learning-api/tests/Unit/Http/Controllers/Admin/ExamControllerTest.php" line="88" assertions="3" time="0.031220"/>
</testsuite>
<testsuite name="Tests\Unit\Http\Controllers\Admin\Objective\FetchObjectivesByCourseTest" file="/build/framgia/viblo-learning-api/tests/Unit/Http/Controllers/Admin/Objective/FetchObjectivesByCourseTest.php" tests="1" assertions="6" errors="0" warnings="0" failures="0" skipped="0" time="0.067871">
<testcase name="test_it_can_fetch_objective_by_course" class="Tests\Unit\Http\Controllers\Admin\Objective\FetchObjectivesByCourseTest" classname="Tests.Unit.Http.Controllers.Admin.Objective.FetchObjectivesByCourseTest" file="/build/framgia/viblo-learning-api/tests/Unit/Http/Controllers/Admin/Objective/FetchObjectivesByCourseTest.php" line="44" assertions="6" time="0.067871"/>
</testsuite>
<testsuite name="Tests\Unit\Http\Controllers\Admin\ObjectiveControllerTest" file="/build/framgia/viblo-learning-api/tests/Unit/Http/Controllers/Admin/ObjectiveControllerTest.php" tests="5" assertions="16" errors="0" warnings="0" failures="0" skipped="0" time="0.250164">
<testcase name="test_it_can_get_list_objective" class="Tests\Unit\Http\Controllers\Admin\ObjectiveControllerTest" classname="Tests.Unit.Http.Controllers.Admin.ObjectiveControllerTest" file="/build/framgia/viblo-learning-api/tests/Unit/Http/Controllers/Admin/ObjectiveControllerTest.php" line="53" assertions="2" time="0.095594"/>
<testcase name="test_it_can_get_store_objective" class="Tests\Unit\Http\Controllers\Admin\ObjectiveControllerTest" classname="Tests.Unit.Http.Controllers.Admin.ObjectiveControllerTest" file="/build/framgia/viblo-learning-api/tests/Unit/Http/Controllers/Admin/ObjectiveControllerTest.php" line="63" assertions="6" time="0.036014"/>
<testcase name="test_it_can_show_objective" class="Tests\Unit\Http\Controllers\Admin\ObjectiveControllerTest" classname="Tests.Unit.Http.Controllers.Admin.ObjectiveControllerTest" file="/build/framgia/viblo-learning-api/tests/Unit/Http/Controllers/Admin/ObjectiveControllerTest.php" line="108" assertions="3" time="0.028306"/>
<testcase name="test_it_can_destroy_objective" class="Tests\Unit\Http\Controllers\Admin\ObjectiveControllerTest" classname="Tests.Unit.Http.Controllers.Admin.ObjectiveControllerTest" file="/build/framgia/viblo-learning-api/tests/Unit/Http/Controllers/Admin/ObjectiveControllerTest.php" line="126" assertions="3" time="0.032558"/>
<testcase name="test_it_can_update_objective" class="Tests\Unit\Http\Controllers\Admin\ObjectiveControllerTest" classname="Tests.Unit.Http.Controllers.Admin.ObjectiveControllerTest" file="/build/framgia/viblo-learning-api/tests/Unit/Http/Controllers/Admin/ObjectiveControllerTest.php" line="139" assertions="2" time="0.057692"/>
</testsuite>
<testsuite name="Tests\Unit\Http\Controllers\Admin\Question\UpdateStatusTest" file="/build/framgia/viblo-learning-api/tests/Unit/Http/Controllers/Admin/Question/UpdateStatusTest.php" tests="1" assertions="0" errors="1" warnings="0" failures="0" skipped="0" time="0.027681">
<testcase name="test_it_can_update_question_status" class="Tests\Unit\Http\Controllers\Admin\Question\UpdateStatusTest" classname="Tests.Unit.Http.Controllers.Admin.Question.UpdateStatusTest" file="/build/framgia/viblo-learning-api/tests/Unit/Http/Controllers/Admin/Question/UpdateStatusTest.php" line="45" assertions="0" time="0.027681">
<error type="PHPUnit\Framework\RiskyTestError">Risky Test </error>
</testcase>
</testsuite>
<testsuite name="Tests\Unit\Http\Controllers\Admin\QuestionControllerTest" file="/build/framgia/viblo-learning-api/tests/Unit/Http/Controllers/Admin/QuestionControllerTest.php" tests="3" assertions="15" errors="0" warnings="0" failures="0" skipped="0" time="0.130235">
<testcase name="test_it_can_get" class="Tests\Unit\Http\Controllers\Admin\QuestionControllerTest" classname="Tests.Unit.Http.Controllers.Admin.QuestionControllerTest" file="/build/framgia/viblo-learning-api/tests/Unit/Http/Controllers/Admin/QuestionControllerTest.php" line="42" assertions="7" time="0.048497"/>
<testcase name="test_it_can_store_choice_question" class="Tests\Unit\Http\Controllers\Admin\QuestionControllerTest" classname="Tests.Unit.Http.Controllers.Admin.QuestionControllerTest" file="/build/framgia/viblo-learning-api/tests/Unit/Http/Controllers/Admin/QuestionControllerTest.php" line="111" assertions="4" time="0.039150"/>
<testcase name="test_it_can_store_fill_the_blank_question" class="Tests\Unit\Http\Controllers\Admin\QuestionControllerTest" classname="Tests.Unit.Http.Controllers.Admin.QuestionControllerTest" file="/build/framgia/viblo-learning-api/tests/Unit/Http/Controllers/Admin/QuestionControllerTest.php" line="153" assertions="4" time="0.042588"/>
</testsuite>
<testsuite name="Tests\Unit\Http\Controllers\Admin\ReferenceControllerTest" file="/build/framgia/viblo-learning-api/tests/Unit/Http/Controllers/Admin/ReferenceControllerTest.php" tests="5" assertions="9" errors="0" warnings="0" failures="0" skipped="0" time="0.160547">
<testcase name="test_it_can_get_list_references" class="Tests\Unit\Http\Controllers\Admin\ReferenceControllerTest" classname="Tests.Unit.Http.Controllers.Admin.ReferenceControllerTest" file="/build/framgia/viblo-learning-api/tests/Unit/Http/Controllers/Admin/ReferenceControllerTest.php" line="48" assertions="2" time="0.045738"/>
<testcase name="test_it_can_get_store_reference" class="Tests\Unit\Http\Controllers\Admin\ReferenceControllerTest" classname="Tests.Unit.Http.Controllers.Admin.ReferenceControllerTest" file="/build/framgia/viblo-learning-api/tests/Unit/Http/Controllers/Admin/ReferenceControllerTest.php" line="62" assertions="2" time="0.029618"/>
<testcase name="test_it_can_show_reference" class="Tests\Unit\Http\Controllers\Admin\ReferenceControllerTest" classname="Tests.Unit.Http.Controllers.Admin.ReferenceControllerTest" file="/build/framgia/viblo-learning-api/tests/Unit/Http/Controllers/Admin/ReferenceControllerTest.php" line="85" assertions="1" time="0.027204"/>
<testcase name="test_it_can_update_reference" class="Tests\Unit\Http\Controllers\Admin\ReferenceControllerTest" classname="Tests.Unit.Http.Controllers.Admin.ReferenceControllerTest" file="/build/framgia/viblo-learning-api/tests/Unit/Http/Controllers/Admin/ReferenceControllerTest.php" line="93" assertions="2" time="0.029902"/>
<testcase name="test_it_can_destroy_reference" class="Tests\Unit\Http\Controllers\Admin\ReferenceControllerTest" classname="Tests.Unit.Http.Controllers.Admin.ReferenceControllerTest" file="/build/framgia/viblo-learning-api/tests/Unit/Http/Controllers/Admin/ReferenceControllerTest.php" line="120" assertions="2" time="0.028085"/>
</testsuite>
<testsuite name="Tests\Unit\Http\Controllers\Admin\TagControllerTest" file="/build/framgia/viblo-learning-api/tests/Unit/Http/Controllers/Admin/TagControllerTest.php" tests="5" assertions="12" errors="0" warnings="0" failures="0" skipped="0" time="0.177574">
<testcase name="test_index" class="Tests\Unit\Http\Controllers\Admin\TagControllerTest" classname="Tests.Unit.Http.Controllers.Admin.TagControllerTest" file="/build/framgia/viblo-learning-api/tests/Unit/Http/Controllers/Admin/TagControllerTest.php" line="32" assertions="2" time="0.036433"/>
<testcase name="test_it_can_store" class="Tests\Unit\Http\Controllers\Admin\TagControllerTest" classname="Tests.Unit.Http.Controllers.Admin.TagControllerTest" file="/build/framgia/viblo-learning-api/tests/Unit/Http/Controllers/Admin/TagControllerTest.php" line="51" assertions="2" time="0.030998"/>
<testcase name="test_it_can_show" class="Tests\Unit\Http\Controllers\Admin\TagControllerTest" classname="Tests.Unit.Http.Controllers.Admin.TagControllerTest" file="/build/framgia/viblo-learning-api/tests/Unit/Http/Controllers/Admin/TagControllerTest.php" line="65" assertions="2" time="0.030931"/>
<testcase name="test_it_can_update" class="Tests\Unit\Http\Controllers\Admin\TagControllerTest" classname="Tests.Unit.Http.Controllers.Admin.TagControllerTest" file="/build/framgia/viblo-learning-api/tests/Unit/Http/Controllers/Admin/TagControllerTest.php" line="76" assertions="2" time="0.031310"/>
<testcase name="test_it_can_destroy" class="Tests\Unit\Http\Controllers\Admin\TagControllerTest" classname="Tests.Unit.Http.Controllers.Admin.TagControllerTest" file="/build/framgia/viblo-learning-api/tests/Unit/Http/Controllers/Admin/TagControllerTest.php" line="91" assertions="4" time="0.047902"/>
</testsuite>
<testsuite name="Tests\Unit\Http\Controllers\Admin\Version\GetCourseVersionTest" file="/build/framgia/viblo-learning-api/tests/Unit/Http/Controllers/Admin/Version/GetCourseVersionTest.php" tests="1" assertions="6" errors="0" warnings="0" failures="0" skipped="0" time="0.080344">
<testcase name="test_it_can_get_list_course_version" class="Tests\Unit\Http\Controllers\Admin\Version\GetCourseVersionTest" classname="Tests.Unit.Http.Controllers.Admin.Version.GetCourseVersionTest" file="/build/framgia/viblo-learning-api/tests/Unit/Http/Controllers/Admin/Version/GetCourseVersionTest.php" line="37" assertions="6" time="0.080344"/>
</testsuite>
<testsuite name="Tests\Unit\Http\Controllers\Admin\Version\GetExamVersionTest" file="/build/framgia/viblo-learning-api/tests/Unit/Http/Controllers/Admin/Version/GetExamVersionTest.php" tests="1" assertions="1" errors="0" warnings="0" failures="0" skipped="0" time="0.036311">
<testcase name="test_it_can_get_list_exam_version" class="Tests\Unit\Http\Controllers\Admin\Version\GetExamVersionTest" classname="Tests.Unit.Http.Controllers.Admin.Version.GetExamVersionTest" file="/build/framgia/viblo-learning-api/tests/Unit/Http/Controllers/Admin/Version/GetExamVersionTest.php" line="34" assertions="1" time="0.036311"/>
</testsuite>
<testsuite name="Tests\Unit\Http\Controllers\Admin\VoucherControllerTest" file="/build/framgia/viblo-learning-api/tests/Unit/Http/Controllers/Admin/VoucherControllerTest.php" tests="5" assertions="9" errors="0" warnings="0" failures="0" skipped="0" time="0.199415">
<testcase name="test_it_can_run_index" class="Tests\Unit\Http\Controllers\Admin\VoucherControllerTest" classname="Tests.Unit.Http.Controllers.Admin.VoucherControllerTest" file="/build/framgia/viblo-learning-api/tests/Unit/Http/Controllers/Admin/VoucherControllerTest.php" line="41" assertions="2" time="0.035274"/>
<testcase name="test_it_can_run_store" class="Tests\Unit\Http\Controllers\Admin\VoucherControllerTest" classname="Tests.Unit.Http.Controllers.Admin.VoucherControllerTest" file="/build/framgia/viblo-learning-api/tests/Unit/Http/Controllers/Admin/VoucherControllerTest.php" line="53" assertions="2" time="0.032314"/>
<testcase name="test_it_can_run_show" class="Tests\Unit\Http\Controllers\Admin\VoucherControllerTest" classname="Tests.Unit.Http.Controllers.Admin.VoucherControllerTest" file="/build/framgia/viblo-learning-api/tests/Unit/Http/Controllers/Admin/VoucherControllerTest.php" line="65" assertions="1" time="0.060569"/>
<testcase name="test_it_can_run_update" class="Tests\Unit\Http\Controllers\Admin\VoucherControllerTest" classname="Tests.Unit.Http.Controllers.Admin.VoucherControllerTest" file="/build/framgia/viblo-learning-api/tests/Unit/Http/Controllers/Admin/VoucherControllerTest.php" line="74" assertions="2" time="0.041267"/>
<testcase name="test_it_can_run_destroy" class="Tests\Unit\Http\Controllers\Admin\VoucherControllerTest" classname="Tests.Unit.Http.Controllers.Admin.VoucherControllerTest" file="/build/framgia/viblo-learning-api/tests/Unit/Http/Controllers/Admin/VoucherControllerTest.php" line="87" assertions="2" time="0.029992"/>
</testsuite>
<testsuite name="Tests\Unit\Http\Controllers\Web\Certificates\CertificateControllerTest" file="/build/framgia/viblo-learning-api/tests/Unit/Http/Controllers/Web/Certificates/CertificateControllerTest.php" tests="1" assertions="2" errors="0" warnings="0" failures="0" skipped="0" time="0.045147">
<testcase name="test_it_can_show_certificate_by_hashId_public_course_status" class="Tests\Unit\Http\Controllers\Web\Certificates\CertificateControllerTest" classname="Tests.Unit.Http.Controllers.Web.Certificates.CertificateControllerTest" file="/build/framgia/viblo-learning-api/tests/Unit/Http/Controllers/Web/Certificates/CertificateControllerTest.php" line="37" assertions="2" time="0.045147"/>
</testsuite>
<testsuite name="Tests\Unit\Http\Controllers\Web\Contribution\ContributionControllerTest" file="/build/framgia/viblo-learning-api/tests/Unit/Http/Controllers/Web/Contribution/ContributionControllerTest.php" tests="4" assertions="9" errors="0" warnings="0" failures="0" skipped="0" time="0.135139">
<testcase name="test_user_can_get_list_contribute" class="Tests\Unit\Http\Controllers\Web\Contribution\ContributionControllerTest" classname="Tests.Unit.Http.Controllers.Web.Contribution.ContributionControllerTest" file="/build/framgia/viblo-learning-api/tests/Unit/Http/Controllers/Web/Contribution/ContributionControllerTest.php" line="47" assertions="1" time="0.031964"/>
<testcase name="test_user_can_get_list_contribute_with_trashed" class="Tests\Unit\Http\Controllers\Web\Contribution\ContributionControllerTest" classname="Tests.Unit.Http.Controllers.Web.Contribution.ContributionControllerTest" file="/build/framgia/viblo-learning-api/tests/Unit/Http/Controllers/Web/Contribution/ContributionControllerTest.php" line="74" assertions="1" time="0.031478"/>
<testcase name="test_user_can_restore_contribution" class="Tests\Unit\Http\Controllers\Web\Contribution\ContributionControllerTest" classname="Tests.Unit.Http.Controllers.Web.Contribution.ContributionControllerTest" file="/build/framgia/viblo-learning-api/tests/Unit/Http/Controllers/Web/Contribution/ContributionControllerTest.php" line="101" assertions="5" time="0.031627"/>
<testcase name="test_user_can_destroy_contribution" class="Tests\Unit\Http\Controllers\Web\Contribution\ContributionControllerTest" classname="Tests.Unit.Http.Controllers.Web.Contribution.ContributionControllerTest" file="/build/framgia/viblo-learning-api/tests/Unit/Http/Controllers/Web/Contribution/ContributionControllerTest.php" line="117" assertions="2" time="0.040070"/>
</testsuite>
<testsuite name="Tests\Unit\Http\Controllers\Web\Contribution\ForceCreateContributionTest" file="/build/framgia/viblo-learning-api/tests/Unit/Http/Controllers/Web/Contribution/ForceCreateContributionTest.php" tests="1" assertions="2" errors="0" warnings="0" failures="0" skipped="0" time="0.055257">
<testcase name="test_user_can_get_list_contribute" class="Tests\Unit\Http\Controllers\Web\Contribution\ForceCreateContributionTest" classname="Tests.Unit.Http.Controllers.Web.Contribution.ForceCreateContributionTest" file="/build/framgia/viblo-learning-api/tests/Unit/Http/Controllers/Web/Contribution/ForceCreateContributionTest.php" line="44" assertions="2" time="0.055257"/>
</testsuite>
<testsuite name="Tests\Unit\Http\Controllers\Web\Contribution\SaveContributionTest" file="/build/framgia/viblo-learning-api/tests/Unit/Http/Controllers/Web/Contribution/SaveContributionTest.php" tests="2" assertions="22" errors="0" warnings="0" failures="0" skipped="0" time="0.119996">
<testcase name="test_it_can_save_new_contribution" class="Tests\Unit\Http\Controllers\Web\Contribution\SaveContributionTest" classname="Tests.Unit.Http.Controllers.Web.Contribution.SaveContributionTest" file="/build/framgia/viblo-learning-api/tests/Unit/Http/Controllers/Web/Contribution/SaveContributionTest.php" line="44" assertions="11" time="0.078337"/>
<testcase name="test_it_can_create_contribution" class="Tests\Unit\Http\Controllers\Web\Contribution\SaveContributionTest" classname="Tests.Unit.Http.Controllers.Web.Contribution.SaveContributionTest" file="/build/framgia/viblo-learning-api/tests/Unit/Http/Controllers/Web/Contribution/SaveContributionTest.php" line="83" assertions="11" time="0.041659"/>
</testsuite>
<testsuite name="Tests\Unit\Http\Controllers\Web\Courses\EnrollCourseTest" file="/build/framgia/viblo-learning-api/tests/Unit/Http/Controllers/Web/Courses/EnrollCourseTest.php" tests="1" assertions="1" errors="0" warnings="0" failures="0" skipped="0" time="0.037202">
<testcase name="test_it_can_enroll_course" class="Tests\Unit\Http\Controllers\Web\Courses\EnrollCourseTest" classname="Tests.Unit.Http.Controllers.Web.Courses.EnrollCourseTest" file="/build/framgia/viblo-learning-api/tests/Unit/Http/Controllers/Web/Courses/EnrollCourseTest.php" line="69" assertions="1" time="0.037202"/>
</testsuite>
<testsuite name="Tests\Unit\Http\Controllers\Web\Courses\ViewCounterControllerTest" file="/build/framgia/viblo-learning-api/tests/Unit/Http/Controllers/Web/Courses/ViewCounterControllerTest.php" tests="1" assertions="4" errors="0" warnings="0" failures="0" skipped="0" time="0.054898">
<testcase name="test_it_can_count_course_view" class="Tests\Unit\Http\Controllers\Web\Courses\ViewCounterControllerTest" classname="Tests.Unit.Http.Controllers.Web.Courses.ViewCounterControllerTest" file="/build/framgia/viblo-learning-api/tests/Unit/Http/Controllers/Web/Courses/ViewCounterControllerTest.php" line="35" assertions="4" time="0.054898"/>
</testsuite>
<testsuite name="Tests\Unit\Http\Controllers\Web\ExamControllerTest" file="/build/framgia/viblo-learning-api/tests/Unit/Http/Controllers/Web/ExamControllerTest.php" tests="2" assertions="6" errors="0" warnings="0" failures="0" skipped="0" time="0.130895">
<testcase name="test_it_can_get_list_exam_by_certificate_id" class="Tests\Unit\Http\Controllers\Web\ExamControllerTest" classname="Tests.Unit.Http.Controllers.Web.ExamControllerTest" file="/build/framgia/viblo-learning-api/tests/Unit/Http/Controllers/Web/ExamControllerTest.php" line="60" assertions="3" time="0.073381"/>
<testcase name="test_it_can_show_exam" class="Tests\Unit\Http\Controllers\Web\ExamControllerTest" classname="Tests.Unit.Http.Controllers.Web.ExamControllerTest" file="/build/framgia/viblo-learning-api/tests/Unit/Http/Controllers/Web/ExamControllerTest.php" line="80" assertions="3" time="0.057514"/>
</testsuite>
<testsuite name="Tests\Unit\Http\Controllers\Web\Exams\ViewCounterControllerTest" file="/build/framgia/viblo-learning-api/tests/Unit/Http/Controllers/Web/Exams/ViewCounterControllerTest.php" tests="1" assertions="3" errors="0" warnings="0" failures="0" skipped="0" time="0.029243">
<testcase name="test_it_can_count_view_exam" class="Tests\Unit\Http\Controllers\Web\Exams\ViewCounterControllerTest" classname="Tests.Unit.Http.Controllers.Web.Exams.ViewCounterControllerTest" file="/build/framgia/viblo-learning-api/tests/Unit/Http/Controllers/Web/Exams/ViewCounterControllerTest.php" line="36" assertions="3" time="0.029243"/>
</testsuite>
<testsuite name="Tests\Unit\Http\Controllers\Web\Feedbacks\StoreTest" file="/build/framgia/viblo-learning-api/tests/Unit/Http/Controllers/Web/Feedbacks/StoreTest.php" tests="1" assertions="1" errors="0" warnings="0" failures="0" skipped="0" time="0.039596">
<testcase name="test_it_can_store_feedback" class="Tests\Unit\Http\Controllers\Web\Feedbacks\StoreTest" classname="Tests.Unit.Http.Controllers.Web.Feedbacks.StoreTest" file="/build/framgia/viblo-learning-api/tests/Unit/Http/Controllers/Web/Feedbacks/StoreTest.php" line="14" assertions="1" time="0.039596"/>
</testsuite>
<testsuite name="Tests\Unit\Http\Controllers\Web\Notifications\NotificationControllerTest" file="/build/framgia/viblo-learning-api/tests/Unit/Http/Controllers/Web/Notifications/NotificationControllerTest.php" tests="3" assertions="9" errors="0" warnings="0" failures="0" skipped="0" time="0.151386">
<testcase name="test_it_can_get_notifications" class="Tests\Unit\Http\Controllers\Web\Notifications\NotificationControllerTest" classname="Tests.Unit.Http.Controllers.Web.Notifications.NotificationControllerTest" file="/build/framgia/viblo-learning-api/tests/Unit/Http/Controllers/Web/Notifications/NotificationControllerTest.php" line="37" assertions="5" time="0.033308"/>
<testcase name="test_it_can_process_all" class="Tests\Unit\Http\Controllers\Web\Notifications\NotificationControllerTest" classname="Tests.Unit.Http.Controllers.Web.Notifications.NotificationControllerTest" file="/build/framgia/viblo-learning-api/tests/Unit/Http/Controllers/Web/Notifications/NotificationControllerTest.php" line="60" assertions="2" time="0.038891"/>
<testcase name="test_it_can_toggle_notification" class="Tests\Unit\Http\Controllers\Web\Notifications\NotificationControllerTest" classname="Tests.Unit.Http.Controllers.Web.Notifications.NotificationControllerTest" file="/build/framgia/viblo-learning-api/tests/Unit/Http/Controllers/Web/Notifications/NotificationControllerTest.php" line="76" assertions="2" time="0.079187"/>
</testsuite>
<testsuite name="Tests\Unit\Http\Controllers\Web\Objectives\GetObjectiveTrackingByCourseTest" file="/build/framgia/viblo-learning-api/tests/Unit/Http/Controllers/Web/Objectives/GetObjectiveTrackingByCourseTest.php" tests="1" assertions="5" errors="0" warnings="0" failures="0" skipped="0" time="0.033720">
<testcase name="test_it_can_get_data" class="Tests\Unit\Http\Controllers\Web\Objectives\GetObjectiveTrackingByCourseTest" classname="Tests.Unit.Http.Controllers.Web.Objectives.GetObjectiveTrackingByCourseTest" file="/build/framgia/viblo-learning-api/tests/Unit/Http/Controllers/Web/Objectives/GetObjectiveTrackingByCourseTest.php" line="33" assertions="5" time="0.033720"/>
</testsuite>
<testsuite name="Tests\Unit\Http\Controllers\Web\Objectives\TrackingObjectivesTest" file="/build/framgia/viblo-learning-api/tests/Unit/Http/Controllers/Web/Objectives/TrackingObjectivesTest.php" tests="1" assertions="2" errors="0" warnings="0" failures="0" skipped="0" time="0.030634">
<testcase name="test_it_can_get_data" class="Tests\Unit\Http\Controllers\Web\Objectives\TrackingObjectivesTest" classname="Tests.Unit.Http.Controllers.Web.Objectives.TrackingObjectivesTest" file="/build/framgia/viblo-learning-api/tests/Unit/Http/Controllers/Web/Objectives/TrackingObjectivesTest.php" line="36" assertions="2" time="0.030634"/>
</testsuite>
<testsuite name="Tests\Unit\Http\Controllers\Web\Questions\ContributeQuestionControllerTest" file="/build/framgia/viblo-learning-api/tests/Unit/Http/Controllers/Web/Questions/ContributeQuestionControllerTest.php" tests="1" assertions="2" errors="0" warnings="0" failures="0" skipped="0" time="0.031220">
<testcase name="test_it_can_get_data" class="Tests\Unit\Http\Controllers\Web\Questions\ContributeQuestionControllerTest" classname="Tests.Unit.Http.Controllers.Web.Questions.ContributeQuestionControllerTest" file="/build/framgia/viblo-learning-api/tests/Unit/Http/Controllers/Web/Questions/ContributeQuestionControllerTest.php" line="35" assertions="2" time="0.031220"/>
</testsuite>
<testsuite name="Tests\Unit\Http\Controllers\Web\Questions\GetContributedQuestionsControllerTest" file="/build/framgia/viblo-learning-api/tests/Unit/Http/Controllers/Web/Questions/GetContributedQuestionsControllerTest.php" tests="1" assertions="9" errors="0" warnings="0" failures="0" skipped="0" time="0.035890">
<testcase name="test_it_get_contributed_questions" class="Tests\Unit\Http\Controllers\Web\Questions\GetContributedQuestionsControllerTest" classname="Tests.Unit.Http.Controllers.Web.Questions.GetContributedQuestionsControllerTest" file="/build/framgia/viblo-learning-api/tests/Unit/Http/Controllers/Web/Questions/GetContributedQuestionsControllerTest.php" line="39" assertions="9" time="0.035890"/>
</testsuite>
<testsuite name="Tests\Unit\Http\Controllers\Web\Questions\ReportControllerTest" file="/build/framgia/viblo-learning-api/tests/Unit/Http/Controllers/Web/Questions/ReportControllerTest.php" tests="2" assertions="12" errors="0" warnings="0" failures="0" skipped="0" time="0.115533">
<testcase name="test_it_can_report_question" class="Tests\Unit\Http\Controllers\Web\Questions\ReportControllerTest" classname="Tests.Unit.Http.Controllers.Web.Questions.ReportControllerTest" file="/build/framgia/viblo-learning-api/tests/Unit/Http/Controllers/Web/Questions/ReportControllerTest.php" line="46" assertions="6" time="0.088349"/>
<testcase name="test_it_can_report_question_with_exception" class="Tests\Unit\Http\Controllers\Web\Questions\ReportControllerTest" classname="Tests.Unit.Http.Controllers.Web.Questions.ReportControllerTest" file="/build/framgia/viblo-learning-api/tests/Unit/Http/Controllers/Web/Questions/ReportControllerTest.php" line="77" assertions="6" time="0.027184"/>
</testsuite>
<testsuite name="Tests\Unit\Http\Controllers\Web\Questions\ReviewQuestionTest" file="/build/framgia/viblo-learning-api/tests/Unit/Http/Controllers/Web/Questions/ReviewQuestionTest.php" tests="3" assertions="9" errors="0" warnings="0" failures="0" skipped="0" time="0.129043">
<testcase name="test_it_can_get_reviewed_questions" class="Tests\Unit\Http\Controllers\Web\Questions\ReviewQuestionTest" classname="Tests.Unit.Http.Controllers.Web.Questions.ReviewQuestionTest" file="/build/framgia/viblo-learning-api/tests/Unit/Http/Controllers/Web/Questions/ReviewQuestionTest.php" line="47" assertions="4" time="0.040729"/>
<testcase name="test_it_can_get_reviewed_questions_without_status" class="Tests\Unit\Http\Controllers\Web\Questions\ReviewQuestionTest" classname="Tests.Unit.Http.Controllers.Web.Questions.ReviewQuestionTest" file="/build/framgia/viblo-learning-api/tests/Unit/Http/Controllers/Web/Questions/ReviewQuestionTest.php" line="80" assertions="4" time="0.053341"/>
<testcase name="test_it_can_get_assign_course" class="Tests\Unit\Http\Controllers\Web\Questions\ReviewQuestionTest" classname="Tests.Unit.Http.Controllers.Web.Questions.ReviewQuestionTest" file="/build/framgia/viblo-learning-api/tests/Unit/Http/Controllers/Web/Questions/ReviewQuestionTest.php" line="111" assertions="1" time="0.034973"/>
</testsuite>
<testsuite name="Tests\Unit\Http\Controllers\Web\Questions\StoreContributeQuestionControllerTest" file="/build/framgia/viblo-learning-api/tests/Unit/Http/Controllers/Web/Questions/StoreContributeQuestionControllerTest.php" tests="3" assertions="11" errors="0" warnings="0" failures="0" skipped="0" time="0.159798">
<testcase name="test_it_can_store_choice_question" class="Tests\Unit\Http\Controllers\Web\Questions\StoreContributeQuestionControllerTest" classname="Tests.Unit.Http.Controllers.Web.Questions.StoreContributeQuestionControllerTest" file="/build/framgia/viblo-learning-api/tests/Unit/Http/Controllers/Web/Questions/StoreContributeQuestionControllerTest.php" line="40" assertions="4" time="0.047268"/>
<testcase name="test_it_can_store_fill_the_blank_question" class="Tests\Unit\Http\Controllers\Web\Questions\StoreContributeQuestionControllerTest" classname="Tests.Unit.Http.Controllers.Web.Questions.StoreContributeQuestionControllerTest" file="/build/framgia/viblo-learning-api/tests/Unit/Http/Controllers/Web/Questions/StoreContributeQuestionControllerTest.php" line="82" assertions="4" time="0.053854"/>
<testcase name="test_it_can_detect_null_type" class="Tests\Unit\Http\Controllers\Web\Questions\StoreContributeQuestionControllerTest" classname="Tests.Unit.Http.Controllers.Web.Questions.StoreContributeQuestionControllerTest" file="/build/framgia/viblo-learning-api/tests/Unit/Http/Controllers/Web/Questions/StoreContributeQuestionControllerTest.php" line="124" assertions="3" time="0.058676"/>
</testsuite>
<testsuite name="Tests\Unit\Http\Controllers\Web\Rankings\GetContributionTest" file="/build/framgia/viblo-learning-api/tests/Unit/Http/Controllers/Web/Rankings/GetContributionTest.php" tests="4" assertions="8" errors="0" warnings="0" failures="0" skipped="0" time="0.132895">
<testcase name="test_it_can_get_contribution_all" class="Tests\Unit\Http\Controllers\Web\Rankings\GetContributionTest" classname="Tests.Unit.Http.Controllers.Web.Rankings.GetContributionTest" file="/build/framgia/viblo-learning-api/tests/Unit/Http/Controllers/Web/Rankings/GetContributionTest.php" line="41" assertions="2" time="0.038456"/>
<testcase name="test_it_can_get_contribution_is_null_type" class="Tests\Unit\Http\Controllers\Web\Rankings\GetContributionTest" classname="Tests.Unit.Http.Controllers.Web.Rankings.GetContributionTest" file="/build/framgia/viblo-learning-api/tests/Unit/Http/Controllers/Web/Rankings/GetContributionTest.php" line="55" assertions="2" time="0.034444"/>
<testcase name="test_it_can_get_contribution_monthly" class="Tests\Unit\Http\Controllers\Web\Rankings\GetContributionTest" classname="Tests.Unit.Http.Controllers.Web.Rankings.GetContributionTest" file="/build/framgia/viblo-learning-api/tests/Unit/Http/Controllers/Web/Rankings/GetContributionTest.php" line="69" assertions="2" time="0.030437"/>
<testcase name="test_it_can_get_contribution_weekly" class="Tests\Unit\Http\Controllers\Web\Rankings\GetContributionTest" classname="Tests.Unit.Http.Controllers.Web.Rankings.GetContributionTest" file="/build/framgia/viblo-learning-api/tests/Unit/Http/Controllers/Web/Rankings/GetContributionTest.php" line="80" assertions="2" time="0.029558"/>
</testsuite>
<testsuite name="Tests\Unit\Http\Controllers\Web\Rankings\GetRankingTest" file="/build/framgia/viblo-learning-api/tests/Unit/Http/Controllers/Web/Rankings/GetRankingTest.php" tests="4" assertions="8" errors="0" warnings="0" failures="0" skipped="0" time="0.130120">
<testcase name="test_it_can_get_ranking_all" class="Tests\Unit\Http\Controllers\Web\Rankings\GetRankingTest" classname="Tests.Unit.Http.Controllers.Web.Rankings.GetRankingTest" file="/build/framgia/viblo-learning-api/tests/Unit/Http/Controllers/Web/Rankings/GetRankingTest.php" line="41" assertions="2" time="0.030939"/>
<testcase name="test_it_can_get_ranking_is_null_type" class="Tests\Unit\Http\Controllers\Web\Rankings\GetRankingTest" classname="Tests.Unit.Http.Controllers.Web.Rankings.GetRankingTest" file="/build/framgia/viblo-learning-api/tests/Unit/Http/Controllers/Web/Rankings/GetRankingTest.php" line="55" assertions="2" time="0.035373"/>
<testcase name="test_it_can_get_ranking_monthly" class="Tests\Unit\Http\Controllers\Web\Rankings\GetRankingTest" classname="Tests.Unit.Http.Controllers.Web.Rankings.GetRankingTest" file="/build/framgia/viblo-learning-api/tests/Unit/Http/Controllers/Web/Rankings/GetRankingTest.php" line="69" assertions="2" time="0.029647"/>
<testcase name="test_it_can_get_ranking_weekly" class="Tests\Unit\Http\Controllers\Web\Rankings\GetRankingTest" classname="Tests.Unit.Http.Controllers.Web.Rankings.GetRankingTest" file="/build/framgia/viblo-learning-api/tests/Unit/Http/Controllers/Web/Rankings/GetRankingTest.php" line="83" assertions="2" time="0.034161"/>
</testsuite>
<testsuite name="Tests\Unit\Http\Controllers\Web\Roadmaps\RoadmapControllerTest" file="/build/framgia/viblo-learning-api/tests/Unit/Http/Controllers/Web/Roadmaps/RoadmapControllerTest.php" tests="2" assertions="2" errors="1" warnings="0" failures="0" skipped="0" time="0.074537">
<testcase name="test_it_can_get_roadmap_tree" class="Tests\Unit\Http\Controllers\Web\Roadmaps\RoadmapControllerTest" classname="Tests.Unit.Http.Controllers.Web.Roadmaps.RoadmapControllerTest" file="/build/framgia/viblo-learning-api/tests/Unit/Http/Controllers/Web/Roadmaps/RoadmapControllerTest.php" line="32" assertions="0" time="0.033688">
<error type="PHPUnit\Framework\RiskyTestError">Risky Test </error>
</testcase>
<testcase name="test_it_can_show_roadmap_tree_from_node" class="Tests\Unit\Http\Controllers\Web\Roadmaps\RoadmapControllerTest" classname="Tests.Unit.Http.Controllers.Web.Roadmaps.RoadmapControllerTest" file="/build/framgia/viblo-learning-api/tests/Unit/Http/Controllers/Web/Roadmaps/RoadmapControllerTest.php" line="52" assertions="2" time="0.040849"/>
</testsuite>
<testsuite name="Tests\Unit\Http\Controllers\Web\Tests\GetContinueTest" file="/build/framgia/viblo-learning-api/tests/Unit/Http/Controllers/Web/Tests/GetContinueTest.php" tests="2" assertions="2" errors="0" warnings="0" failures="0" skipped="0" time="0.103819">
<testcase name="test_it_can_get_continue" class="Tests\Unit\Http\Controllers\Web\Tests\GetContinueTest" classname="Tests.Unit.Http.Controllers.Web.Tests.GetContinueTest" file="/build/framgia/viblo-learning-api/tests/Unit/Http/Controllers/Web/Tests/GetContinueTest.php" line="39" assertions="1" time="0.062749"/>
<testcase name="test_it_can_not_get_continue" class="Tests\Unit\Http\Controllers\Web\Tests\GetContinueTest" classname="Tests.Unit.Http.Controllers.Web.Tests.GetContinueTest" file="/build/framgia/viblo-learning-api/tests/Unit/Http/Controllers/Web/Tests/GetContinueTest.php" line="60" assertions="1" time="0.041070"/>
</testsuite>
<testsuite name="Tests\Unit\Http\Controllers\Web\Tests\StoreSubmissionTest" file="/build/framgia/viblo-learning-api/tests/Unit/Http/Controllers/Web/Tests/StoreSubmissionTest.php" tests="2" assertions="6" errors="0" warnings="0" failures="0" skipped="0" time="0.138913">
<testcase name="test_it_should_using_database_transaction" class="Tests\Unit\Http\Controllers\Web\Tests\StoreSubmissionTest" classname="Tests.Unit.Http.Controllers.Web.Tests.StoreSubmissionTest" file="/build/framgia/viblo-learning-api/tests/Unit/Http/Controllers/Web/Tests/StoreSubmissionTest.php" line="43" assertions="3" time="0.079486"/>
<testcase name="test_it_can_store_test_answers" class="Tests\Unit\Http\Controllers\Web\Tests\StoreSubmissionTest" classname="Tests.Unit.Http.Controllers.Web.Tests.StoreSubmissionTest" file="/build/framgia/viblo-learning-api/tests/Unit/Http/Controllers/Web/Tests/StoreSubmissionTest.php" line="70" assertions="3" time="0.059427"/>
</testsuite>
<testsuite name="Tests\Unit\Http\Controllers\Web\User\GetUserCertificateTest" file="/build/framgia/viblo-learning-api/tests/Unit/Http/Controllers/Web/User/GetUserCertificateTest.php" tests="2" assertions="13" errors="0" warnings="0" failures="0" skipped="0" time="0.126071">
<testcase name="test_it_can_get_new_user_certificate" class="Tests\Unit\Http\Controllers\Web\User\GetUserCertificateTest" classname="Tests.Unit.Http.Controllers.Web.User.GetUserCertificateTest" file="/build/framgia/viblo-learning-api/tests/Unit/Http/Controllers/Web/User/GetUserCertificateTest.php" line="53" assertions="8" time="0.078732"/>
<testcase name="test_it_can_get_old_user_certificate" class="Tests\Unit\Http\Controllers\Web\User\GetUserCertificateTest" classname="Tests.Unit.Http.Controllers.Web.User.GetUserCertificateTest" file="/build/framgia/viblo-learning-api/tests/Unit/Http/Controllers/Web/User/GetUserCertificateTest.php" line="86" assertions="5" time="0.047339"/>
</testsuite>
<testsuite name="Tests\Unit\Http\Controllers\WebInitTest" file="/build/framgia/viblo-learning-api/tests/Unit/Http/Controllers/WebInitTest.php" tests="2" assertions="8" errors="0" warnings="0" failures="0" skipped="0" time="0.085920">
<testcase name="test_it_can_not_init_data" class="Tests\Unit\Http\Controllers\WebInitTest" classname="Tests.Unit.Http.Controllers.WebInitTest" file="/build/framgia/viblo-learning-api/tests/Unit/Http/Controllers/WebInitTest.php" line="37" assertions="3" time="0.027019"/>
<testcase name="test_it_can_init_data" class="Tests\Unit\Http\Controllers\WebInitTest" classname="Tests.Unit.Http.Controllers.WebInitTest" file="/build/framgia/viblo-learning-api/tests/Unit/Http/Controllers/WebInitTest.php" line="48" assertions="5" time="0.058901"/>
</testsuite>
<testsuite name="Tests\Unit\Http\Middleware\AdminTest" file="/build/framgia/viblo-learning-api/tests/Unit/Http/Middleware/AdminTest.php" tests="3" assertions="5" errors="0" warnings="0" failures="0" skipped="0" time="0.093829">
<testcase name="test_it_passes_for_admin" class="Tests\Unit\Http\Middleware\AdminTest" classname="Tests.Unit.Http.Middleware.AdminTest" file="/build/framgia/viblo-learning-api/tests/Unit/Http/Middleware/AdminTest.php" line="16" assertions="2" time="0.029229"/>
<testcase name="test_it_fail_for_normal_user" class="Tests\Unit\Http\Middleware\AdminTest" classname="Tests.Unit.Http.Middleware.AdminTest" file="/build/framgia/viblo-learning-api/tests/Unit/Http/Middleware/AdminTest.php" line="28" assertions="2" time="0.031000"/>
<testcase name="test_it_fail_when_user_isnt_login" class="Tests\Unit\Http\Middleware\AdminTest" classname="Tests.Unit.Http.Middleware.AdminTest" file="/build/framgia/viblo-learning-api/tests/Unit/Http/Middleware/AdminTest.php" line="39" assertions="1" time="0.033600"/>
</testsuite>
<testsuite name="Tests\Unit\Http\Middleware\RoleTest" file="/build/framgia/viblo-learning-api/tests/Unit/Http/Middleware/RoleTest.php" tests="2" assertions="5" errors="0" warnings="0" failures="0" skipped="0" time="0.056263">
<testcase name="test_it_passes_role" class="Tests\Unit\Http\Middleware\RoleTest" classname="Tests.Unit.Http.Middleware.RoleTest" file="/build/framgia/viblo-learning-api/tests/Unit/Http/Middleware/RoleTest.php" line="16" assertions="3" time="0.026810"/>
<testcase name="test_it_fail_role" class="Tests\Unit\Http\Middleware\RoleTest" classname="Tests.Unit.Http.Middleware.RoleTest" file="/build/framgia/viblo-learning-api/tests/Unit/Http/Middleware/RoleTest.php" line="29" assertions="2" time="0.029453"/>
</testsuite>
<testsuite name="Tests\Unit\Http\Requests\Categories\StoreCategoryTest" file="/build/framgia/viblo-learning-api/tests/Unit/Http/Requests/Categories/StoreCategoryTest.php" tests="2" assertions="2" errors="0" warnings="0" failures="0" skipped="0" time="0.055175">
<testcase name="test_it_authorize_rules" class="Tests\Unit\Http\Requests\Categories\StoreCategoryTest" classname="Tests.Unit.Http.Requests.Categories.StoreCategoryTest" file="/build/framgia/viblo-learning-api/tests/Unit/Http/Requests/Categories/StoreCategoryTest.php" line="11" assertions="1" time="0.029820"/>
<testcase name="test_it_contain_valid_rules" class="Tests\Unit\Http\Requests\Categories\StoreCategoryTest" classname="Tests.Unit.Http.Requests.Categories.StoreCategoryTest" file="/build/framgia/viblo-learning-api/tests/Unit/Http/Requests/Categories/StoreCategoryTest.php" line="17" assertions="1" time="0.025355"/>
</testsuite>
<testsuite name="Tests\Unit\Http\Requests\Certificate\FilterCertificateTest" file="/build/framgia/viblo-learning-api/tests/Unit/Http/Requests/Certificate/FilterCertificateTest.php" tests="2" assertions="2" errors="0" warnings="0" failures="0" skipped="0" time="0.051623">
<testcase name="test_it_authorize_rules" class="Tests\Unit\Http\Requests\Certificate\FilterCertificateTest" classname="Tests.Unit.Http.Requests.Certificate.FilterCertificateTest" file="/build/framgia/viblo-learning-api/tests/Unit/Http/Requests/Certificate/FilterCertificateTest.php" line="12" assertions="1" time="0.025942"/>
<testcase name="test_it_contain_valid_rules" class="Tests\Unit\Http\Requests\Certificate\FilterCertificateTest" classname="Tests.Unit.Http.Requests.Certificate.FilterCertificateTest" file="/build/framgia/viblo-learning-api/tests/Unit/Http/Requests/Certificate/FilterCertificateTest.php" line="18" assertions="1" time="0.025681"/>
</testsuite>
<testsuite name="Tests\Unit\Http\Requests\Certificate\StoreCertificateTest" file="/build/framgia/viblo-learning-api/tests/Unit/Http/Requests/Certificate/StoreCertificateTest.php" tests="2" assertions="2" errors="0" warnings="0" failures="0" skipped="0" time="0.051477">
<testcase name="test_it_authorize_rules" class="Tests\Unit\Http\Requests\Certificate\StoreCertificateTest" classname="Tests.Unit.Http.Requests.Certificate.StoreCertificateTest" file="/build/framgia/viblo-learning-api/tests/Unit/Http/Requests/Certificate/StoreCertificateTest.php" line="13" assertions="1" time="0.025987"/>
<testcase name="test_it_contain_valid_rules" class="Tests\Unit\Http\Requests\Certificate\StoreCertificateTest" classname="Tests.Unit.Http.Requests.Certificate.StoreCertificateTest" file="/build/framgia/viblo-learning-api/tests/Unit/Http/Requests/Certificate/StoreCertificateTest.php" line="19" assertions="1" time="0.025490"/>
</testsuite>
<testsuite name="Tests\Unit\Http\Requests\Certificate\UpdateCertificateTest" file="/build/framgia/viblo-learning-api/tests/Unit/Http/Requests/Certificate/UpdateCertificateTest.php" tests="2" assertions="3" errors="0" warnings="0" failures="0" skipped="0" time="0.064781">
<testcase name="test_it_authorize_rules" class="Tests\Unit\Http\Requests\Certificate\UpdateCertificateTest" classname="Tests.Unit.Http.Requests.Certificate.UpdateCertificateTest" file="/build/framgia/viblo-learning-api/tests/Unit/Http/Requests/Certificate/UpdateCertificateTest.php" line="15" assertions="1" time="0.026195"/>
<testcase name="test_it_contain_valid_rules" class="Tests\Unit\Http\Requests\Certificate\UpdateCertificateTest" classname="Tests.Unit.Http.Requests.Certificate.UpdateCertificateTest" file="/build/framgia/viblo-learning-api/tests/Unit/Http/Requests/Certificate/UpdateCertificateTest.php" line="21" assertions="2" time="0.038586"/>
</testsuite>
<testsuite name="Tests\Unit\Http\Requests\Courses\CreateCourseTest" file="/build/framgia/viblo-learning-api/tests/Unit/Http/Requests/Courses/CreateCourseTest.php" tests="2" assertions="2" errors="0" warnings="0" failures="0" skipped="0" time="0.073040">
<testcase name="test_it_authorize_rules" class="Tests\Unit\Http\Requests\Courses\CreateCourseTest" classname="Tests.Unit.Http.Requests.Courses.CreateCourseTest" file="/build/framgia/viblo-learning-api/tests/Unit/Http/Requests/Courses/CreateCourseTest.php" line="11" assertions="1" time="0.047546"/>
<testcase name="test_it_contain_valid_rules" class="Tests\Unit\Http\Requests\Courses\CreateCourseTest" classname="Tests.Unit.Http.Requests.Courses.CreateCourseTest" file="/build/framgia/viblo-learning-api/tests/Unit/Http/Requests/Courses/CreateCourseTest.php" line="17" assertions="1" time="0.025494"/>
</testsuite>
<testsuite name="Tests\Unit\Http\Requests\Courses\SetTrendingOrderRequestTest" file="/build/framgia/viblo-learning-api/tests/Unit/Http/Requests/Courses/SetTrendingOrderRequestTest.php" tests="2" assertions="2" errors="0" warnings="0" failures="0" skipped="0" time="0.051701">
<testcase name="test_it_authorize_rules" class="Tests\Unit\Http\Requests\Courses\SetTrendingOrderRequestTest" classname="Tests.Unit.Http.Requests.Courses.SetTrendingOrderRequestTest" file="/build/framgia/viblo-learning-api/tests/Unit/Http/Requests/Courses/SetTrendingOrderRequestTest.php" line="12" assertions="1" time="0.025679"/>
<testcase name="test_it_contain_valid_rules" class="Tests\Unit\Http\Requests\Courses\SetTrendingOrderRequestTest" classname="Tests.Unit.Http.Requests.Courses.SetTrendingOrderRequestTest" file="/build/framgia/viblo-learning-api/tests/Unit/Http/Requests/Courses/SetTrendingOrderRequestTest.php" line="18" assertions="1" time="0.026022"/>
</testsuite>
<testsuite name="Tests\Unit\Http\Requests\Exams\CreateExamTest" file="/build/framgia/viblo-learning-api/tests/Unit/Http/Requests/Exams/CreateExamTest.php" tests="2" assertions="2" errors="0" warnings="0" failures="0" skipped="0" time="0.051261">
<testcase name="test_it_authorize_rules" class="Tests\Unit\Http\Requests\Exams\CreateExamTest" classname="Tests.Unit.Http.Requests.Exams.CreateExamTest" file="/build/framgia/viblo-learning-api/tests/Unit/Http/Requests/Exams/CreateExamTest.php" line="11" assertions="1" time="0.025435"/>
<testcase name="test_it_contain_valid_rules" class="Tests\Unit\Http\Requests\Exams\CreateExamTest" classname="Tests.Unit.Http.Requests.Exams.CreateExamTest" file="/build/framgia/viblo-learning-api/tests/Unit/Http/Requests/Exams/CreateExamTest.php" line="17" assertions="1" time="0.025826"/>
</testsuite>
<testsuite name="Tests\Unit\Http\Requests\Exams\UpdateExamTest" file="/build/framgia/viblo-learning-api/tests/Unit/Http/Requests/Exams/UpdateExamTest.php" tests="5" assertions="8" errors="0" warnings="0" failures="0" skipped="0" time="0.214073">
<testcase name="test_it_authorize_rules" class="Tests\Unit\Http\Requests\Exams\UpdateExamTest" classname="Tests.Unit.Http.Requests.Exams.UpdateExamTest" file="/build/framgia/viblo-learning-api/tests/Unit/Http/Requests/Exams/UpdateExamTest.php" line="18" assertions="1" time="0.025456"/>
<testcase name="test_it_contain_valid_rules" class="Tests\Unit\Http\Requests\Exams\UpdateExamTest" classname="Tests.Unit.Http.Requests.Exams.UpdateExamTest" file="/build/framgia/viblo-learning-api/tests/Unit/Http/Requests/Exams/UpdateExamTest.php" line="24" assertions="1" time="0.025520"/>
<testcase name="test_it_contain_get_input_data_mode_picked" class="Tests\Unit\Http\Requests\Exams\UpdateExamTest" classname="Tests.Unit.Http.Requests.Exams.UpdateExamTest" file="/build/framgia/viblo-learning-api/tests/Unit/Http/Requests/Exams/UpdateExamTest.php" line="51" assertions="2" time="0.081149"/>
<testcase name="test_it_contain_get_input_data_mode_weight" class="Tests\Unit\Http\Requests\Exams\UpdateExamTest" classname="Tests.Unit.Http.Requests.Exams.UpdateExamTest" file="/build/framgia/viblo-learning-api/tests/Unit/Http/Requests/Exams/UpdateExamTest.php" line="61" assertions="2" time="0.039024"/>
<testcase name="test_it_contain_get_input_data_null_mode" class="Tests\Unit\Http\Requests\Exams\UpdateExamTest" classname="Tests.Unit.Http.Requests.Exams.UpdateExamTest" file="/build/framgia/viblo-learning-api/tests/Unit/Http/Requests/Exams/UpdateExamTest.php" line="71" assertions="2" time="0.042924"/>
</testsuite>
<testsuite name="Tests\Unit\Http\Requests\Objectives\StoreObjectivesTest" file="/build/framgia/viblo-learning-api/tests/Unit/Http/Requests/Objectives/StoreObjectivesTest.php" tests="2" assertions="2" errors="0" warnings="0" failures="0" skipped="0" time="0.052783">
<testcase name="test_it_authorize_rules" class="Tests\Unit\Http\Requests\Objectives\StoreObjectivesTest" classname="Tests.Unit.Http.Requests.Objectives.StoreObjectivesTest" file="/build/framgia/viblo-learning-api/tests/Unit/Http/Requests/Objectives/StoreObjectivesTest.php" line="11" assertions="1" time="0.025339"/>
<testcase name="test_it_contain_valid_rules" class="Tests\Unit\Http\Requests\Objectives\StoreObjectivesTest" classname="Tests.Unit.Http.Requests.Objectives.StoreObjectivesTest" file="/build/framgia/viblo-learning-api/tests/Unit/Http/Requests/Objectives/StoreObjectivesTest.php" line="17" assertions="1" time="0.027444"/>
</testsuite>
<testsuite name="Tests\Unit\Http\Requests\Questions\Admin\RemoveQuestionTest" file="/build/framgia/viblo-learning-api/tests/Unit/Http/Requests/Questions/Admin/RemoveQuestionTest.php" tests="2" assertions="2" errors="0" warnings="0" failures="0" skipped="0" time="0.052814">
<testcase name="test_it_authorize_rules" class="Tests\Unit\Http\Requests\Questions\Admin\RemoveQuestionTest" classname="Tests.Unit.Http.Requests.Questions.Admin.RemoveQuestionTest" file="/build/framgia/viblo-learning-api/tests/Unit/Http/Requests/Questions/Admin/RemoveQuestionTest.php" line="13" assertions="1" time="0.025657"/>
<testcase name="test_it_contain_rule_remove_question" class="Tests\Unit\Http\Requests\Questions\Admin\RemoveQuestionTest" classname="Tests.Unit.Http.Requests.Questions.Admin.RemoveQuestionTest" file="/build/framgia/viblo-learning-api/tests/Unit/Http/Requests/Questions/Admin/RemoveQuestionTest.php" line="19" assertions="1" time="0.027157"/>
</testsuite>
<testsuite name="Tests\Unit\Http\Requests\Questions\Admin\ShowQuestionTest" file="/build/framgia/viblo-learning-api/tests/Unit/Http/Requests/Questions/Admin/ShowQuestionTest.php" tests="2" assertions="2" errors="0" warnings="0" failures="0" skipped="0" time="0.092976">
<testcase name="test_it_authorize_rules" class="Tests\Unit\Http\Requests\Questions\Admin\ShowQuestionTest" classname="Tests.Unit.Http.Requests.Questions.Admin.ShowQuestionTest" file="/build/framgia/viblo-learning-api/tests/Unit/Http/Requests/Questions/Admin/ShowQuestionTest.php" line="14" assertions="1" time="0.066376"/>
<testcase name="test_it_contain_default_rules" class="Tests\Unit\Http\Requests\Questions\Admin\ShowQuestionTest" classname="Tests.Unit.Http.Requests.Questions.Admin.ShowQuestionTest" file="/build/framgia/viblo-learning-api/tests/Unit/Http/Requests/Questions/Admin/ShowQuestionTest.php" line="20" assertions="1" time="0.026600"/>
</testsuite>
<testsuite name="Tests\Unit\Http\Requests\Questions\Admin\UpdateContributeQuestionTest" file="/build/framgia/viblo-learning-api/tests/Unit/Http/Requests/Questions/Admin/UpdateContributeQuestionTest.php" tests="5" assertions="5" errors="0" warnings="0" failures="0" skipped="0" time="0.151478">
<testcase name="test_it_authorize_rules" class="Tests\Unit\Http\Requests\Questions\Admin\UpdateContributeQuestionTest" classname="Tests.Unit.Http.Requests.Questions.Admin.UpdateContributeQuestionTest" file="/build/framgia/viblo-learning-api/tests/Unit/Http/Requests/Questions/Admin/UpdateContributeQuestionTest.php" line="15" assertions="1" time="0.026573"/>
<testcase name="test_it_contain_default_rules" class="Tests\Unit\Http\Requests\Questions\Admin\UpdateContributeQuestionTest" classname="Tests.Unit.Http.Requests.Questions.Admin.UpdateContributeQuestionTest" file="/build/framgia/viblo-learning-api/tests/Unit/Http/Requests/Questions/Admin/UpdateContributeQuestionTest.php" line="21" assertions="1" time="0.032510"/>
<testcase name="test_it_contain_rule_for_multi_choice_question" class="Tests\Unit\Http\Requests\Questions\Admin\UpdateContributeQuestionTest" classname="Tests.Unit.Http.Requests.Questions.Admin.UpdateContributeQuestionTest" file="/build/framgia/viblo-learning-api/tests/Unit/Http/Requests/Questions/Admin/UpdateContributeQuestionTest.php" line="42" assertions="1" time="0.033724"/>
<testcase name="test_it_contain_rule_for_single_choice_question" class="Tests\Unit\Http\Requests\Questions\Admin\UpdateContributeQuestionTest" classname="Tests.Unit.Http.Requests.Questions.Admin.UpdateContributeQuestionTest" file="/build/framgia/viblo-learning-api/tests/Unit/Http/Requests/Questions/Admin/UpdateContributeQuestionTest.php" line="72" assertions="1" time="0.027767"/>
<testcase name="test_it_contain_rules_for_fill_the_blank" class="Tests\Unit\Http\Requests\Questions\Admin\UpdateContributeQuestionTest" classname="Tests.Unit.Http.Requests.Questions.Admin.UpdateContributeQuestionTest" file="/build/framgia/viblo-learning-api/tests/Unit/Http/Requests/Questions/Admin/UpdateContributeQuestionTest.php" line="102" assertions="1" time="0.030904"/>
</testsuite>
<testsuite name="Tests\Unit\Http\Requests\Questions\Admin\UpdateMultipleRequestTest" file="/build/framgia/viblo-learning-api/tests/Unit/Http/Requests/Questions/Admin/UpdateMultipleRequestTest.php" tests="2" assertions="2" errors="0" warnings="0" failures="0" skipped="0" time="0.060273">
<testcase name="test_it_authorize_rules" class="Tests\Unit\Http\Requests\Questions\Admin\UpdateMultipleRequestTest" classname="Tests.Unit.Http.Requests.Questions.Admin.UpdateMultipleRequestTest" file="/build/framgia/viblo-learning-api/tests/Unit/Http/Requests/Questions/Admin/UpdateMultipleRequestTest.php" line="14" assertions="1" time="0.027346"/>
<testcase name="test_it_contain_rule_for_update_multiple_questions" class="Tests\Unit\Http\Requests\Questions\Admin\UpdateMultipleRequestTest" classname="Tests.Unit.Http.Requests.Questions.Admin.UpdateMultipleRequestTest" file="/build/framgia/viblo-learning-api/tests/Unit/Http/Requests/Questions/Admin/UpdateMultipleRequestTest.php" line="20" assertions="1" time="0.032927"/>
</testsuite>
<testsuite name="Tests\Unit\Http\Requests\Questions\Admin\UpdateObjectiveRequestTest" file="/build/framgia/viblo-learning-api/tests/Unit/Http/Requests/Questions/Admin/UpdateObjectiveRequestTest.php" tests="2" assertions="2" errors="0" warnings="0" failures="0" skipped="0" time="0.057666">
<testcase name="test_it_authorize_rules" class="Tests\Unit\Http\Requests\Questions\Admin\UpdateObjectiveRequestTest" classname="Tests.Unit.Http.Requests.Questions.Admin.UpdateObjectiveRequestTest" file="/build/framgia/viblo-learning-api/tests/Unit/Http/Requests/Questions/Admin/UpdateObjectiveRequestTest.php" line="14" assertions="1" time="0.029081"/>
<testcase name="test_it_contain_rule_for_update_objective_multiple_questions" class="Tests\Unit\Http\Requests\Questions\Admin\UpdateObjectiveRequestTest" classname="Tests.Unit.Http.Requests.Questions.Admin.UpdateObjectiveRequestTest" file="/build/framgia/viblo-learning-api/tests/Unit/Http/Requests/Questions/Admin/UpdateObjectiveRequestTest.php" line="20" assertions="1" time="0.028585"/>
</testsuite>
<testsuite name="Tests\Unit\Http\Requests\Questions\ImportQuestionRequestTest" file="/build/framgia/viblo-learning-api/tests/Unit/Http/Requests/Questions/ImportQuestionRequestTest.php" tests="2" assertions="2" errors="0" warnings="0" failures="0" skipped="0" time="0.056628">
<testcase name="test_it_authorize_rules" class="Tests\Unit\Http\Requests\Questions\ImportQuestionRequestTest" classname="Tests.Unit.Http.Requests.Questions.ImportQuestionRequestTest" file="/build/framgia/viblo-learning-api/tests/Unit/Http/Requests/Questions/ImportQuestionRequestTest.php" line="12" assertions="1" time="0.027984"/>
<testcase name="test_it_contain_default_rules" class="Tests\Unit\Http\Requests\Questions\ImportQuestionRequestTest" classname="Tests.Unit.Http.Requests.Questions.ImportQuestionRequestTest" file="/build/framgia/viblo-learning-api/tests/Unit/Http/Requests/Questions/ImportQuestionRequestTest.php" line="18" assertions="1" time="0.028644"/>
</testsuite>
<testsuite name="Tests\Unit\Http\Requests\Questions\ImportQuestionTest" file="/build/framgia/viblo-learning-api/tests/Unit/Http/Requests/Questions/ImportQuestionTest.php" tests="2" assertions="2" errors="0" warnings="0" failures="0" skipped="0" time="0.056152">
<testcase name="test_it_authorize_rules" class="Tests\Unit\Http\Requests\Questions\ImportQuestionTest" classname="Tests.Unit.Http.Requests.Questions.ImportQuestionTest" file="/build/framgia/viblo-learning-api/tests/Unit/Http/Requests/Questions/ImportQuestionTest.php" line="19" assertions="1" time="0.027684"/>
<testcase name="test_it_contain_default_rules" class="Tests\Unit\Http\Requests\Questions\ImportQuestionTest" classname="Tests.Unit.Http.Requests.Questions.ImportQuestionTest" file="/build/framgia/viblo-learning-api/tests/Unit/Http/Requests/Questions/ImportQuestionTest.php" line="25" assertions="1" time="0.028468"/>
</testsuite>
<testsuite name="Tests\Unit\Http\Requests\Questions\MarkQuestionAsReviewRequestTest" file="/build/framgia/viblo-learning-api/tests/Unit/Http/Requests/Questions/MarkQuestionAsReviewRequestTest.php" tests="1" assertions="1" errors="0" warnings="0" failures="0" skipped="0" time="0.027083">
<testcase name="test_it_authorize_rules" class="Tests\Unit\Http\Requests\Questions\MarkQuestionAsReviewRequestTest" classname="Tests.Unit.Http.Requests.Questions.MarkQuestionAsReviewRequestTest" file="/build/framgia/viblo-learning-api/tests/Unit/Http/Requests/Questions/MarkQuestionAsReviewRequestTest.php" line="11" assertions="1" time="0.027083"/>
</testsuite>
<testsuite name="Tests\Unit\Http\Requests\Questions\ReportRequestTest" file="/build/framgia/viblo-learning-api/tests/Unit/Http/Requests/Questions/ReportRequestTest.php" tests="2" assertions="2" errors="0" warnings="0" failures="0" skipped="0" time="0.081498">
<testcase name="test_it_authorize_rules" class="Tests\Unit\Http\Requests\Questions\ReportRequestTest" classname="Tests.Unit.Http.Requests.Questions.ReportRequestTest" file="/build/framgia/viblo-learning-api/tests/Unit/Http/Requests/Questions/ReportRequestTest.php" line="11" assertions="1" time="0.053831"/>
<testcase name="test_it_contain_default_rules" class="Tests\Unit\Http\Requests\Questions\ReportRequestTest" classname="Tests.Unit.Http.Requests.Questions.ReportRequestTest" file="/build/framgia/viblo-learning-api/tests/Unit/Http/Requests/Questions/ReportRequestTest.php" line="17" assertions="1" time="0.027667"/>
</testsuite>
<testsuite name="Tests\Unit\Http\Requests\Questions\ReviewQuestionTest" file="/build/framgia/viblo-learning-api/tests/Unit/Http/Requests/Questions/ReviewQuestionTest.php" tests="5" assertions="5" errors="0" warnings="0" failures="0" skipped="0" time="0.140727">
<testcase name="test_it_authorize_rules" class="Tests\Unit\Http\Requests\Questions\ReviewQuestionTest" classname="Tests.Unit.Http.Requests.Questions.ReviewQuestionTest" file="/build/framgia/viblo-learning-api/tests/Unit/Http/Requests/Questions/ReviewQuestionTest.php" line="15" assertions="1" time="0.028652"/>
<testcase name="test_it_contain_default_rules" class="Tests\Unit\Http\Requests\Questions\ReviewQuestionTest" classname="Tests.Unit.Http.Requests.Questions.ReviewQuestionTest" file="/build/framgia/viblo-learning-api/tests/Unit/Http/Requests/Questions/ReviewQuestionTest.php" line="21" assertions="1" time="0.028185"/>
<testcase name="test_it_contain_rule_for_multi_choice_question" class="Tests\Unit\Http\Requests\Questions\ReviewQuestionTest" classname="Tests.Unit.Http.Requests.Questions.ReviewQuestionTest" file="/build/framgia/viblo-learning-api/tests/Unit/Http/Requests/Questions/ReviewQuestionTest.php" line="51" assertions="1" time="0.028020"/>
<testcase name="test_it_contain_rule_for_single_choice_question" class="Tests\Unit\Http\Requests\Questions\ReviewQuestionTest" classname="Tests.Unit.Http.Requests.Questions.ReviewQuestionTest" file="/build/framgia/viblo-learning-api/tests/Unit/Http/Requests/Questions/ReviewQuestionTest.php" line="89" assertions="1" time="0.027653"/>
<testcase name="test_it_contain_rules_for_fill_the_blank" class="Tests\Unit\Http\Requests\Questions\ReviewQuestionTest" classname="Tests.Unit.Http.Requests.Questions.ReviewQuestionTest" file="/build/framgia/viblo-learning-api/tests/Unit/Http/Requests/Questions/ReviewQuestionTest.php" line="127" assertions="1" time="0.028217"/>
</testsuite>
<testsuite name="Tests\Unit\Http\Requests\Questions\StoreContributeQuestionTest" file="/build/framgia/viblo-learning-api/tests/Unit/Http/Requests/Questions/StoreContributeQuestionTest.php" tests="5" assertions="10" errors="0" warnings="0" failures="0" skipped="0" time="0.221076">
<testcase name="test_it_authorize_rules" class="Tests\Unit\Http\Requests\Questions\StoreContributeQuestionTest" classname="Tests.Unit.Http.Requests.Questions.StoreContributeQuestionTest" file="/build/framgia/viblo-learning-api/tests/Unit/Http/Requests/Questions/StoreContributeQuestionTest.php" line="16" assertions="2" time="0.078552"/>
<testcase name="test_it_contain_default_rules" class="Tests\Unit\Http\Requests\Questions\StoreContributeQuestionTest" classname="Tests.Unit.Http.Requests.Questions.StoreContributeQuestionTest" file="/build/framgia/viblo-learning-api/tests/Unit/Http/Requests/Questions/StoreContributeQuestionTest.php" line="27" assertions="2" time="0.035025"/>
<testcase name="test_it_contain_rule_for_multi_choice_question" class="Tests\Unit\Http\Requests\Questions\StoreContributeQuestionTest" classname="Tests.Unit.Http.Requests.Questions.StoreContributeQuestionTest" file="/build/framgia/viblo-learning-api/tests/Unit/Http/Requests/Questions/StoreContributeQuestionTest.php" line="50" assertions="2" time="0.035661"/>
<testcase name="test_it_contain_rule_for_single_choice_question" class="Tests\Unit\Http\Requests\Questions\StoreContributeQuestionTest" classname="Tests.Unit.Http.Requests.Questions.StoreContributeQuestionTest" file="/build/framgia/viblo-learning-api/tests/Unit/Http/Requests/Questions/StoreContributeQuestionTest.php" line="81" assertions="2" time="0.034697"/>
<testcase name="test_it_contain_rules_for_fill_the_blank" class="Tests\Unit\Http\Requests\Questions\StoreContributeQuestionTest" classname="Tests.Unit.Http.Requests.Questions.StoreContributeQuestionTest" file="/build/framgia/viblo-learning-api/tests/Unit/Http/Requests/Questions/StoreContributeQuestionTest.php" line="112" assertions="2" time="0.037141"/>
</testsuite>
<testsuite name="Tests\Unit\Http\Requests\Questions\UpdateContributeQuestionTest" file="/build/framgia/viblo-learning-api/tests/Unit/Http/Requests/Questions/UpdateContributeQuestionTest.php" tests="5" assertions="5" errors="0" warnings="0" failures="0" skipped="0" time="0.167590">
<testcase name="test_it_authorize_rules" class="Tests\Unit\Http\Requests\Questions\UpdateContributeQuestionTest" classname="Tests.Unit.Http.Requests.Questions.UpdateContributeQuestionTest" file="/build/framgia/viblo-learning-api/tests/Unit/Http/Requests/Questions/UpdateContributeQuestionTest.php" line="15" assertions="1" time="0.028649"/>
<testcase name="test_it_contain_default_rules" class="Tests\Unit\Http\Requests\Questions\UpdateContributeQuestionTest" classname="Tests.Unit.Http.Requests.Questions.UpdateContributeQuestionTest" file="/build/framgia/viblo-learning-api/tests/Unit/Http/Requests/Questions/UpdateContributeQuestionTest.php" line="21" assertions="1" time="0.028282"/>
<testcase name="test_it_contain_rule_for_multi_choice_question" class="Tests\Unit\Http\Requests\Questions\UpdateContributeQuestionTest" classname="Tests.Unit.Http.Requests.Questions.UpdateContributeQuestionTest" file="/build/framgia/viblo-learning-api/tests/Unit/Http/Requests/Questions/UpdateContributeQuestionTest.php" line="48" assertions="1" time="0.027171"/>
<testcase name="test_it_contain_rule_for_single_choice_question" class="Tests\Unit\Http\Requests\Questions\UpdateContributeQuestionTest" classname="Tests.Unit.Http.Requests.Questions.UpdateContributeQuestionTest" file="/build/framgia/viblo-learning-api/tests/Unit/Http/Requests/Questions/UpdateContributeQuestionTest.php" line="83" assertions="1" time="0.056265"/>
<testcase name="test_it_contain_rules_for_fill_the_blank" class="Tests\Unit\Http\Requests\Questions\UpdateContributeQuestionTest" classname="Tests.Unit.Http.Requests.Questions.UpdateContributeQuestionTest" file="/build/framgia/viblo-learning-api/tests/Unit/Http/Requests/Questions/UpdateContributeQuestionTest.php" line="118" assertions="1" time="0.027223"/>
</testsuite>
<testsuite name="Tests\Unit\Http\Requests\Questions\UpdateObjectiveRequestTest" file="/build/framgia/viblo-learning-api/tests/Unit/Http/Requests/Questions/UpdateObjectiveRequestTest.php" tests="2" assertions="2" errors="0" warnings="0" failures="0" skipped="0" time="0.053793">
<testcase name="test_it_authorize_rules" class="Tests\Unit\Http\Requests\Questions\UpdateObjectiveRequestTest" classname="Tests.Unit.Http.Requests.Questions.UpdateObjectiveRequestTest" file="/build/framgia/viblo-learning-api/tests/Unit/Http/Requests/Questions/UpdateObjectiveRequestTest.php" line="13" assertions="1" time="0.026567"/>
<testcase name="test_it_contain_default_rules" class="Tests\Unit\Http\Requests\Questions\UpdateObjectiveRequestTest" classname="Tests.Unit.Http.Requests.Questions.UpdateObjectiveRequestTest" file="/build/framgia/viblo-learning-api/tests/Unit/Http/Requests/Questions/UpdateObjectiveRequestTest.php" line="19" assertions="1" time="0.027226"/>
</testsuite>
<testsuite name="Tests\Unit\Http\Requests\RecentUpdate\CreateRecentUpdateTest" file="/build/framgia/viblo-learning-api/tests/Unit/Http/Requests/RecentUpdate/CreateRecentUpdateTest.php" tests="2" assertions="2" errors="0" warnings="0" failures="0" skipped="0" time="0.053441">
<testcase name="test_it_authorize_rules" class="Tests\Unit\Http\Requests\RecentUpdate\CreateRecentUpdateTest" classname="Tests.Unit.Http.Requests.RecentUpdate.CreateRecentUpdateTest" file="/build/framgia/viblo-learning-api/tests/Unit/Http/Requests/RecentUpdate/CreateRecentUpdateTest.php" line="14" assertions="1" time="0.026785"/>
<testcase name="test_it_contain_valid_rules" class="Tests\Unit\Http\Requests\RecentUpdate\CreateRecentUpdateTest" classname="Tests.Unit.Http.Requests.RecentUpdate.CreateRecentUpdateTest" file="/build/framgia/viblo-learning-api/tests/Unit/Http/Requests/RecentUpdate/CreateRecentUpdateTest.php" line="20" assertions="1" time="0.026656"/>
</testsuite>
<testsuite name="Tests\Unit\Http\Requests\RecentUpdate\UpdateRecentUpdateTest" file="/build/framgia/viblo-learning-api/tests/Unit/Http/Requests/RecentUpdate/UpdateRecentUpdateTest.php" tests="2" assertions="2" errors="0" warnings="0" failures="0" skipped="0" time="0.052947">
<testcase name="test_it_authorize_rules" class="Tests\Unit\Http\Requests\RecentUpdate\UpdateRecentUpdateTest" classname="Tests.Unit.Http.Requests.RecentUpdate.UpdateRecentUpdateTest" file="/build/framgia/viblo-learning-api/tests/Unit/Http/Requests/RecentUpdate/UpdateRecentUpdateTest.php" line="13" assertions="1" time="0.026168"/>
<testcase name="test_it_contain_valid_rules" class="Tests\Unit\Http\Requests\RecentUpdate\UpdateRecentUpdateTest" classname="Tests.Unit.Http.Requests.RecentUpdate.UpdateRecentUpdateTest" file="/build/framgia/viblo-learning-api/tests/Unit/Http/Requests/RecentUpdate/UpdateRecentUpdateTest.php" line="19" assertions="1" time="0.026779"/>
</testsuite>
<testsuite name="Tests\Unit\Http\Requests\References\StoreReferenceTest" file="/build/framgia/viblo-learning-api/tests/Unit/Http/Requests/References/StoreReferenceTest.php" tests="2" assertions="2" errors="0" warnings="0" failures="0" skipped="0" time="0.052449">
<testcase name="test_it_authorize_rules" class="Tests\Unit\Http\Requests\References\StoreReferenceTest" classname="Tests.Unit.Http.Requests.References.StoreReferenceTest" file="/build/framgia/viblo-learning-api/tests/Unit/Http/Requests/References/StoreReferenceTest.php" line="11" assertions="1" time="0.026984"/>
<testcase name="test_it_contain_valid_rules" class="Tests\Unit\Http\Requests\References\StoreReferenceTest" classname="Tests.Unit.Http.Requests.References.StoreReferenceTest" file="/build/framgia/viblo-learning-api/tests/Unit/Http/Requests/References/StoreReferenceTest.php" line="17" assertions="1" time="0.025465"/>
</testsuite>
<testsuite name="Tests\Unit\Http\Requests\Roadmaps\ChangeOrderTest" file="/build/framgia/viblo-learning-api/tests/Unit/Http/Requests/Roadmaps/ChangeOrderTest.php" tests="2" assertions="3" errors="0" warnings="0" failures="0" skipped="0" time="0.069315">
<testcase name="test_it_authorize_rules" class="Tests\Unit\Http\Requests\Roadmaps\ChangeOrderTest" classname="Tests.Unit.Http.Requests.Roadmaps.ChangeOrderTest" file="/build/framgia/viblo-learning-api/tests/Unit/Http/Requests/Roadmaps/ChangeOrderTest.php" line="13" assertions="1" time="0.026247"/>
<testcase name="test_it_contain_default_rules" class="Tests\Unit\Http\Requests\Roadmaps\ChangeOrderTest" classname="Tests.Unit.Http.Requests.Roadmaps.ChangeOrderTest" file="/build/framgia/viblo-learning-api/tests/Unit/Http/Requests/Roadmaps/ChangeOrderTest.php" line="19" assertions="2" time="0.043068"/>
</testsuite>
<testsuite name="Tests\Unit\Http\Requests\Roadmaps\StoreRoadmapTest" file="/build/framgia/viblo-learning-api/tests/Unit/Http/Requests/Roadmaps/StoreRoadmapTest.php" tests="2" assertions="2" errors="0" warnings="0" failures="0" skipped="0" time="0.066772">
<testcase name="test_it_authorize_rules" class="Tests\Unit\Http\Requests\Roadmaps\StoreRoadmapTest" classname="Tests.Unit.Http.Requests.Roadmaps.StoreRoadmapTest" file="/build/framgia/viblo-learning-api/tests/Unit/Http/Requests/Roadmaps/StoreRoadmapTest.php" line="12" assertions="1" time="0.041208"/>
<testcase name="test_it_contain_default_rules" class="Tests\Unit\Http\Requests\Roadmaps\StoreRoadmapTest" classname="Tests.Unit.Http.Requests.Roadmaps.StoreRoadmapTest" file="/build/framgia/viblo-learning-api/tests/Unit/Http/Requests/Roadmaps/StoreRoadmapTest.php" line="18" assertions="1" time="0.025564"/>
</testsuite>
<testsuite name="Tests\Unit\Http\Requests\Roadmaps\UpdateRoadmapTest" file="/build/framgia/viblo-learning-api/tests/Unit/Http/Requests/Roadmaps/UpdateRoadmapTest.php" tests="2" assertions="2" errors="0" warnings="0" failures="0" skipped="0" time="0.075808">
<testcase name="test_it_authorize_rules" class="Tests\Unit\Http\Requests\Roadmaps\UpdateRoadmapTest" classname="Tests.Unit.Http.Requests.Roadmaps.UpdateRoadmapTest" file="/build/framgia/viblo-learning-api/tests/Unit/Http/Requests/Roadmaps/UpdateRoadmapTest.php" line="12" assertions="1" time="0.049829"/>
<testcase name="test_it_contain_default_rules" class="Tests\Unit\Http\Requests\Roadmaps\UpdateRoadmapTest" classname="Tests.Unit.Http.Requests.Roadmaps.UpdateRoadmapTest" file="/build/framgia/viblo-learning-api/tests/Unit/Http/Requests/Roadmaps/UpdateRoadmapTest.php" line="18" assertions="1" time="0.025979"/>
</testsuite>
<testsuite name="Tests\Unit\Http\Requests\Tag\FilterTagRequestTest" file="/build/framgia/viblo-learning-api/tests/Unit/Http/Requests/Tag/FilterTagRequestTest.php" tests="2" assertions="2" errors="0" warnings="0" failures="0" skipped="0" time="0.051979">
<testcase name="test_it_authorize_rules" class="Tests\Unit\Http\Requests\Tag\FilterTagRequestTest" classname="Tests.Unit.Http.Requests.Tag.FilterTagRequestTest" file="/build/framgia/viblo-learning-api/tests/Unit/Http/Requests/Tag/FilterTagRequestTest.php" line="12" assertions="1" time="0.026052"/>
<testcase name="test_it_contain_valid_rules" class="Tests\Unit\Http\Requests\Tag\FilterTagRequestTest" classname="Tests.Unit.Http.Requests.Tag.FilterTagRequestTest" file="/build/framgia/viblo-learning-api/tests/Unit/Http/Requests/Tag/FilterTagRequestTest.php" line="18" assertions="1" time="0.025927"/>
</testsuite>
<testsuite name="Tests\Unit\Http\Requests\Tag\StoreTagRequestTest" file="/build/framgia/viblo-learning-api/tests/Unit/Http/Requests/Tag/StoreTagRequestTest.php" tests="2" assertions="2" errors="0" warnings="0" failures="0" skipped="0" time="0.051790">
<testcase name="test_it_authorize_rules" class="Tests\Unit\Http\Requests\Tag\StoreTagRequestTest" classname="Tests.Unit.Http.Requests.Tag.StoreTagRequestTest" file="/build/framgia/viblo-learning-api/tests/Unit/Http/Requests/Tag/StoreTagRequestTest.php" line="12" assertions="1" time="0.025709"/>
<testcase name="test_it_contain_valid_rules" class="Tests\Unit\Http\Requests\Tag\StoreTagRequestTest" classname="Tests.Unit.Http.Requests.Tag.StoreTagRequestTest" file="/build/framgia/viblo-learning-api/tests/Unit/Http/Requests/Tag/StoreTagRequestTest.php" line="18" assertions="1" time="0.026081"/>
</testsuite>
<testsuite name="Tests\Unit\Http\Requests\Tests\MakeTestTest" file="/build/framgia/viblo-learning-api/tests/Unit/Http/Requests/Tests/MakeTestTest.php" tests="2" assertions="2" errors="0" warnings="0" failures="0" skipped="0" time="0.051016">
<testcase name="test_it_authorize_rules" class="Tests\Unit\Http\Requests\Tests\MakeTestTest" classname="Tests.Unit.Http.Requests.Tests.MakeTestTest" file="/build/framgia/viblo-learning-api/tests/Unit/Http/Requests/Tests/MakeTestTest.php" line="13" assertions="1" time="0.025714"/>
<testcase name="test_it_contain_default_rules" class="Tests\Unit\Http\Requests\Tests\MakeTestTest" classname="Tests.Unit.Http.Requests.Tests.MakeTestTest" file="/build/framgia/viblo-learning-api/tests/Unit/Http/Requests/Tests/MakeTestTest.php" line="19" assertions="1" time="0.025302"/>
</testsuite>
<testsuite name="Tests\Unit\Http\Requests\Tests\StoreSubmissionTest" file="/build/framgia/viblo-learning-api/tests/Unit/Http/Requests/Tests/StoreSubmissionTest.php" tests="2" assertions="2" errors="0" warnings="0" failures="0" skipped="0" time="0.075997">
<testcase name="test_it_authorize_rules" class="Tests\Unit\Http\Requests\Tests\StoreSubmissionTest" classname="Tests.Unit.Http.Requests.Tests.StoreSubmissionTest" file="/build/framgia/viblo-learning-api/tests/Unit/Http/Requests/Tests/StoreSubmissionTest.php" line="14" assertions="1" time="0.050035"/>
<testcase name="test_it_contain_default_rules" class="Tests\Unit\Http\Requests\Tests\StoreSubmissionTest" classname="Tests.Unit.Http.Requests.Tests.StoreSubmissionTest" file="/build/framgia/viblo-learning-api/tests/Unit/Http/Requests/Tests/StoreSubmissionTest.php" line="20" assertions="1" time="0.025962"/>
</testsuite>
<testsuite name="Tests\Unit\Http\Requests\Upload\UploadMediaTest" file="/build/framgia/viblo-learning-api/tests/Unit/Http/Requests/Upload/UploadMediaTest.php" tests="2" assertions="2" errors="0" warnings="0" failures="0" skipped="0" time="0.063380">
<testcase name="test_it_authorize_rules" class="Tests\Unit\Http\Requests\Upload\UploadMediaTest" classname="Tests.Unit.Http.Requests.Upload.UploadMediaTest" file="/build/framgia/viblo-learning-api/tests/Unit/Http/Requests/Upload/UploadMediaTest.php" line="12" assertions="1" time="0.037284"/>
<testcase name="test_it_contain_default_rules" class="Tests\Unit\Http\Requests\Upload\UploadMediaTest" classname="Tests.Unit.Http.Requests.Upload.UploadMediaTest" file="/build/framgia/viblo-learning-api/tests/Unit/Http/Requests/Upload/UploadMediaTest.php" line="18" assertions="1" time="0.026096"/>
</testsuite>
<testsuite name="Tests\Unit\Http\Requests\Vouchers\StoreVoucherTest" file="/build/framgia/viblo-learning-api/tests/Unit/Http/Requests/Vouchers/StoreVoucherTest.php" tests="2" assertions="2" errors="0" warnings="0" failures="0" skipped="0" time="0.053368">
<testcase name="test_it_authorize_rules" class="Tests\Unit\Http\Requests\Vouchers\StoreVoucherTest" classname="Tests.Unit.Http.Requests.Vouchers.StoreVoucherTest" file="/build/framgia/viblo-learning-api/tests/Unit/Http/Requests/Vouchers/StoreVoucherTest.php" line="11" assertions="1" time="0.027240"/>
<testcase name="test_it_contain_valid_rules" class="Tests\Unit\Http\Requests\Vouchers\StoreVoucherTest" classname="Tests.Unit.Http.Requests.Vouchers.StoreVoucherTest" file="/build/framgia/viblo-learning-api/tests/Unit/Http/Requests/Vouchers/StoreVoucherTest.php" line="17" assertions="1" time="0.026128"/>
</testsuite>
<testsuite name="Tests\Unit\Http\Resources\ActivityLog\ActivityLogTest" file="/build/framgia/viblo-learning-api/tests/Unit/Http/Resources/ActivityLog/ActivityLogTest.php" tests="1" assertions="138" errors="0" warnings="0" failures="0" skipped="0" time="0.080975">
<testcase name="test_it_can_transform" class="Tests\Unit\Http\Resources\ActivityLog\ActivityLogTest" classname="Tests.Unit.Http.Resources.ActivityLog.ActivityLogTest" file="/build/framgia/viblo-learning-api/tests/Unit/Http/Resources/ActivityLog/ActivityLogTest.php" line="40" assertions="138" time="0.080975"/>
</testsuite>
<testsuite name="Tests\Unit\Http\Resources\ActivityLogResourceTest" file="/build/framgia/viblo-learning-api/tests/Unit/Http/Resources/ActivityLogResourceTest.php" tests="1" assertions="108" errors="0" warnings="0" failures="0" skipped="0" time="0.096201">
<testcase name="test_it_can_transform_children" class="Tests\Unit\Http\Resources\ActivityLogResourceTest" classname="Tests.Unit.Http.Resources.ActivityLogResourceTest" file="/build/framgia/viblo-learning-api/tests/Unit/Http/Resources/ActivityLogResourceTest.php" line="37" assertions="108" time="0.096201"/>
</testsuite>
<testsuite name="Tests\Unit\Http\Resources\AnswerResourceTest" file="/build/framgia/viblo-learning-api/tests/Unit/Http/Resources/AnswerResourceTest.php" tests="1" assertions="15" errors="0" warnings="0" failures="0" skipped="0" time="0.038914">
<testcase name="test_it_can_transform" class="Tests\Unit\Http\Resources\AnswerResourceTest" classname="Tests.Unit.Http.Resources.AnswerResourceTest" file="/build/framgia/viblo-learning-api/tests/Unit/Http/Resources/AnswerResourceTest.php" line="21" assertions="15" time="0.038914"/>
</testsuite>
<testsuite name="Tests\Unit\Http\Resources\CertificateResourceTest" file="/build/framgia/viblo-learning-api/tests/Unit/Http/Resources/CertificateResourceTest.php" tests="1" assertions="37" errors="0" warnings="0" failures="0" skipped="0" time="0.037535">
<testcase name="test_it_can_transform" class="Tests\Unit\Http\Resources\CertificateResourceTest" classname="Tests.Unit.Http.Resources.CertificateResourceTest" file="/build/framgia/viblo-learning-api/tests/Unit/Http/Resources/CertificateResourceTest.php" line="26" assertions="37" time="0.037535"/>
</testsuite>
<testsuite name="Tests\Unit\Http\Resources\CertificateUserResourceTest" file="/build/framgia/viblo-learning-api/tests/Unit/Http/Resources/CertificateUserResourceTest.php" tests="1" assertions="13" errors="0" warnings="0" failures="0" skipped="0" time="0.036229">
<testcase name="test_it_can_transform" class="Tests\Unit\Http\Resources\CertificateUserResourceTest" classname="Tests.Unit.Http.Resources.CertificateUserResourceTest" file="/build/framgia/viblo-learning-api/tests/Unit/Http/Resources/CertificateUserResourceTest.php" line="21" assertions="13" time="0.036229"/>
</testsuite>
<testsuite name="Tests\Unit\Http\Resources\CommentQuestionResourceTest" file="/build/framgia/viblo-learning-api/tests/Unit/Http/Resources/CommentQuestionResourceTest.php" tests="1" assertions="13" errors="0" warnings="0" failures="0" skipped="0" time="0.041589">
<testcase name="test_it_can_transform" class="Tests\Unit\Http\Resources\CommentQuestionResourceTest" classname="Tests.Unit.Http.Resources.CommentQuestionResourceTest" file="/build/framgia/viblo-learning-api/tests/Unit/Http/Resources/CommentQuestionResourceTest.php" line="21" assertions="13" time="0.041589"/>
</testsuite>
<testsuite name="Tests\Unit\Http\Resources\CourseResourceTest" file="/build/framgia/viblo-learning-api/tests/Unit/Http/Resources/CourseResourceTest.php" tests="1" assertions="72" errors="0" warnings="0" failures="0" skipped="0" time="0.073455">
<testcase name="test_it_can_transform" class="Tests\Unit\Http\Resources\CourseResourceTest" classname="Tests.Unit.Http.Resources.CourseResourceTest" file="/build/framgia/viblo-learning-api/tests/Unit/Http/Resources/CourseResourceTest.php" line="41" assertions="72" time="0.073455"/>
</testsuite>
<testsuite name="Tests\Unit\Http\Resources\CourseRoadmapResourceTest" file="/build/framgia/viblo-learning-api/tests/Unit/Http/Resources/CourseRoadmapResourceTest.php" tests="1" assertions="7" errors="0" warnings="0" failures="0" skipped="0" time="0.051791">
<testcase name="test_it_can_transform" class="Tests\Unit\Http\Resources\CourseRoadmapResourceTest" classname="Tests.Unit.Http.Resources.CourseRoadmapResourceTest" file="/build/framgia/viblo-learning-api/tests/Unit/Http/Resources/CourseRoadmapResourceTest.php" line="17" assertions="7" time="0.051791"/>
</testsuite>
<testsuite name="Tests\Unit\Http\Resources\CourseUserTest" file="/build/framgia/viblo-learning-api/tests/Unit/Http/Resources/CourseUserTest.php" tests="1" assertions="6" errors="0" warnings="0" failures="0" skipped="0" time="0.025791">
<testcase name="test_it_can_transform" class="Tests\Unit\Http\Resources\CourseUserTest" classname="Tests.Unit.Http.Resources.CourseUserTest" file="/build/framgia/viblo-learning-api/tests/Unit/Http/Resources/CourseUserTest.php" line="17" assertions="6" time="0.025791"/>
</testsuite>
<testsuite name="Tests\Unit\Http\Resources\Exam\AnswerResourceTest" file="/build/framgia/viblo-learning-api/tests/Unit/Http/Resources/Exam/AnswerResourceTest.php" tests="1" assertions="5" errors="0" warnings="0" failures="0" skipped="0" time="0.036110">
<testcase name="test_it_can_transform" class="Tests\Unit\Http\Resources\Exam\AnswerResourceTest" classname="Tests.Unit.Http.Resources.Exam.AnswerResourceTest" file="/build/framgia/viblo-learning-api/tests/Unit/Http/Resources/Exam/AnswerResourceTest.php" line="17" assertions="5" time="0.036110"/>
</testsuite>
<testsuite name="Tests\Unit\Http\Resources\Exam\ChoiceResourceTest" file="/build/framgia/viblo-learning-api/tests/Unit/Http/Resources/Exam/ChoiceResourceTest.php" tests="1" assertions="5" errors="0" warnings="0" failures="0" skipped="0" time="0.035020">
<testcase name="test_it_can_transform" class="Tests\Unit\Http\Resources\Exam\ChoiceResourceTest" classname="Tests.Unit.Http.Resources.Exam.ChoiceResourceTest" file="/build/framgia/viblo-learning-api/tests/Unit/Http/Resources/Exam/ChoiceResourceTest.php" line="17" assertions="5" time="0.035020"/>
</testsuite>
<testsuite name="Tests\Unit\Http\Resources\Exam\ExamResourceTest" file="/build/framgia/viblo-learning-api/tests/Unit/Http/Resources/Exam/ExamResourceTest.php" tests="1" assertions="27" errors="0" warnings="0" failures="0" skipped="0" time="0.040579">
<testcase name="test_it_can_transform" class="Tests\Unit\Http\Resources\Exam\ExamResourceTest" classname="Tests.Unit.Http.Resources.Exam.ExamResourceTest" file="/build/framgia/viblo-learning-api/tests/Unit/Http/Resources/Exam/ExamResourceTest.php" line="19" assertions="27" time="0.040579"/>
</testsuite>
<testsuite name="Tests\Unit\Http\Resources\Exam\Practice\AnswerResourceTest" file="/build/framgia/viblo-learning-api/tests/Unit/Http/Resources/Exam/Practice/AnswerResourceTest.php" tests="1" assertions="5" errors="0" warnings="0" failures="0" skipped="0" time="0.035579">
<testcase name="test_it_can_transform" class="Tests\Unit\Http\Resources\Exam\Practice\AnswerResourceTest" classname="Tests.Unit.Http.Resources.Exam.Practice.AnswerResourceTest" file="/build/framgia/viblo-learning-api/tests/Unit/Http/Resources/Exam/Practice/AnswerResourceTest.php" line="17" assertions="5" time="0.035579"/>
</testsuite>
<testsuite name="Tests\Unit\Http\Resources\Exam\Practice\ChoiceResourceTest" file="/build/framgia/viblo-learning-api/tests/Unit/Http/Resources/Exam/Practice/ChoiceResourceTest.php" tests="1" assertions="7" errors="0" warnings="0" failures="0" skipped="0" time="0.061583">
<testcase name="test_it_can_transform" class="Tests\Unit\Http\Resources\Exam\Practice\ChoiceResourceTest" classname="Tests.Unit.Http.Resources.Exam.Practice.ChoiceResourceTest" file="/build/framgia/viblo-learning-api/tests/Unit/Http/Resources/Exam/Practice/ChoiceResourceTest.php" line="17" assertions="7" time="0.061583"/>
</testsuite>
<testsuite name="Tests\Unit\Http\Resources\Exam\Practice\QuestionResourceTest" file="/build/framgia/viblo-learning-api/tests/Unit/Http/Resources/Exam/Practice/QuestionResourceTest.php" tests="1" assertions="10" errors="0" warnings="0" failures="0" skipped="0" time="0.026579">
<testcase name="test_it_can_transform" class="Tests\Unit\Http\Resources\Exam\Practice\QuestionResourceTest" classname="Tests.Unit.Http.Resources.Exam.Practice.QuestionResourceTest" file="/build/framgia/viblo-learning-api/tests/Unit/Http/Resources/Exam/Practice/QuestionResourceTest.php" line="23" assertions="10" time="0.026579"/>
</testsuite>
<testsuite name="Tests\Unit\Http\Resources\Exam\Practice\TestResourceTest" file="/build/framgia/viblo-learning-api/tests/Unit/Http/Resources/Exam/Practice/TestResourceTest.php" tests="2" assertions="34" errors="0" warnings="0" failures="0" skipped="0" time="0.122150">
<testcase name="test_it_can_transform" class="Tests\Unit\Http\Resources\Exam\Practice\TestResourceTest" classname="Tests.Unit.Http.Resources.Exam.Practice.TestResourceTest" file="/build/framgia/viblo-learning-api/tests/Unit/Http/Resources/Exam/Practice/TestResourceTest.php" line="28" assertions="17" time="0.061535"/>
<testcase name="test_it_can_transform_show_right_answer" class="Tests\Unit\Http\Resources\Exam\Practice\TestResourceTest" classname="Tests.Unit.Http.Resources.Exam.Practice.TestResourceTest" file="/build/framgia/viblo-learning-api/tests/Unit/Http/Resources/Exam/Practice/TestResourceTest.php" line="52" assertions="17" time="0.060615"/>
</testsuite>
<testsuite name="Tests\Unit\Http\Resources\Exam\PracticeResourceTest" file="/build/framgia/viblo-learning-api/tests/Unit/Http/Resources/Exam/PracticeResourceTest.php" tests="1" assertions="11" errors="0" warnings="0" failures="0" skipped="0" time="0.069229">
<testcase name="test_it_can_transform" class="Tests\Unit\Http\Resources\Exam\PracticeResourceTest" classname="Tests.Unit.Http.Resources.Exam.PracticeResourceTest" file="/build/framgia/viblo-learning-api/tests/Unit/Http/Resources/Exam/PracticeResourceTest.php" line="19" assertions="11" time="0.069229"/>
</testsuite>
<testsuite name="Tests\Unit\Http\Resources\Exam\QuestionResourceTest" file="/build/framgia/viblo-learning-api/tests/Unit/Http/Resources/Exam/QuestionResourceTest.php" tests="1" assertions="10" errors="0" warnings="0" failures="0" skipped="0" time="0.025946">
<testcase name="test_it_can_transform" class="Tests\Unit\Http\Resources\Exam\QuestionResourceTest" classname="Tests.Unit.Http.Resources.Exam.QuestionResourceTest" file="/build/framgia/viblo-learning-api/tests/Unit/Http/Resources/Exam/QuestionResourceTest.php" line="23" assertions="10" time="0.025946"/>
</testsuite>
<testsuite name="Tests\Unit\Http\Resources\Exam\TestResourceTest" file="/build/framgia/viblo-learning-api/tests/Unit/Http/Resources/Exam/TestResourceTest.php" tests="1" assertions="19" errors="0" warnings="0" failures="0" skipped="0" time="0.088894">
<testcase name="test_it_can_transform" class="Tests\Unit\Http\Resources\Exam\TestResourceTest" classname="Tests.Unit.Http.Resources.Exam.TestResourceTest" file="/build/framgia/viblo-learning-api/tests/Unit/Http/Resources/Exam/TestResourceTest.php" line="27" assertions="19" time="0.088894"/>
</testsuite>
<testsuite name="Tests\Unit\Http\Resources\ExamResourceTest" file="/build/framgia/viblo-learning-api/tests/Unit/Http/Resources/ExamResourceTest.php" tests="1" assertions="80" errors="0" warnings="0" failures="0" skipped="0" time="0.072975">
<testcase name="test_it_can_transform" class="Tests\Unit\Http\Resources\ExamResourceTest" classname="Tests.Unit.Http.Resources.ExamResourceTest" file="/build/framgia/viblo-learning-api/tests/Unit/Http/Resources/ExamResourceTest.php" line="25" assertions="80" time="0.072975"/>
</testsuite>
<testsuite name="Tests\Unit\Http\Resources\FeedbackResourceTest" file="/build/framgia/viblo-learning-api/tests/Unit/Http/Resources/FeedbackResourceTest.php" tests="1" assertions="19" errors="0" warnings="0" failures="0" skipped="0" time="0.032753">
<testcase name="test_it_can_transform" class="Tests\Unit\Http\Resources\FeedbackResourceTest" classname="Tests.Unit.Http.Resources.FeedbackResourceTest" file="/build/framgia/viblo-learning-api/tests/Unit/Http/Resources/FeedbackResourceTest.php" line="19" assertions="19" time="0.032753"/>
</testsuite>
<testsuite name="Tests\Unit\Http\Resources\ManageContributionResourceTest" file="/build/framgia/viblo-learning-api/tests/Unit/Http/Resources/ManageContributionResourceTest.php" tests="6" assertions="114" errors="0" warnings="0" failures="0" skipped="0" time="0.287668">
<testcase name="test_it_can_transform_manage_contribution_with_versionable" class="Tests\Unit\Http\Resources\ManageContributionResourceTest" classname="Tests.Unit.Http.Resources.ManageContributionResourceTest" file="/build/framgia/viblo-learning-api/tests/Unit/Http/Resources/ManageContributionResourceTest.php" line="28" assertions="19" time="0.046980"/>
<testcase name="test_it_can_transform_manage_contribution_with_course" class="Tests\Unit\Http\Resources\ManageContributionResourceTest" classname="Tests.Unit.Http.Resources.ManageContributionResourceTest" file="/build/framgia/viblo-learning-api/tests/Unit/Http/Resources/ManageContributionResourceTest.php" line="57" assertions="19" time="0.044436"/>
<testcase name="test_it_can_transform_manage_contribution_with_exam" class="Tests\Unit\Http\Resources\ManageContributionResourceTest" classname="Tests.Unit.Http.Resources.ManageContributionResourceTest" file="/build/framgia/viblo-learning-api/tests/Unit/Http/Resources/ManageContributionResourceTest.php" line="85" assertions="19" time="0.046409"/>
<testcase name="test_it_can_transform_manage_contribution_with_objective" class="Tests\Unit\Http\Resources\ManageContributionResourceTest" classname="Tests.Unit.Http.Resources.ManageContributionResourceTest" file="/build/framgia/viblo-learning-api/tests/Unit/Http/Resources/ManageContributionResourceTest.php" line="113" assertions="19" time="0.053908"/>
<testcase name="test_it_can_transform_manage_contribution_with_reference" class="Tests\Unit\Http\Resources\ManageContributionResourceTest" classname="Tests.Unit.Http.Resources.ManageContributionResourceTest" file="/build/framgia/viblo-learning-api/tests/Unit/Http/Resources/ManageContributionResourceTest.php" line="141" assertions="19" time="0.054268"/>
<testcase name="test_it_can_transform_manage_contribution_with_null_model" class="Tests\Unit\Http\Resources\ManageContributionResourceTest" classname="Tests.Unit.Http.Resources.ManageContributionResourceTest" file="/build/framgia/viblo-learning-api/tests/Unit/Http/Resources/ManageContributionResourceTest.php" line="171" assertions="19" time="0.041667"/>
</testsuite>
<testsuite name="Tests\Unit\Http\Resources\NotificationResourseTest" file="/build/framgia/viblo-learning-api/tests/Unit/Http/Resources/NotificationResourseTest.php" tests="1" assertions="11" errors="0" warnings="0" failures="0" skipped="0" time="0.033277">
<testcase name="test_it_can_transform" class="Tests\Unit\Http\Resources\NotificationResourseTest" classname="Tests.Unit.Http.Resources.NotificationResourseTest" file="/build/framgia/viblo-learning-api/tests/Unit/Http/Resources/NotificationResourseTest.php" line="18" assertions="11" time="0.033277"/>
</testsuite>
<testsuite name="Tests\Unit\Http\Resources\ObjectiveResourceTest" file="/build/framgia/viblo-learning-api/tests/Unit/Http/Resources/ObjectiveResourceTest.php" tests="1" assertions="44" errors="0" warnings="0" failures="0" skipped="0" time="0.065743">
<testcase name="test_it_can_transform" class="Tests\Unit\Http\Resources\ObjectiveResourceTest" classname="Tests.Unit.Http.Resources.ObjectiveResourceTest" file="/build/framgia/viblo-learning-api/tests/Unit/Http/Resources/ObjectiveResourceTest.php" line="26" assertions="44" time="0.065743"/>
</testsuite>
<testsuite name="Tests\Unit\Http\Resources\ObjectiveTrackingResourseTest" file="/build/framgia/viblo-learning-api/tests/Unit/Http/Resources/ObjectiveTrackingResourseTest.php" tests="1" assertions="13" errors="0" warnings="0" failures="0" skipped="0" time="0.040530">
<testcase name="test_it_can_transform" class="Tests\Unit\Http\Resources\ObjectiveTrackingResourseTest" classname="Tests.Unit.Http.Resources.ObjectiveTrackingResourseTest" file="/build/framgia/viblo-learning-api/tests/Unit/Http/Resources/ObjectiveTrackingResourseTest.php" line="18" assertions="13" time="0.040530"/>
</testsuite>
<testsuite name="Tests\Unit\Http\Resources\ObjectiveUserResourseTest" file="/build/framgia/viblo-learning-api/tests/Unit/Http/Resources/ObjectiveUserResourseTest.php" tests="1" assertions="9" errors="0" warnings="0" failures="0" skipped="0" time="0.045498">
<testcase name="test_it_can_transform" class="Tests\Unit\Http\Resources\ObjectiveUserResourseTest" classname="Tests.Unit.Http.Resources.ObjectiveUserResourseTest" file="/build/framgia/viblo-learning-api/tests/Unit/Http/Resources/ObjectiveUserResourseTest.php" line="17" assertions="9" time="0.045498"/>
</testsuite>
<testsuite name="Tests\Unit\Http\Resources\OptionResourceTest" file="/build/framgia/viblo-learning-api/tests/Unit/Http/Resources/OptionResourceTest.php" tests="1" assertions="13" errors="0" warnings="0" failures="0" skipped="0" time="0.034663">
<testcase name="test_it_can_transform" class="Tests\Unit\Http\Resources\OptionResourceTest" classname="Tests.Unit.Http.Resources.OptionResourceTest" file="/build/framgia/viblo-learning-api/tests/Unit/Http/Resources/OptionResourceTest.php" line="17" assertions="13" time="0.034663"/>
</testsuite>
<testsuite name="Tests\Unit\Http\Resources\QuestionResourceTest" file="/build/framgia/viblo-learning-api/tests/Unit/Http/Resources/QuestionResourceTest.php" tests="1" assertions="10" errors="0" warnings="0" failures="0" skipped="0" time="0.026980">
<testcase name="test_it_can_transform" class="Tests\Unit\Http\Resources\QuestionResourceTest" classname="Tests.Unit.Http.Resources.QuestionResourceTest" file="/build/framgia/viblo-learning-api/tests/Unit/Http/Resources/QuestionResourceTest.php" line="19" assertions="10" time="0.026980"/>
</testsuite>
<testsuite name="Tests\Unit\Http\Resources\Ranking\RankingContributionResourseTest" file="/build/framgia/viblo-learning-api/tests/Unit/Http/Resources/Ranking/RankingContributionResourseTest.php" tests="4" assertions="60" errors="0" warnings="0" failures="0" skipped="0" time="0.216899">
<testcase name="test_it_can_transform_ranking_contribution_resource" class="Tests\Unit\Http\Resources\Ranking\RankingContributionResourseTest" classname="Tests.Unit.Http.Resources.Ranking.RankingContributionResourseTest" file="/build/framgia/viblo-learning-api/tests/Unit/Http/Resources/Ranking/RankingContributionResourseTest.php" line="22" assertions="15" time="0.029538"/>
<testcase name="test_it_can_transform_ranking_contribution_with_questions" class="Tests\Unit\Http\Resources\Ranking\RankingContributionResourseTest" classname="Tests.Unit.Http.Resources.Ranking.RankingContributionResourseTest" file="/build/framgia/viblo-learning-api/tests/Unit/Http/Resources/Ranking/RankingContributionResourseTest.php" line="40" assertions="15" time="0.050124"/>
<testcase name="test_it_can_transform_ranking_contribution_with_contribution_score" class="Tests\Unit\Http\Resources\Ranking\RankingContributionResourseTest" classname="Tests.Unit.Http.Resources.Ranking.RankingContributionResourseTest" file="/build/framgia/viblo-learning-api/tests/Unit/Http/Resources/Ranking/RankingContributionResourseTest.php" line="63" assertions="15" time="0.052210"/>
<testcase name="test_it_can_transform_ranking_contribution_with_contributed_content" class="Tests\Unit\Http\Resources\Ranking\RankingContributionResourseTest" classname="Tests.Unit.Http.Resources.Ranking.RankingContributionResourseTest" file="/build/framgia/viblo-learning-api/tests/Unit/Http/Resources/Ranking/RankingContributionResourseTest.php" line="86" assertions="15" time="0.085027"/>
</testsuite>
<testsuite name="Tests\Unit\Http\Resources\Ranking\RankingResourseTest" file="/build/framgia/viblo-learning-api/tests/Unit/Http/Resources/Ranking/RankingResourseTest.php" tests="1" assertions="17" errors="0" warnings="0" failures="0" skipped="0" time="0.030757">
<testcase name="test_it_can_transform_ranking_resource" class="Tests\Unit\Http\Resources\Ranking\RankingResourseTest" classname="Tests.Unit.Http.Resources.Ranking.RankingResourseTest" file="/build/framgia/viblo-learning-api/tests/Unit/Http/Resources/Ranking/RankingResourseTest.php" line="22" assertions="17" time="0.030757"/>
</testsuite>
<testsuite name="Tests\Unit\Http\Resources\ReferenceResourceTest" file="/build/framgia/viblo-learning-api/tests/Unit/Http/Resources/ReferenceResourceTest.php" tests="1" assertions="15" errors="0" warnings="0" failures="0" skipped="0" time="0.042151">
<testcase name="test_it_can_transform" class="Tests\Unit\Http\Resources\ReferenceResourceTest" classname="Tests.Unit.Http.Resources.ReferenceResourceTest" file="/build/framgia/viblo-learning-api/tests/Unit/Http/Resources/ReferenceResourceTest.php" line="17" assertions="15" time="0.042151"/>
</testsuite>
<testsuite name="Tests\Unit\Http\Resources\ReportResourceTest" file="/build/framgia/viblo-learning-api/tests/Unit/Http/Resources/ReportResourceTest.php" tests="1" assertions="15" errors="0" warnings="0" failures="0" skipped="0" time="0.042943">
<testcase name="test_it_can_transform" class="Tests\Unit\Http\Resources\ReportResourceTest" classname="Tests.Unit.Http.Resources.ReportResourceTest" file="/build/framgia/viblo-learning-api/tests/Unit/Http/Resources/ReportResourceTest.php" line="21" assertions="15" time="0.042943"/>
</testsuite>
<testsuite name="Tests\Unit\Http\Resources\Roadmap\CourseResourceTest" file="/build/framgia/viblo-learning-api/tests/Unit/Http/Resources/Roadmap/CourseResourceTest.php" tests="1" assertions="37" errors="0" warnings="0" failures="0" skipped="0" time="0.048468">
<testcase name="test_it_can_transform" class="Tests\Unit\Http\Resources\Roadmap\CourseResourceTest" classname="Tests.Unit.Http.Resources.Roadmap.CourseResourceTest" file="/build/framgia/viblo-learning-api/tests/Unit/Http/Resources/Roadmap/CourseResourceTest.php" line="27" assertions="37" time="0.048468"/>
</testsuite>
<testsuite name="Tests\Unit\Http\Resources\Roadmap\ExamResourceTest" file="/build/framgia/viblo-learning-api/tests/Unit/Http/Resources/Roadmap/ExamResourceTest.php" tests="1" assertions="19" errors="0" warnings="0" failures="0" skipped="0" time="0.041345">
<testcase name="test_it_can_transform" class="Tests\Unit\Http\Resources\Roadmap\ExamResourceTest" classname="Tests.Unit.Http.Resources.Roadmap.ExamResourceTest" file="/build/framgia/viblo-learning-api/tests/Unit/Http/Resources/Roadmap/ExamResourceTest.php" line="18" assertions="19" time="0.041345"/>
</testsuite>
<testsuite name="Tests\Unit\Http\Resources\Roadmap\TreeStructureResourceTest" file="/build/framgia/viblo-learning-api/tests/Unit/Http/Resources/Roadmap/TreeStructureResourceTest.php" tests="1" assertions="25" errors="0" warnings="0" failures="0" skipped="0" time="0.053467">
<testcase name="test_it_can_transform" class="Tests\Unit\Http\Resources\Roadmap\TreeStructureResourceTest" classname="Tests.Unit.Http.Resources.Roadmap.TreeStructureResourceTest" file="/build/framgia/viblo-learning-api/tests/Unit/Http/Resources/Roadmap/TreeStructureResourceTest.php" line="22" assertions="25" time="0.053467"/>
</testsuite>
<testsuite name="Tests\Unit\Http\Resources\RoadmapResourceTest" file="/build/framgia/viblo-learning-api/tests/Unit/Http/Resources/RoadmapResourceTest.php" tests="1" assertions="32" errors="0" warnings="0" failures="0" skipped="0" time="0.051494">
<testcase name="test_it_can_transform" class="Tests\Unit\Http\Resources\RoadmapResourceTest" classname="Tests.Unit.Http.Resources.RoadmapResourceTest" file="/build/framgia/viblo-learning-api/tests/Unit/Http/Resources/RoadmapResourceTest.php" line="23" assertions="32" time="0.051494"/>
</testsuite>
<testsuite name="Tests\Unit\Http\Resources\SettingResourceTest" file="/build/framgia/viblo-learning-api/tests/Unit/Http/Resources/SettingResourceTest.php" tests="1" assertions="5" errors="0" warnings="0" failures="0" skipped="0" time="0.033461">
<testcase name="test_it_can_transform_has_value" class="Tests\Unit\Http\Resources\SettingResourceTest" classname="Tests.Unit.Http.Resources.SettingResourceTest" file="/build/framgia/viblo-learning-api/tests/Unit/Http/Resources/SettingResourceTest.php" line="17" assertions="5" time="0.033461"/>
</testsuite>
<testsuite name="Tests\Unit\Http\Resources\SubmissionResourceTest" file="/build/framgia/viblo-learning-api/tests/Unit/Http/Resources/SubmissionResourceTest.php" tests="1" assertions="11" errors="0" warnings="0" failures="0" skipped="0" time="0.054888">
<testcase name="test_it_can_transform" class="Tests\Unit\Http\Resources\SubmissionResourceTest" classname="Tests.Unit.Http.Resources.SubmissionResourceTest" file="/build/framgia/viblo-learning-api/tests/Unit/Http/Resources/SubmissionResourceTest.php" line="17" assertions="11" time="0.054888"/>
</testsuite>
<testsuite name="Tests\Unit\Http\Resources\TagResourceTest" file="/build/framgia/viblo-learning-api/tests/Unit/Http/Resources/TagResourceTest.php" tests="1" assertions="19" errors="0" warnings="0" failures="0" skipped="0" time="0.049895">
<testcase name="test_it_can_transform" class="Tests\Unit\Http\Resources\TagResourceTest" classname="Tests.Unit.Http.Resources.TagResourceTest" file="/build/framgia/viblo-learning-api/tests/Unit/Http/Resources/TagResourceTest.php" line="21" assertions="19" time="0.049895"/>
</testsuite>
<testsuite name="Tests\Unit\Http\Resources\TestResourceTest" file="/build/framgia/viblo-learning-api/tests/Unit/Http/Resources/TestResourceTest.php" tests="1" assertions="29" errors="0" warnings="0" failures="0" skipped="0" time="0.059745">
<testcase name="test_it_can_transform" class="Tests\Unit\Http\Resources\TestResourceTest" classname="Tests.Unit.Http.Resources.TestResourceTest" file="/build/framgia/viblo-learning-api/tests/Unit/Http/Resources/TestResourceTest.php" line="26" assertions="29" time="0.059745"/>
</testsuite>
<testsuite name="Tests\Unit\Http\Resources\UploadResourceTest" file="/build/framgia/viblo-learning-api/tests/Unit/Http/Resources/UploadResourceTest.php" tests="1" assertions="13" errors="0" warnings="0" failures="0" skipped="0" time="0.029079">
<testcase name="test_it_can_transform" class="Tests\Unit\Http\Resources\UploadResourceTest" classname="Tests.Unit.Http.Resources.UploadResourceTest" file="/build/framgia/viblo-learning-api/tests/Unit/Http/Resources/UploadResourceTest.php" line="17" assertions="13" time="0.029079"/>
</testsuite>
<testsuite name="Tests\Unit\Http\Resources\UserResourceTest" file="/build/framgia/viblo-learning-api/tests/Unit/Http/Resources/UserResourceTest.php" tests="1" assertions="37" errors="0" warnings="0" failures="0" skipped="0" time="0.082371">
<testcase name="test_it_can_transform" class="Tests\Unit\Http\Resources\UserResourceTest" classname="Tests.Unit.Http.Resources.UserResourceTest" file="/build/framgia/viblo-learning-api/tests/Unit/Http/Resources/UserResourceTest.php" line="41" assertions="37" time="0.082371"/>
</testsuite>
<testsuite name="Tests\Unit\Jobs\Exams\CheckAllowTestTest" file="/build/framgia/viblo-learning-api/tests/Unit/Jobs/Exams/CheckAllowTestTest.php" tests="2" assertions="18" errors="0" warnings="0" failures="0" skipped="0" time="0.160343">
<testcase name="test_it_can_check_allow_test" class="Tests\Unit\Jobs\Exams\CheckAllowTestTest" classname="Tests.Unit.Jobs.Exams.CheckAllowTestTest" file="/build/framgia/viblo-learning-api/tests/Unit/Jobs/Exams/CheckAllowTestTest.php" line="22" assertions="9" time="0.089151"/>
<testcase name="test_it_can_check_allow_test_with_objective" class="Tests\Unit\Jobs\Exams\CheckAllowTestTest" classname="Tests.Unit.Jobs.Exams.CheckAllowTestTest" file="/build/framgia/viblo-learning-api/tests/Unit/Jobs/Exams/CheckAllowTestTest.php" line="53" assertions="9" time="0.071192"/>
</testsuite>
<testsuite name="Tests\Unit\Jobs\Exams\GenerateQuestionsTest" file="/build/framgia/viblo-learning-api/tests/Unit/Jobs/Exams/GenerateQuestionsTest.php" tests="3" assertions="34" errors="0" warnings="0" failures="0" skipped="0" time="0.150280">
<testcase name="test_it_should_return_when_no_objectives" class="Tests\Unit\Jobs\Exams\GenerateQuestionsTest" classname="Tests.Unit.Jobs.Exams.GenerateQuestionsTest" file="/build/framgia/viblo-learning-api/tests/Unit/Jobs/Exams/GenerateQuestionsTest.php" line="26" assertions="6" time="0.061082"/>
<testcase name="test_it_should_generate_questions" class="Tests\Unit\Jobs\Exams\GenerateQuestionsTest" classname="Tests.Unit.Jobs.Exams.GenerateQuestionsTest" file="/build/framgia/viblo-learning-api/tests/Unit/Jobs/Exams/GenerateQuestionsTest.php" line="44" assertions="14" time="0.050260"/>
<testcase name="test_it_should_store_question_choice_order" class="Tests\Unit\Jobs\Exams\GenerateQuestionsTest" classname="Tests.Unit.Jobs.Exams.GenerateQuestionsTest" file="/build/framgia/viblo-learning-api/tests/Unit/Jobs/Exams/GenerateQuestionsTest.php" line="78" assertions="14" time="0.038938"/>
</testsuite>
<testsuite name="Tests\Unit\Jobs\Exams\StoreQuestionTestTest" file="/build/framgia/viblo-learning-api/tests/Unit/Jobs/Exams/StoreQuestionTestTest.php" tests="1" assertions="3" errors="0" warnings="0" failures="0" skipped="0" time="0.066520">
<testcase name="test_it_can_create_question_test" class="Tests\Unit\Jobs\Exams\StoreQuestionTestTest" classname="Tests.Unit.Jobs.Exams.StoreQuestionTestTest" file="/build/framgia/viblo-learning-api/tests/Unit/Jobs/Exams/StoreQuestionTestTest.php" line="38" assertions="3" time="0.066520"/>
</testsuite>
<testsuite name="Tests\Unit\Jobs\Images\DeleteUploadedFileTest" file="/build/framgia/viblo-learning-api/tests/Unit/Jobs/Images/DeleteUploadedFileTest.php" tests="1" assertions="2" errors="0" warnings="0" failures="0" skipped="0" time="0.060415">
<testcase name="test_it_can_delete_image" class="Tests\Unit\Jobs\Images\DeleteUploadedFileTest" classname="Tests.Unit.Jobs.Images.DeleteUploadedFileTest" file="/build/framgia/viblo-learning-api/tests/Unit/Jobs/Images/DeleteUploadedFileTest.php" line="13" assertions="2" time="0.060415"/>
</testsuite>
<testsuite name="Tests\Unit\Jobs\Images\UploadFileTest" file="/build/framgia/viblo-learning-api/tests/Unit/Jobs/Images/UploadFileTest.php" tests="3" assertions="8" errors="0" warnings="0" failures="0" skipped="0" time="0.102985">
<testcase name="test_it_store_in_storage" class="Tests\Unit\Jobs\Images\UploadFileTest" classname="Tests.Unit.Jobs.Images.UploadFileTest" file="/build/framgia/viblo-learning-api/tests/Unit/Jobs/Images/UploadFileTest.php" line="38" assertions="1" time="0.029306"/>
<testcase name="test_it_store_in_database" class="Tests\Unit\Jobs\Images\UploadFileTest" classname="Tests.Unit.Jobs.Images.UploadFileTest" file="/build/framgia/viblo-learning-api/tests/Unit/Jobs/Images/UploadFileTest.php" line="50" assertions="2" time="0.045469"/>
<testcase name="test_it_handle_upload_image" class="Tests\Unit\Jobs\Images\UploadFileTest" classname="Tests.Unit.Jobs.Images.UploadFileTest" file="/build/framgia/viblo-learning-api/tests/Unit/Jobs/Images/UploadFileTest.php" line="59" assertions="5" time="0.028210"/>
</testsuite>
<testsuite name="Tests\Unit\Jobs\Tests\SendMailCertificateTest" file="/build/framgia/viblo-learning-api/tests/Unit/Jobs/Tests/SendMailCertificateTest.php" tests="1" assertions="3" errors="0" warnings="0" failures="0" skipped="0" time="0.082409">
<testcase name="test_it_can_send_certificate_mail" class="Tests\Unit\Jobs\Tests\SendMailCertificateTest" classname="Tests.Unit.Jobs.Tests.SendMailCertificateTest" file="/build/framgia/viblo-learning-api/tests/Unit/Jobs/Tests/SendMailCertificateTest.php" line="21" assertions="3" time="0.082409"/>
</testsuite>
<testsuite name="Tests\Unit\Jobs\Tests\UpdateUserCertificateTest" file="/build/framgia/viblo-learning-api/tests/Unit/Jobs/Tests/UpdateUserCertificateTest.php" tests="1" assertions="10" errors="0" warnings="0" failures="0" skipped="0" time="0.063597">
<testcase name="test_it_can_update_user_certificate" class="Tests\Unit\Jobs\Tests\UpdateUserCertificateTest" classname="Tests.Unit.Jobs.Tests.UpdateUserCertificateTest" file="/build/framgia/viblo-learning-api/tests/Unit/Jobs/Tests/UpdateUserCertificateTest.php" line="58" assertions="10" time="0.063597"/>
</testsuite>
<testsuite name="Tests\Unit\Listeners\GetCertificate\UpdateBonusPointTest" file="/build/framgia/viblo-learning-api/tests/Unit/Listeners/GetCertificate/UpdateBonusPointTest.php" tests="1" assertions="4" errors="0" warnings="0" failures="0" skipped="0" time="0.055953">
<testcase name="test_it_can_update_point_bonus" class="Tests\Unit\Listeners\GetCertificate\UpdateBonusPointTest" classname="Tests.Unit.Listeners.GetCertificate.UpdateBonusPointTest" file="/build/framgia/viblo-learning-api/tests/Unit/Listeners/GetCertificate/UpdateBonusPointTest.php" line="39" assertions="4" time="0.055953"/>
</testsuite>
<testsuite name="Tests\Unit\Listeners\PassTest\UpdateExamPointTest" file="/build/framgia/viblo-learning-api/tests/Unit/Listeners/PassTest/UpdateExamPointTest.php" tests="1" assertions="0" errors="1" warnings="0" failures="0" skipped="0" time="0.048671">
<testcase name="test_it_can_update_exam_point" class="Tests\Unit\Listeners\PassTest\UpdateExamPointTest" classname="Tests.Unit.Listeners.PassTest.UpdateExamPointTest" file="/build/framgia/viblo-learning-api/tests/Unit/Listeners/PassTest/UpdateExamPointTest.php" line="44" assertions="0" time="0.048671">
<error type="PHPUnit\Framework\RiskyTestError">Risky Test </error>
</testcase>
</testsuite>
<testsuite name="Tests\Unit\Models\ActivityLogTest" file="/build/framgia/viblo-learning-api/tests/Unit/Models/ActivityLogTest.php" tests="8" assertions="26" errors="0" warnings="0" failures="0" skipped="0" time="0.223049">
<testcase name="test_model_configuration" class="Tests\Unit\Models\ActivityLogTest" classname="Tests.Unit.Models.ActivityLogTest" file="/build/framgia/viblo-learning-api/tests/Unit/Models/ActivityLogTest.php" line="37" assertions="7" time="0.040022"/>
<testcase name="test_user_relation" class="Tests\Unit\Models\ActivityLogTest" classname="Tests.Unit.Models.ActivityLogTest" file="/build/framgia/viblo-learning-api/tests/Unit/Models/ActivityLogTest.php" line="48" assertions="3" time="0.026925"/>
<testcase name="test_exam_relation" class="Tests\Unit\Models\ActivityLogTest" classname="Tests.Unit.Models.ActivityLogTest" file="/build/framgia/viblo-learning-api/tests/Unit/Models/ActivityLogTest.php" line="54" assertions="3" time="0.026751"/>
<testcase name="test_course_relation" class="Tests\Unit\Models\ActivityLogTest" classname="Tests.Unit.Models.ActivityLogTest" file="/build/framgia/viblo-learning-api/tests/Unit/Models/ActivityLogTest.php" line="60" assertions="3" time="0.025545"/>
<testcase name="test_certificate_relation" class="Tests\Unit\Models\ActivityLogTest" classname="Tests.Unit.Models.ActivityLogTest" file="/build/framgia/viblo-learning-api/tests/Unit/Models/ActivityLogTest.php" line="66" assertions="3" time="0.025326"/>
<testcase name="test_get_log_name" class="Tests\Unit\Models\ActivityLogTest" classname="Tests.Unit.Models.ActivityLogTest" file="/build/framgia/viblo-learning-api/tests/Unit/Models/ActivityLogTest.php" line="72" assertions="1" time="0.025401"/>
<testcase name="test_contribution_relation" class="Tests\Unit\Models\ActivityLogTest" classname="Tests.Unit.Models.ActivityLogTest" file="/build/framgia/viblo-learning-api/tests/Unit/Models/ActivityLogTest.php" line="78" assertions="3" time="0.025805"/>
<testcase name="test_objective_relation" class="Tests\Unit\Models\ActivityLogTest" classname="Tests.Unit.Models.ActivityLogTest" file="/build/framgia/viblo-learning-api/tests/Unit/Models/ActivityLogTest.php" line="84" assertions="3" time="0.027274"/>
</testsuite>
<testsuite name="Tests\Unit\Models\AnswerTest" file="/build/framgia/viblo-learning-api/tests/Unit/Models/AnswerTest.php" tests="3" assertions="15" errors="0" warnings="0" failures="0" skipped="0" time="0.108697">
<testcase name="test_model_configuration" class="Tests\Unit\Models\AnswerTest" classname="Tests.Unit.Models.AnswerTest" file="/build/framgia/viblo-learning-api/tests/Unit/Models/AnswerTest.php" line="28" assertions="7" time="0.057313"/>
<testcase name="test_question_relation" class="Tests\Unit\Models\AnswerTest" classname="Tests.Unit.Models.AnswerTest" file="/build/framgia/viblo-learning-api/tests/Unit/Models/AnswerTest.php" line="36" assertions="4" time="0.025722"/>
<testcase name="test_user_relation" class="Tests\Unit\Models\AnswerTest" classname="Tests.Unit.Models.AnswerTest" file="/build/framgia/viblo-learning-api/tests/Unit/Models/AnswerTest.php" line="42" assertions="4" time="0.025662"/>
</testsuite>
<testsuite name="Tests\Unit\Models\CategoryTest" file="/build/framgia/viblo-learning-api/tests/Unit/Models/CategoryTest.php" tests="3" assertions="14" errors="0" warnings="0" failures="0" skipped="0" time="0.080862">
<testcase name="test_model_configuration" class="Tests\Unit\Models\CategoryTest" classname="Tests.Unit.Models.CategoryTest" file="/build/framgia/viblo-learning-api/tests/Unit/Models/CategoryTest.php" line="29" assertions="7" time="0.026774"/>
<testcase name="test_courses_relation" class="Tests\Unit\Models\CategoryTest" classname="Tests.Unit.Models.CategoryTest" file="/build/framgia/viblo-learning-api/tests/Unit/Models/CategoryTest.php" line="37" assertions="3" time="0.028389"/>
<testcase name="test_category_image_relation" class="Tests\Unit\Models\CategoryTest" classname="Tests.Unit.Models.CategoryTest" file="/build/framgia/viblo-learning-api/tests/Unit/Models/CategoryTest.php" line="43" assertions="4" time="0.025699"/>
</testsuite>
<testsuite name="Tests\Unit\Models\CertificateTest" file="/build/framgia/viblo-learning-api/tests/Unit/Models/CertificateTest.php" tests="5" assertions="22" errors="0" warnings="0" failures="0" skipped="0" time="0.131212">
<testcase name="test_model_configuration" class="Tests\Unit\Models\CertificateTest" classname="Tests.Unit.Models.CertificateTest" file="/build/framgia/viblo-learning-api/tests/Unit/Models/CertificateTest.php" line="33" assertions="7" time="0.026237"/>
<testcase name="test_users_relation" class="Tests\Unit\Models\CertificateTest" classname="Tests.Unit.Models.CertificateTest" file="/build/framgia/viblo-learning-api/tests/Unit/Models/CertificateTest.php" line="41" assertions="4" time="0.026046"/>
<testcase name="test_course_relation" class="Tests\Unit\Models\CertificateTest" classname="Tests.Unit.Models.CertificateTest" file="/build/framgia/viblo-learning-api/tests/Unit/Models/CertificateTest.php" line="47" assertions="3" time="0.025912"/>
<testcase name="test_thumbnailImage_relation" class="Tests\Unit\Models\CertificateTest" classname="Tests.Unit.Models.CertificateTest" file="/build/framgia/viblo-learning-api/tests/Unit/Models/CertificateTest.php" line="53" assertions="4" time="0.026315"/>
<testcase name="test_medalImage_relation" class="Tests\Unit\Models\CertificateTest" classname="Tests.Unit.Models.CertificateTest" file="/build/framgia/viblo-learning-api/tests/Unit/Models/CertificateTest.php" line="59" assertions="4" time="0.026702"/>
</testsuite>
<testsuite name="Tests\Unit\Models\CertificateUserTest" file="/build/framgia/viblo-learning-api/tests/Unit/Models/CertificateUserTest.php" tests="3" assertions="15" errors="0" warnings="0" failures="0" skipped="0" time="0.078685">
<testcase name="test_model_configuration" class="Tests\Unit\Models\CertificateUserTest" classname="Tests.Unit.Models.CertificateUserTest" file="/build/framgia/viblo-learning-api/tests/Unit/Models/CertificateUserTest.php" line="29" assertions="7" time="0.025617"/>
<testcase name="test_user_relation" class="Tests\Unit\Models\CertificateUserTest" classname="Tests.Unit.Models.CertificateUserTest" file="/build/framgia/viblo-learning-api/tests/Unit/Models/CertificateUserTest.php" line="37" assertions="4" time="0.026628"/>
<testcase name="test_certificate_relation" class="Tests\Unit\Models\CertificateUserTest" classname="Tests.Unit.Models.CertificateUserTest" file="/build/framgia/viblo-learning-api/tests/Unit/Models/CertificateUserTest.php" line="43" assertions="4" time="0.026440"/>
</testsuite>
<testsuite name="Tests\Unit\Models\ChoiceTest" file="/build/framgia/viblo-learning-api/tests/Unit/Models/ChoiceTest.php" tests="2" assertions="11" errors="0" warnings="0" failures="0" skipped="0" time="0.052860">
<testcase name="test_model_configuration" class="Tests\Unit\Models\ChoiceTest" classname="Tests.Unit.Models.ChoiceTest" file="/build/framgia/viblo-learning-api/tests/Unit/Models/ChoiceTest.php" line="27" assertions="7" time="0.027375"/>
<testcase name="test_question_relation" class="Tests\Unit\Models\ChoiceTest" classname="Tests.Unit.Models.ChoiceTest" file="/build/framgia/viblo-learning-api/tests/Unit/Models/ChoiceTest.php" line="35" assertions="4" time="0.025485"/>
</testsuite>
<testsuite name="Tests\Unit\Models\CommentQuestionTest" file="/build/framgia/viblo-learning-api/tests/Unit/Models/CommentQuestionTest.php" tests="3" assertions="15" errors="0" warnings="0" failures="0" skipped="0" time="0.079661">
<testcase name="test_model_configuration" class="Tests\Unit\Models\CommentQuestionTest" classname="Tests.Unit.Models.CommentQuestionTest" file="/build/framgia/viblo-learning-api/tests/Unit/Models/CommentQuestionTest.php" line="28" assertions="7" time="0.025771"/>
<testcase name="test_user_relation" class="Tests\Unit\Models\CommentQuestionTest" classname="Tests.Unit.Models.CommentQuestionTest" file="/build/framgia/viblo-learning-api/tests/Unit/Models/CommentQuestionTest.php" line="36" assertions="4" time="0.026632"/>
<testcase name="test_question_relation" class="Tests\Unit\Models\CommentQuestionTest" classname="Tests.Unit.Models.CommentQuestionTest" file="/build/framgia/viblo-learning-api/tests/Unit/Models/CommentQuestionTest.php" line="42" assertions="4" time="0.027258"/>
</testsuite>
<testsuite name="Tests\Unit\Models\ContributionTest" file="/build/framgia/viblo-learning-api/tests/Unit/Models/ContributionTest.php" tests="4" assertions="15" errors="0" warnings="0" failures="0" skipped="0" time="0.144841">
<testcase name="test_model_configuration" class="Tests\Unit\Models\ContributionTest" classname="Tests.Unit.Models.ContributionTest" file="/build/framgia/viblo-learning-api/tests/Unit/Models/ContributionTest.php" line="36" assertions="7" time="0.042465"/>
<testcase name="test_user_relation" class="Tests\Unit\Models\ContributionTest" classname="Tests.Unit.Models.ContributionTest" file="/build/framgia/viblo-learning-api/tests/Unit/Models/ContributionTest.php" line="44" assertions="4" time="0.039854"/>
<testcase name="test_it_morph_to_contributable" class="Tests\Unit\Models\ContributionTest" classname="Tests.Unit.Models.ContributionTest" file="/build/framgia/viblo-learning-api/tests/Unit/Models/ContributionTest.php" line="50" assertions="1" time="0.030636"/>
<testcase name="test_version_relation" class="Tests\Unit\Models\ContributionTest" classname="Tests.Unit.Models.ContributionTest" file="/build/framgia/viblo-learning-api/tests/Unit/Models/ContributionTest.php" line="55" assertions="3" time="0.031886"/>
</testsuite>
<testsuite name="Tests\Unit\Models\CourseRoadmapTest" file="/build/framgia/viblo-learning-api/tests/Unit/Models/CourseRoadmapTest.php" tests="1" assertions="7" errors="0" warnings="0" failures="0" skipped="0" time="0.066757">
<testcase name="test_model_configuration" class="Tests\Unit\Models\CourseRoadmapTest" classname="Tests.Unit.Models.CourseRoadmapTest" file="/build/framgia/viblo-learning-api/tests/Unit/Models/CourseRoadmapTest.php" line="24" assertions="7" time="0.066757"/>
</testsuite>
<testsuite name="Tests\Unit\Models\CourseTest" file="/build/framgia/viblo-learning-api/tests/Unit/Models/CourseTest.php" tests="22" assertions="70" errors="0" warnings="0" failures="0" skipped="0" time="0.686795">
<testcase name="test_model_configuration" class="Tests\Unit\Models\CourseTest" classname="Tests.Unit.Models.CourseTest" file="/build/framgia/viblo-learning-api/tests/Unit/Models/CourseTest.php" line="56" assertions="7" time="0.028338"/>
<testcase name="test_certificate_relation" class="Tests\Unit\Models\CourseTest" classname="Tests.Unit.Models.CourseTest" file="/build/framgia/viblo-learning-api/tests/Unit/Models/CourseTest.php" line="64" assertions="4" time="0.029180"/>
<testcase name="test_exams_relation" class="Tests\Unit\Models\CourseTest" classname="Tests.Unit.Models.CourseTest" file="/build/framgia/viblo-learning-api/tests/Unit/Models/CourseTest.php" line="70" assertions="3" time="0.039625"/>
<testcase name="test_tags_relation" class="Tests\Unit\Models\CourseTest" classname="Tests.Unit.Models.CourseTest" file="/build/framgia/viblo-learning-api/tests/Unit/Models/CourseTest.php" line="76" assertions="4" time="0.026244"/>
<testcase name="test_users_relation" class="Tests\Unit\Models\CourseTest" classname="Tests.Unit.Models.CourseTest" file="/build/framgia/viblo-learning-api/tests/Unit/Models/CourseTest.php" line="82" assertions="4" time="0.028139"/>
<testcase name="test_roadmaps_relation" class="Tests\Unit\Models\CourseTest" classname="Tests.Unit.Models.CourseTest" file="/build/framgia/viblo-learning-api/tests/Unit/Models/CourseTest.php" line="88" assertions="4" time="0.030748"/>
<testcase name="test_thumbnailImage_relation" class="Tests\Unit\Models\CourseTest" classname="Tests.Unit.Models.CourseTest" file="/build/framgia/viblo-learning-api/tests/Unit/Models/CourseTest.php" line="94" assertions="4" time="0.027316"/>
<testcase name="test_category_relation" class="Tests\Unit\Models\CourseTest" classname="Tests.Unit.Models.CourseTest" file="/build/framgia/viblo-learning-api/tests/Unit/Models/CourseTest.php" line="100" assertions="4" time="0.028069"/>
<testcase name="test_seoThumbnail_relation" class="Tests\Unit\Models\CourseTest" classname="Tests.Unit.Models.CourseTest" file="/build/framgia/viblo-learning-api/tests/Unit/Models/CourseTest.php" line="106" assertions="4" time="0.027433"/>
<testcase name="test_questions_relation" class="Tests\Unit\Models\CourseTest" classname="Tests.Unit.Models.CourseTest" file="/build/framgia/viblo-learning-api/tests/Unit/Models/CourseTest.php" line="112" assertions="4" time="0.031369"/>
<testcase name="test_assignUsers_relation" class="Tests\Unit\Models\CourseTest" classname="Tests.Unit.Models.CourseTest" file="/build/framgia/viblo-learning-api/tests/Unit/Models/CourseTest.php" line="118" assertions="4" time="0.028440"/>
<testcase name="test_creator_relation" class="Tests\Unit\Models\CourseTest" classname="Tests.Unit.Models.CourseTest" file="/build/framgia/viblo-learning-api/tests/Unit/Models/CourseTest.php" line="124" assertions="4" time="0.030935"/>
<testcase name="test_is_public" class="Tests\Unit\Models\CourseTest" classname="Tests.Unit.Models.CourseTest" file="/build/framgia/viblo-learning-api/tests/Unit/Models/CourseTest.php" line="130" assertions="1" time="0.030219"/>
<testcase name="test_versions_relation" class="Tests\Unit\Models\CourseTest" classname="Tests.Unit.Models.CourseTest" file="/build/framgia/viblo-learning-api/tests/Unit/Models/CourseTest.php" line="137" assertions="3" time="0.026591"/>
<testcase name="test_contributions_relation" class="Tests\Unit\Models\CourseTest" classname="Tests.Unit.Models.CourseTest" file="/build/framgia/viblo-learning-api/tests/Unit/Models/CourseTest.php" line="142" assertions="3" time="0.033152"/>
<testcase name="test_scope_with_enrolled_without_user" class="Tests\Unit\Models\CourseTest" classname="Tests.Unit.Models.CourseTest" file="/build/framgia/viblo-learning-api/tests/Unit/Models/CourseTest.php" line="147" assertions="1" time="0.035762"/>
<testcase name="test_scope_with_enrolled_with_user" class="Tests\Unit\Models\CourseTest" classname="Tests.Unit.Models.CourseTest" file="/build/framgia/viblo-learning-api/tests/Unit/Models/CourseTest.php" line="157" assertions="1" time="0.064072"/>
<testcase name="test_scope_with_certificated_without_user" class="Tests\Unit\Models\CourseTest" classname="Tests.Unit.Models.CourseTest" file="/build/framgia/viblo-learning-api/tests/Unit/Models/CourseTest.php" line="169" assertions="1" time="0.028008"/>
<testcase name="test_scope_with_certificated_with_user" class="Tests\Unit\Models\CourseTest" classname="Tests.Unit.Models.CourseTest" file="/build/framgia/viblo-learning-api/tests/Unit/Models/CourseTest.php" line="179" assertions="1" time="0.028614"/>
<testcase name="test_scope_public_and_commingsoon_model_test" class="Tests\Unit\Models\CourseTest" classname="Tests.Unit.Models.CourseTest" file="/build/framgia/viblo-learning-api/tests/Unit/Models/CourseTest.php" line="191" assertions="3" time="0.028074"/>
<testcase name="test_scope_public_and_contribute_model_test" class="Tests\Unit\Models\CourseTest" classname="Tests.Unit.Models.CourseTest" file="/build/framgia/viblo-learning-api/tests/Unit/Models/CourseTest.php" line="205" assertions="3" time="0.028226"/>
<testcase name="test_updatable_relation" class="Tests\Unit\Models\CourseTest" classname="Tests.Unit.Models.CourseTest" file="/build/framgia/viblo-learning-api/tests/Unit/Models/CourseTest.php" line="219" assertions="3" time="0.028240"/>
</testsuite>
<testsuite name="Tests\Unit\Models\CourseUserTest" file="/build/framgia/viblo-learning-api/tests/Unit/Models/CourseUserTest.php" tests="3" assertions="15" errors="0" warnings="0" failures="0" skipped="0" time="0.124190">
<testcase name="test_model_configuration" class="Tests\Unit\Models\CourseUserTest" classname="Tests.Unit.Models.CourseUserTest" file="/build/framgia/viblo-learning-api/tests/Unit/Models/CourseUserTest.php" line="26" assertions="7" time="0.033958"/>
<testcase name="test_user_relation" class="Tests\Unit\Models\CourseUserTest" classname="Tests.Unit.Models.CourseUserTest" file="/build/framgia/viblo-learning-api/tests/Unit/Models/CourseUserTest.php" line="38" assertions="4" time="0.026190"/>
<testcase name="test_course_relation" class="Tests\Unit\Models\CourseUserTest" classname="Tests.Unit.Models.CourseUserTest" file="/build/framgia/viblo-learning-api/tests/Unit/Models/CourseUserTest.php" line="44" assertions="4" time="0.064042"/>
</testsuite>
<testsuite name="Tests\Unit\Models\ExamTest" file="/build/framgia/viblo-learning-api/tests/Unit/Models/ExamTest.php" tests="9" assertions="30" errors="0" warnings="0" failures="0" skipped="0" time="0.303737">
<testcase name="test_model_configuration" class="Tests\Unit\Models\ExamTest" classname="Tests.Unit.Models.ExamTest" file="/build/framgia/viblo-learning-api/tests/Unit/Models/ExamTest.php" line="53" assertions="7" time="0.026400"/>
<testcase name="test_course_relation" class="Tests\Unit\Models\ExamTest" classname="Tests.Unit.Models.ExamTest" file="/build/framgia/viblo-learning-api/tests/Unit/Models/ExamTest.php" line="61" assertions="4" time="0.028075"/>
<testcase name="test_objectives_relation" class="Tests\Unit\Models\ExamTest" classname="Tests.Unit.Models.ExamTest" file="/build/framgia/viblo-learning-api/tests/Unit/Models/ExamTest.php" line="67" assertions="3" time="0.026402"/>
<testcase name="test_references_relation" class="Tests\Unit\Models\ExamTest" classname="Tests.Unit.Models.ExamTest" file="/build/framgia/viblo-learning-api/tests/Unit/Models/ExamTest.php" line="73" assertions="3" time="0.025904"/>
<testcase name="test_tests_relation" class="Tests\Unit\Models\ExamTest" classname="Tests.Unit.Models.ExamTest" file="/build/framgia/viblo-learning-api/tests/Unit/Models/ExamTest.php" line="79" assertions="3" time="0.033670"/>
<testcase name="test_versions_relation" class="Tests\Unit\Models\ExamTest" classname="Tests.Unit.Models.ExamTest" file="/build/framgia/viblo-learning-api/tests/Unit/Models/ExamTest.php" line="85" assertions="3" time="0.026292"/>
<testcase name="test_get_point_per_question" class="Tests\Unit\Models\ExamTest" classname="Tests.Unit.Models.ExamTest" file="/build/framgia/viblo-learning-api/tests/Unit/Models/ExamTest.php" line="90" assertions="1" time="0.035533"/>
<testcase name="test_contributions_relation" class="Tests\Unit\Models\ExamTest" classname="Tests.Unit.Models.ExamTest" file="/build/framgia/viblo-learning-api/tests/Unit/Models/ExamTest.php" line="99" assertions="3" time="0.067482"/>
<testcase name="test_updatable_relation" class="Tests\Unit\Models\ExamTest" classname="Tests.Unit.Models.ExamTest" file="/build/framgia/viblo-learning-api/tests/Unit/Models/ExamTest.php" line="104" assertions="3" time="0.033979"/>
</testsuite>
<testsuite name="Tests\Unit\Models\FeedbackTest" file="/build/framgia/viblo-learning-api/tests/Unit/Models/FeedbackTest.php" tests="1" assertions="7" errors="0" warnings="0" failures="0" skipped="0" time="0.045003">
<testcase name="test_model_configuration" class="Tests\Unit\Models\FeedbackTest" classname="Tests.Unit.Models.FeedbackTest" file="/build/framgia/viblo-learning-api/tests/Unit/Models/FeedbackTest.php" line="27" assertions="7" time="0.045003"/>
</testsuite>
<testsuite name="Tests\Unit\Models\ImageTest" file="/build/framgia/viblo-learning-api/tests/Unit/Models/ImageTest.php" tests="6" assertions="16" errors="0" warnings="0" failures="0" skipped="0" time="0.192988">
<testcase name="test_model_configuration" class="Tests\Unit\Models\ImageTest" classname="Tests.Unit.Models.ImageTest" file="/build/framgia/viblo-learning-api/tests/Unit/Models/ImageTest.php" line="32" assertions="7" time="0.027415"/>
<testcase name="test_owner_relation" class="Tests\Unit\Models\ImageTest" classname="Tests.Unit.Models.ImageTest" file="/build/framgia/viblo-learning-api/tests/Unit/Models/ImageTest.php" line="40" assertions="4" time="0.026867"/>
<testcase name="test_model_router_key_name" class="Tests\Unit\Models\ImageTest" classname="Tests.Unit.Models.ImageTest" file="/build/framgia/viblo-learning-api/tests/Unit/Models/ImageTest.php" line="46" assertions="1" time="0.025925"/>
<testcase name="test_model_can_get_base_model" class="Tests\Unit\Models\ImageTest" classname="Tests.Unit.Models.ImageTest" file="/build/framgia/viblo-learning-api/tests/Unit/Models/ImageTest.php" line="51" assertions="1" time="0.026018"/>
<testcase name="test_model_can_get_display" class="Tests\Unit\Models\ImageTest" classname="Tests.Unit.Models.ImageTest" file="/build/framgia/viblo-learning-api/tests/Unit/Models/ImageTest.php" line="56" assertions="2" time="0.026230"/>
<testcase name="test_model_can_get_thumbnail" class="Tests\Unit\Models\ImageTest" classname="Tests.Unit.Models.ImageTest" file="/build/framgia/viblo-learning-api/tests/Unit/Models/ImageTest.php" line="69" assertions="1" time="0.060533"/>
</testsuite>
<testsuite name="Tests\Unit\Models\ObjectiveTest" file="/build/framgia/viblo-learning-api/tests/Unit/Models/ObjectiveTest.php" tests="5" assertions="22" errors="0" warnings="0" failures="0" skipped="0" time="0.136898">
<testcase name="test_model_configuration" class="Tests\Unit\Models\ObjectiveTest" classname="Tests.Unit.Models.ObjectiveTest" file="/build/framgia/viblo-learning-api/tests/Unit/Models/ObjectiveTest.php" line="37" assertions="7" time="0.027642"/>
<testcase name="test_exam_relation" class="Tests\Unit\Models\ObjectiveTest" classname="Tests.Unit.Models.ObjectiveTest" file="/build/framgia/viblo-learning-api/tests/Unit/Models/ObjectiveTest.php" line="45" assertions="4" time="0.029267"/>
<testcase name="test_questions_relation" class="Tests\Unit\Models\ObjectiveTest" classname="Tests.Unit.Models.ObjectiveTest" file="/build/framgia/viblo-learning-api/tests/Unit/Models/ObjectiveTest.php" line="51" assertions="4" time="0.026706"/>
<testcase name="test_users_relation" class="Tests\Unit\Models\ObjectiveTest" classname="Tests.Unit.Models.ObjectiveTest" file="/build/framgia/viblo-learning-api/tests/Unit/Models/ObjectiveTest.php" line="57" assertions="4" time="0.026580"/>
<testcase name="test_versions_relation" class="Tests\Unit\Models\ObjectiveTest" classname="Tests.Unit.Models.ObjectiveTest" file="/build/framgia/viblo-learning-api/tests/Unit/Models/ObjectiveTest.php" line="63" assertions="3" time="0.026703"/>
</testsuite>
<testsuite name="Tests\Unit\Models\PointLogTest" file="/build/framgia/viblo-learning-api/tests/Unit/Models/PointLogTest.php" tests="2" assertions="11" errors="0" warnings="0" failures="0" skipped="0" time="0.057311">
<testcase name="test_model_configuration" class="Tests\Unit\Models\PointLogTest" classname="Tests.Unit.Models.PointLogTest" file="/build/framgia/viblo-learning-api/tests/Unit/Models/PointLogTest.php" line="29" assertions="7" time="0.028534"/>
<testcase name="test_user_relation" class="Tests\Unit\Models\PointLogTest" classname="Tests.Unit.Models.PointLogTest" file="/build/framgia/viblo-learning-api/tests/Unit/Models/PointLogTest.php" line="37" assertions="4" time="0.028777"/>
</testsuite>
<testsuite name="Tests\Unit\Models\PracticeTest" file="/build/framgia/viblo-learning-api/tests/Unit/Models/PracticeTest.php" tests="1" assertions="7" errors="0" warnings="0" failures="0" skipped="0" time="0.029210">
<testcase name="test_model_configuration" class="Tests\Unit\Models\PracticeTest" classname="Tests.Unit.Models.PracticeTest" file="/build/framgia/viblo-learning-api/tests/Unit/Models/PracticeTest.php" line="28" assertions="7" time="0.029210"/>
</testsuite>
<testsuite name="Tests\Unit\Models\QuestionTest" file="/build/framgia/viblo-learning-api/tests/Unit/Models/QuestionTest.php" tests="9" assertions="32" errors="0" warnings="0" failures="0" skipped="0" time="0.307164">
<testcase name="test_model_configuration" class="Tests\Unit\Models\QuestionTest" classname="Tests.Unit.Models.QuestionTest" file="/build/framgia/viblo-learning-api/tests/Unit/Models/QuestionTest.php" line="45" assertions="7" time="0.025984"/>
<testcase name="test_user_relation" class="Tests\Unit\Models\QuestionTest" classname="Tests.Unit.Models.QuestionTest" file="/build/framgia/viblo-learning-api/tests/Unit/Models/QuestionTest.php" line="53" assertions="4" time="0.028256"/>
<testcase name="test_objectives_relation" class="Tests\Unit\Models\QuestionTest" classname="Tests.Unit.Models.QuestionTest" file="/build/framgia/viblo-learning-api/tests/Unit/Models/QuestionTest.php" line="59" assertions="4" time="0.032864"/>
<testcase name="test_tests_relation" class="Tests\Unit\Models\QuestionTest" classname="Tests.Unit.Models.QuestionTest" file="/build/framgia/viblo-learning-api/tests/Unit/Models/QuestionTest.php" line="65" assertions="4" time="0.028562"/>
<testcase name="test_choices_relation" class="Tests\Unit\Models\QuestionTest" classname="Tests.Unit.Models.QuestionTest" file="/build/framgia/viblo-learning-api/tests/Unit/Models/QuestionTest.php" line="71" assertions="3" time="0.028019"/>
<testcase name="test_answers_relation" class="Tests\Unit\Models\QuestionTest" classname="Tests.Unit.Models.QuestionTest" file="/build/framgia/viblo-learning-api/tests/Unit/Models/QuestionTest.php" line="77" assertions="3" time="0.034853"/>
<testcase name="test_tags_relation" class="Tests\Unit\Models\QuestionTest" classname="Tests.Unit.Models.QuestionTest" file="/build/framgia/viblo-learning-api/tests/Unit/Models/QuestionTest.php" line="83" assertions="4" time="0.026149"/>
<testcase name="test_scope_waiting_model_test" class="Tests\Unit\Models\QuestionTest" classname="Tests.Unit.Models.QuestionTest" file="/build/framgia/viblo-learning-api/tests/Unit/Models/QuestionTest.php" line="89" assertions="2" time="0.064282"/>
<testcase name="test_scope_with_reviewed_without_user" class="Tests\Unit\Models\QuestionTest" classname="Tests.Unit.Models.QuestionTest" file="/build/framgia/viblo-learning-api/tests/Unit/Models/QuestionTest.php" line="100" assertions="1" time="0.038195"/>
</testsuite>
<testsuite name="Tests\Unit\Models\QuestionTestTest" file="/build/framgia/viblo-learning-api/tests/Unit/Models/QuestionTestTest.php" tests="2" assertions="10" errors="0" warnings="0" failures="0" skipped="0" time="0.071055">
<testcase name="test_model_configuration" class="Tests\Unit\Models\QuestionTestTest" classname="Tests.Unit.Models.QuestionTestTest" file="/build/framgia/viblo-learning-api/tests/Unit/Models/QuestionTestTest.php" line="26" assertions="7" time="0.037216"/>
<testcase name="test_submission_relation" class="Tests\Unit\Models\QuestionTestTest" classname="Tests.Unit.Models.QuestionTestTest" file="/build/framgia/viblo-learning-api/tests/Unit/Models/QuestionTestTest.php" line="38" assertions="3" time="0.033839"/>
</testsuite>
<testsuite name="Tests\Unit\Models\RecentUpdateTest" file="/build/framgia/viblo-learning-api/tests/Unit/Models/RecentUpdateTest.php" tests="2" assertions="8" errors="0" warnings="0" failures="0" skipped="0" time="0.062718">
<testcase name="test_model_configuration" class="Tests\Unit\Models\RecentUpdateTest" classname="Tests.Unit.Models.RecentUpdateTest" file="/build/framgia/viblo-learning-api/tests/Unit/Models/RecentUpdateTest.php" line="32" assertions="7" time="0.028444"/>
<testcase name="test_it_morph_to_updatable" class="Tests\Unit\Models\RecentUpdateTest" classname="Tests.Unit.Models.RecentUpdateTest" file="/build/framgia/viblo-learning-api/tests/Unit/Models/RecentUpdateTest.php" line="40" assertions="1" time="0.034274"/>
</testsuite>
<testsuite name="Tests\Unit\Models\ReferenceTest" file="/build/framgia/viblo-learning-api/tests/Unit/Models/ReferenceTest.php" tests="2" assertions="11" errors="0" warnings="0" failures="0" skipped="0" time="0.096216">
<testcase name="test_model_configuration" class="Tests\Unit\Models\ReferenceTest" classname="Tests.Unit.Models.ReferenceTest" file="/build/framgia/viblo-learning-api/tests/Unit/Models/ReferenceTest.php" line="27" assertions="7" time="0.027618"/>
<testcase name="test_exam_relation" class="Tests\Unit\Models\ReferenceTest" classname="Tests.Unit.Models.ReferenceTest" file="/build/framgia/viblo-learning-api/tests/Unit/Models/ReferenceTest.php" line="35" assertions="4" time="0.068598"/>
</testsuite>
<testsuite name="Tests\Unit\Models\ReportTest" file="/build/framgia/viblo-learning-api/tests/Unit/Models/ReportTest.php" tests="3" assertions="15" errors="0" warnings="0" failures="0" skipped="0" time="0.093282">
<testcase name="test_model_configuration" class="Tests\Unit\Models\ReportTest" classname="Tests.Unit.Models.ReportTest" file="/build/framgia/viblo-learning-api/tests/Unit/Models/ReportTest.php" line="29" assertions="7" time="0.029976"/>
<testcase name="test_user_relation" class="Tests\Unit\Models\ReportTest" classname="Tests.Unit.Models.ReportTest" file="/build/framgia/viblo-learning-api/tests/Unit/Models/ReportTest.php" line="37" assertions="4" time="0.031849"/>
<testcase name="test_question_relation" class="Tests\Unit\Models\ReportTest" classname="Tests.Unit.Models.ReportTest" file="/build/framgia/viblo-learning-api/tests/Unit/Models/ReportTest.php" line="43" assertions="4" time="0.031457"/>
</testsuite>
<testsuite name="Tests\Unit\Models\RoadmapTest" file="/build/framgia/viblo-learning-api/tests/Unit/Models/RoadmapTest.php" tests="6" assertions="25" errors="0" warnings="0" failures="0" skipped="0" time="0.182323">
<testcase name="test_model_configuration" class="Tests\Unit\Models\RoadmapTest" classname="Tests.Unit.Models.RoadmapTest" file="/build/framgia/viblo-learning-api/tests/Unit/Models/RoadmapTest.php" line="39" assertions="7" time="0.029483"/>
<testcase name="test_courses_relation" class="Tests\Unit\Models\RoadmapTest" classname="Tests.Unit.Models.RoadmapTest" file="/build/framgia/viblo-learning-api/tests/Unit/Models/RoadmapTest.php" line="47" assertions="4" time="0.029952"/>
<testcase name="test_children_relation" class="Tests\Unit\Models\RoadmapTest" classname="Tests.Unit.Models.RoadmapTest" file="/build/framgia/viblo-learning-api/tests/Unit/Models/RoadmapTest.php" line="53" assertions="3" time="0.031558"/>
<testcase name="test_parent_relation" class="Tests\Unit\Models\RoadmapTest" classname="Tests.Unit.Models.RoadmapTest" file="/build/framgia/viblo-learning-api/tests/Unit/Models/RoadmapTest.php" line="59" assertions="3" time="0.029946"/>
<testcase name="test_roadmap_image_relation" class="Tests\Unit\Models\RoadmapTest" classname="Tests.Unit.Models.RoadmapTest" file="/build/framgia/viblo-learning-api/tests/Unit/Models/RoadmapTest.php" line="65" assertions="4" time="0.030990"/>
<testcase name="test_roadmap_seo_image_relation" class="Tests\Unit\Models\RoadmapTest" classname="Tests.Unit.Models.RoadmapTest" file="/build/framgia/viblo-learning-api/tests/Unit/Models/RoadmapTest.php" line="71" assertions="4" time="0.030394"/>
</testsuite>
<testsuite name="Tests\Unit\Models\SubmissionTest" file="/build/framgia/viblo-learning-api/tests/Unit/Models/SubmissionTest.php" tests="2" assertions="10" errors="0" warnings="0" failures="0" skipped="0" time="0.058202">
<testcase name="test_model_configuration" class="Tests\Unit\Models\SubmissionTest" classname="Tests.Unit.Models.SubmissionTest" file="/build/framgia/viblo-learning-api/tests/Unit/Models/SubmissionTest.php" line="26" assertions="7" time="0.028212"/>
<testcase name="test_questionTest_relation" class="Tests\Unit\Models\SubmissionTest" classname="Tests.Unit.Models.SubmissionTest" file="/build/framgia/viblo-learning-api/tests/Unit/Models/SubmissionTest.php" line="34" assertions="3" time="0.029990"/>
</testsuite>
<testsuite name="Tests\Unit\Models\SystemStatisticTest" file="/build/framgia/viblo-learning-api/tests/Unit/Models/SystemStatisticTest.php" tests="1" assertions="1" errors="0" warnings="0" failures="0" skipped="0" time="0.031037">
<testcase name="test_get_types_for_report" class="Tests\Unit\Models\SystemStatisticTest" classname="Tests.Unit.Models.SystemStatisticTest" file="/build/framgia/viblo-learning-api/tests/Unit/Models/SystemStatisticTest.php" line="12" assertions="1" time="0.031037"/>
</testsuite>
<testsuite name="Tests\Unit\Models\TagTest" file="/build/framgia/viblo-learning-api/tests/Unit/Models/TagTest.php" tests="3" assertions="15" errors="0" warnings="0" failures="0" skipped="0" time="0.089860">
<testcase name="test_model_configuration" class="Tests\Unit\Models\TagTest" classname="Tests.Unit.Models.TagTest" file="/build/framgia/viblo-learning-api/tests/Unit/Models/TagTest.php" line="27" assertions="7" time="0.029219"/>
<testcase name="test_courses_relation" class="Tests\Unit\Models\TagTest" classname="Tests.Unit.Models.TagTest" file="/build/framgia/viblo-learning-api/tests/Unit/Models/TagTest.php" line="35" assertions="4" time="0.030265"/>
<testcase name="test_questions_relation" class="Tests\Unit\Models\TagTest" classname="Tests.Unit.Models.TagTest" file="/build/framgia/viblo-learning-api/tests/Unit/Models/TagTest.php" line="41" assertions="4" time="0.030376"/>
</testsuite>
<testsuite name="Tests\Unit\Models\TestTest" file="/build/framgia/viblo-learning-api/tests/Unit/Models/TestTest.php" tests="5" assertions="21" errors="0" warnings="0" failures="0" skipped="0" time="0.189936">
<testcase name="test_model_configuration" class="Tests\Unit\Models\TestTest" classname="Tests.Unit.Models.TestTest" file="/build/framgia/viblo-learning-api/tests/Unit/Models/TestTest.php" line="40" assertions="7" time="0.069522"/>
<testcase name="test_user_relation" class="Tests\Unit\Models\TestTest" classname="Tests.Unit.Models.TestTest" file="/build/framgia/viblo-learning-api/tests/Unit/Models/TestTest.php" line="48" assertions="4" time="0.028550"/>
<testcase name="test_exam_relation" class="Tests\Unit\Models\TestTest" classname="Tests.Unit.Models.TestTest" file="/build/framgia/viblo-learning-api/tests/Unit/Models/TestTest.php" line="54" assertions="4" time="0.031717"/>
<testcase name="test_questions_relation" class="Tests\Unit\Models\TestTest" classname="Tests.Unit.Models.TestTest" file="/build/framgia/viblo-learning-api/tests/Unit/Models/TestTest.php" line="60" assertions="4" time="0.029973"/>
<testcase name="test_scope_passed_model_test" class="Tests\Unit\Models\TestTest" classname="Tests.Unit.Models.TestTest" file="/build/framgia/viblo-learning-api/tests/Unit/Models/TestTest.php" line="66" assertions="2" time="0.030174"/>
</testsuite>
<testsuite name="Tests\Unit\Models\UserSettingTest" file="/build/framgia/viblo-learning-api/tests/Unit/Models/UserSettingTest.php" tests="2" assertions="11" errors="0" warnings="0" failures="0" skipped="0" time="0.060512">
<testcase name="test_model_configuration" class="Tests\Unit\Models\UserSettingTest" classname="Tests.Unit.Models.UserSettingTest" file="/build/framgia/viblo-learning-api/tests/Unit/Models/UserSettingTest.php" line="24" assertions="7" time="0.028491"/>
<testcase name="test_user_relation" class="Tests\Unit\Models\UserSettingTest" classname="Tests.Unit.Models.UserSettingTest" file="/build/framgia/viblo-learning-api/tests/Unit/Models/UserSettingTest.php" line="32" assertions="4" time="0.032021"/>
</testsuite>
<testsuite name="Tests\Unit\Models\UserTest" file="/build/framgia/viblo-learning-api/tests/Unit/Models/UserTest.php" tests="12" assertions="39" errors="0" warnings="0" failures="0" skipped="0" time="0.349800">
<testcase name="test_model_configuration" class="Tests\Unit\Models\UserTest" classname="Tests.Unit.Models.UserTest" file="/build/framgia/viblo-learning-api/tests/Unit/Models/UserTest.php" line="46" assertions="7" time="0.028817"/>
<testcase name="test_questions_relation" class="Tests\Unit\Models\UserTest" classname="Tests.Unit.Models.UserTest" file="/build/framgia/viblo-learning-api/tests/Unit/Models/UserTest.php" line="54" assertions="3" time="0.028051"/>
<testcase name="test_answers_relation" class="Tests\Unit\Models\UserTest" classname="Tests.Unit.Models.UserTest" file="/build/framgia/viblo-learning-api/tests/Unit/Models/UserTest.php" line="60" assertions="3" time="0.028610"/>
<testcase name="test_courses_relation" class="Tests\Unit\Models\UserTest" classname="Tests.Unit.Models.UserTest" file="/build/framgia/viblo-learning-api/tests/Unit/Models/UserTest.php" line="66" assertions="4" time="0.030809"/>
<testcase name="test_certificates_relation" class="Tests\Unit\Models\UserTest" classname="Tests.Unit.Models.UserTest" file="/build/framgia/viblo-learning-api/tests/Unit/Models/UserTest.php" line="72" assertions="4" time="0.029044"/>
<testcase name="test_tests_relation" class="Tests\Unit\Models\UserTest" classname="Tests.Unit.Models.UserTest" file="/build/framgia/viblo-learning-api/tests/Unit/Models/UserTest.php" line="78" assertions="3" time="0.028951"/>
<testcase name="test_feedbacks_relation" class="Tests\Unit\Models\UserTest" classname="Tests.Unit.Models.UserTest" file="/build/framgia/viblo-learning-api/tests/Unit/Models/UserTest.php" line="84" assertions="3" time="0.029192"/>
<testcase name="test_get_profile_picture" class="Tests\Unit\Models\UserTest" classname="Tests.Unit.Models.UserTest" file="/build/framgia/viblo-learning-api/tests/Unit/Models/UserTest.php" line="90" assertions="1" time="0.029035"/>
<testcase name="test_settings_relation" class="Tests\Unit\Models\UserTest" classname="Tests.Unit.Models.UserTest" file="/build/framgia/viblo-learning-api/tests/Unit/Models/UserTest.php" line="98" assertions="3" time="0.027897"/>
<testcase name="test_objectives_relation" class="Tests\Unit\Models\UserTest" classname="Tests.Unit.Models.UserTest" file="/build/framgia/viblo-learning-api/tests/Unit/Models/UserTest.php" line="104" assertions="4" time="0.029605"/>
<testcase name="test_contributions_relation" class="Tests\Unit\Models\UserTest" classname="Tests.Unit.Models.UserTest" file="/build/framgia/viblo-learning-api/tests/Unit/Models/UserTest.php" line="110" assertions="3" time="0.028396"/>
<testcase name="test_assign_questions_relation" class="Tests\Unit\Models\UserTest" classname="Tests.Unit.Models.UserTest" file="/build/framgia/viblo-learning-api/tests/Unit/Models/UserTest.php" line="116" assertions="1" time="0.031393"/>
</testsuite>
<testsuite name="Tests\Unit\Models\VersionTest" file="/build/framgia/viblo-learning-api/tests/Unit/Models/VersionTest.php" tests="3" assertions="12" errors="0" warnings="0" failures="0" skipped="0" time="0.090803">
<testcase name="test_model_configuration" class="Tests\Unit\Models\VersionTest" classname="Tests.Unit.Models.VersionTest" file="/build/framgia/viblo-learning-api/tests/Unit/Models/VersionTest.php" line="29" assertions="7" time="0.027846"/>
<testcase name="test_it_morph_to_versionable" class="Tests\Unit\Models\VersionTest" classname="Tests.Unit.Models.VersionTest" file="/build/framgia/viblo-learning-api/tests/Unit/Models/VersionTest.php" line="37" assertions="1" time="0.031768"/>
<testcase name="test_user_relation" class="Tests\Unit\Models\VersionTest" classname="Tests.Unit.Models.VersionTest" file="/build/framgia/viblo-learning-api/tests/Unit/Models/VersionTest.php" line="42" assertions="4" time="0.031189"/>
</testsuite>
<testsuite name="Tests\Unit\Models\VoucherTest" file="/build/framgia/viblo-learning-api/tests/Unit/Models/VoucherTest.php" tests="2" assertions="11" errors="0" warnings="0" failures="0" skipped="0" time="0.057459">
<testcase name="test_model_configuration" class="Tests\Unit\Models\VoucherTest" classname="Tests.Unit.Models.VoucherTest" file="/build/framgia/viblo-learning-api/tests/Unit/Models/VoucherTest.php" line="26" assertions="7" time="0.028892"/>
<testcase name="test_certificate_relation" class="Tests\Unit\Models\VoucherTest" classname="Tests.Unit.Models.VoucherTest" file="/build/framgia/viblo-learning-api/tests/Unit/Models/VoucherTest.php" line="34" assertions="4" time="0.028567"/>
</testsuite>
<testsuite name="Tests\Unit\Notifications\CertificateCompletedTest" file="/build/framgia/viblo-learning-api/tests/Unit/Notifications/CertificateCompletedTest.php" tests="2" assertions="9" errors="0" warnings="0" failures="0" skipped="0" time="0.108194">
<testcase name="test_it_notify_certificate_completed" class="Tests\Unit\Notifications\CertificateCompletedTest" classname="Tests.Unit.Notifications.CertificateCompletedTest" file="/build/framgia/viblo-learning-api/tests/Unit/Notifications/CertificateCompletedTest.php" line="28" assertions="8" time="0.075781"/>
<testcase name="test_it_can_fail_via" class="Tests\Unit\Notifications\CertificateCompletedTest" classname="Tests.Unit.Notifications.CertificateCompletedTest" file="/build/framgia/viblo-learning-api/tests/Unit/Notifications/CertificateCompletedTest.php" line="52" assertions="1" time="0.032413"/>
</testsuite>
<testsuite name="Tests\Unit\Notifications\EnrolledNoTestTest" file="/build/framgia/viblo-learning-api/tests/Unit/Notifications/EnrolledNoTestTest.php" tests="2" assertions="11" errors="0" warnings="0" failures="0" skipped="0" time="0.067748">
<testcase name="test_it_notify_enrolled_no_test" class="Tests\Unit\Notifications\EnrolledNoTestTest" classname="Tests.Unit.Notifications.EnrolledNoTestTest" file="/build/framgia/viblo-learning-api/tests/Unit/Notifications/EnrolledNoTestTest.php" line="29" assertions="10" time="0.038639"/>
<testcase name="test_it_can_fail_via" class="Tests\Unit\Notifications\EnrolledNoTestTest" classname="Tests.Unit.Notifications.EnrolledNoTestTest" file="/build/framgia/viblo-learning-api/tests/Unit/Notifications/EnrolledNoTestTest.php" line="57" assertions="1" time="0.029109"/>
</testsuite>
<testsuite name="Tests\Unit\Notifications\RemindCompleteCertificateTest" file="/build/framgia/viblo-learning-api/tests/Unit/Notifications/RemindCompleteCertificateTest.php" tests="2" assertions="11" errors="0" warnings="0" failures="0" skipped="0" time="0.065629">
<testcase name="test_it_notify_remind_complete_certificate" class="Tests\Unit\Notifications\RemindCompleteCertificateTest" classname="Tests.Unit.Notifications.RemindCompleteCertificateTest" file="/build/framgia/viblo-learning-api/tests/Unit/Notifications/RemindCompleteCertificateTest.php" line="29" assertions="10" time="0.036905"/>
<testcase name="test_it_can_fail_via" class="Tests\Unit\Notifications\RemindCompleteCertificateTest" classname="Tests.Unit.Notifications.RemindCompleteCertificateTest" file="/build/framgia/viblo-learning-api/tests/Unit/Notifications/RemindCompleteCertificateTest.php" line="57" assertions="1" time="0.028724"/>
</testsuite>
<testsuite name="Tests\Unit\Policies\ExamPolicyTest" file="/build/framgia/viblo-learning-api/tests/Unit/Policies/ExamPolicyTest.php" tests="2" assertions="4" errors="0" warnings="0" failures="0" skipped="0" time="0.053688">
<testcase name="test_user_can_view_exam" class="Tests\Unit\Policies\ExamPolicyTest" classname="Tests.Unit.Policies.ExamPolicyTest" file="/build/framgia/viblo-learning-api/tests/Unit/Policies/ExamPolicyTest.php" line="14" assertions="2" time="0.026300"/>
<testcase name="test_user_can_make_test_exam" class="Tests\Unit\Policies\ExamPolicyTest" classname="Tests.Unit.Policies.ExamPolicyTest" file="/build/framgia/viblo-learning-api/tests/Unit/Policies/ExamPolicyTest.php" line="26" assertions="2" time="0.027388"/>
</testsuite>
<testsuite name="Tests\Unit\Policies\QuestionPolicyTest" file="/build/framgia/viblo-learning-api/tests/Unit/Policies/QuestionPolicyTest.php" tests="5" assertions="23" errors="0" warnings="0" failures="0" skipped="0" time="0.153802">
<testcase name="test_user_can_view" class="Tests\Unit\Policies\QuestionPolicyTest" classname="Tests.Unit.Policies.QuestionPolicyTest" file="/build/framgia/viblo-learning-api/tests/Unit/Policies/QuestionPolicyTest.php" line="22" assertions="2" time="0.028374"/>
<testcase name="test_user_can_update" class="Tests\Unit\Policies\QuestionPolicyTest" classname="Tests.Unit.Policies.QuestionPolicyTest" file="/build/framgia/viblo-learning-api/tests/Unit/Policies/QuestionPolicyTest.php" line="38" assertions="6" time="0.027552"/>
<testcase name="test_admin_can_restore_question" class="Tests\Unit\Policies\QuestionPolicyTest" classname="Tests.Unit.Policies.QuestionPolicyTest" file="/build/framgia/viblo-learning-api/tests/Unit/Policies/QuestionPolicyTest.php" line="65" assertions="3" time="0.026863"/>
<testcase name="test_admin_can_delete" class="Tests\Unit\Policies\QuestionPolicyTest" classname="Tests.Unit.Policies.QuestionPolicyTest" file="/build/framgia/viblo-learning-api/tests/Unit/Policies/QuestionPolicyTest.php" line="81" assertions="6" time="0.026227"/>
<testcase name="test_user_can_delete" class="Tests\Unit\Policies\QuestionPolicyTest" classname="Tests.Unit.Policies.QuestionPolicyTest" file="/build/framgia/viblo-learning-api/tests/Unit/Policies/QuestionPolicyTest.php" line="103" assertions="6" time="0.044786"/>
</testsuite>
<testsuite name="Tests\Unit\Queries\ActivityLogQueryTest" file="/build/framgia/viblo-learning-api/tests/Unit/Queries/ActivityLogQueryTest.php" tests="1" assertions="1" errors="0" warnings="0" failures="0" skipped="0" time="0.031186">
<testcase name="test_it_get_query_activitylog" class="Tests\Unit\Queries\ActivityLogQueryTest" classname="Tests.Unit.Queries.ActivityLogQueryTest" file="/build/framgia/viblo-learning-api/tests/Unit/Queries/ActivityLogQueryTest.php" line="26" assertions="1" time="0.031186"/>
</testsuite>
<testsuite name="Tests\Unit\Queries\CertificateUserQueryTest" file="/build/framgia/viblo-learning-api/tests/Unit/Queries/CertificateUserQueryTest.php" tests="1" assertions="1" errors="0" warnings="0" failures="0" skipped="0" time="0.028304">
<testcase name="test_it_get_query_certificate_user" class="Tests\Unit\Queries\CertificateUserQueryTest" classname="Tests.Unit.Queries.CertificateUserQueryTest" file="/build/framgia/viblo-learning-api/tests/Unit/Queries/CertificateUserQueryTest.php" line="26" assertions="1" time="0.028304"/>
</testsuite>
<testsuite name="Tests\Unit\Queries\CourseQueryTest" file="/build/framgia/viblo-learning-api/tests/Unit/Queries/CourseQueryTest.php" tests="1" assertions="1" errors="0" warnings="0" failures="0" skipped="0" time="0.031592">
<testcase name="test_it_get_query_course" class="Tests\Unit\Queries\CourseQueryTest" classname="Tests.Unit.Queries.CourseQueryTest" file="/build/framgia/viblo-learning-api/tests/Unit/Queries/CourseQueryTest.php" line="32" assertions="1" time="0.031592"/>
</testsuite>
<testsuite name="Tests\Unit\Queries\ExamQueryTest" file="/build/framgia/viblo-learning-api/tests/Unit/Queries/ExamQueryTest.php" tests="1" assertions="10" errors="0" warnings="0" failures="0" skipped="0" time="0.031339">
<testcase name="test_it_get_query_exam" class="Tests\Unit\Queries\ExamQueryTest" classname="Tests.Unit.Queries.ExamQueryTest" file="/build/framgia/viblo-learning-api/tests/Unit/Queries/ExamQueryTest.php" line="23" assertions="10" time="0.031339"/>
</testsuite>
<testsuite name="Tests\Unit\Queries\QuestionQueryTest" file="/build/framgia/viblo-learning-api/tests/Unit/Queries/QuestionQueryTest.php" tests="1" assertions="1" errors="0" warnings="0" failures="0" skipped="0" time="0.028172">
<testcase name="test_it_get_query_question" class="Tests\Unit\Queries\QuestionQueryTest" classname="Tests.Unit.Queries.QuestionQueryTest" file="/build/framgia/viblo-learning-api/tests/Unit/Queries/QuestionQueryTest.php" line="27" assertions="1" time="0.028172"/>
</testsuite>
<testsuite name="Tests\Unit\Queries\ReportQuestionQueryTest" file="/build/framgia/viblo-learning-api/tests/Unit/Queries/ReportQuestionQueryTest.php" tests="1" assertions="1" errors="0" warnings="0" failures="0" skipped="0" time="0.027549">
<testcase name="test_it_get_query_report_question" class="Tests\Unit\Queries\ReportQuestionQueryTest" classname="Tests.Unit.Queries.ReportQuestionQueryTest" file="/build/framgia/viblo-learning-api/tests/Unit/Queries/ReportQuestionQueryTest.php" line="27" assertions="1" time="0.027549"/>
</testsuite>
<testsuite name="Tests\Unit\Queries\SystemStatisticQueryTest" file="/build/framgia/viblo-learning-api/tests/Unit/Queries/SystemStatisticQueryTest.php" tests="2" assertions="2" errors="0" warnings="0" failures="0" skipped="0" time="0.075531">
<testcase name="test_it_get_query_system_statistics_with_time" class="Tests\Unit\Queries\SystemStatisticQueryTest" classname="Tests.Unit.Queries.SystemStatisticQueryTest" file="/build/framgia/viblo-learning-api/tests/Unit/Queries/SystemStatisticQueryTest.php" line="21" assertions="1" time="0.040624"/>
<testcase name="test_it_get_query_system_statistics_without_time" class="Tests\Unit\Queries\SystemStatisticQueryTest" classname="Tests.Unit.Queries.SystemStatisticQueryTest" file="/build/framgia/viblo-learning-api/tests/Unit/Queries/SystemStatisticQueryTest.php" line="32" assertions="1" time="0.034907"/>
</testsuite>
<testsuite name="Tests\Unit\Queries\TestQueryTest" file="/build/framgia/viblo-learning-api/tests/Unit/Queries/TestQueryTest.php" tests="1" assertions="1" errors="0" warnings="0" failures="0" skipped="0" time="0.030439">
<testcase name="test_it_get_query_test" class="Tests\Unit\Queries\TestQueryTest" classname="Tests.Unit.Queries.TestQueryTest" file="/build/framgia/viblo-learning-api/tests/Unit/Queries/TestQueryTest.php" line="30" assertions="1" time="0.030439"/>
</testsuite>
<testsuite name="Tests\Unit\Reporting\Reports\QuestionTest" file="/build/framgia/viblo-learning-api/tests/Unit/Reporting/Reports/QuestionTest.php" tests="1" assertions="9" errors="0" warnings="0" failures="0" skipped="0" time="0.030724">
<testcase name="test_it_report_question" class="Tests\Unit\Reporting\Reports\QuestionTest" classname="Tests.Unit.Reporting.Reports.QuestionTest" file="/build/framgia/viblo-learning-api/tests/Unit/Reporting/Reports/QuestionTest.php" line="16" assertions="9" time="0.030724"/>
</testsuite>
<testsuite name="Tests\Unit\Reporting\Reports\SystemStatisticsTest" file="/build/framgia/viblo-learning-api/tests/Unit/Reporting/Reports/SystemStatisticsTest.php" tests="1" assertions="1" errors="0" warnings="0" failures="0" skipped="0" time="0.027893">
<testcase name="test_it_report_question" class="Tests\Unit\Reporting\Reports\SystemStatisticsTest" classname="Tests.Unit.Reporting.Reports.SystemStatisticsTest" file="/build/framgia/viblo-learning-api/tests/Unit/Reporting/Reports/SystemStatisticsTest.php" line="40" assertions="1" time="0.027893"/>
</testsuite>
<testsuite name="Tests\Unit\Repositories\Implementations\ActivityLogRepositoryTest" file="/build/framgia/viblo-learning-api/tests/Unit/Repositories/Implementations/ActivityLogRepositoryTest.php" tests="2" assertions="11" errors="0" warnings="0" failures="0" skipped="0" time="0.121138">
<testcase name="test_it_can_get_activity_log_by_user" class="Tests\Unit\Repositories\Implementations\ActivityLogRepositoryTest" classname="Tests.Unit.Repositories.Implementations.ActivityLogRepositoryTest" file="/build/framgia/viblo-learning-api/tests/Unit/Repositories/Implementations/ActivityLogRepositoryTest.php" line="37" assertions="6" time="0.092289"/>
<testcase name="test_it_can_get_log" class="Tests\Unit\Repositories\Implementations\ActivityLogRepositoryTest" classname="Tests.Unit.Repositories.Implementations.ActivityLogRepositoryTest" file="/build/framgia/viblo-learning-api/tests/Unit/Repositories/Implementations/ActivityLogRepositoryTest.php" line="66" assertions="5" time="0.028849"/>
</testsuite>
<testsuite name="Tests\Unit\Repositories\Implementations\AnswerRepositoryTest" file="/build/framgia/viblo-learning-api/tests/Unit/Repositories/Implementations/AnswerRepositoryTest.php" tests="1" assertions="1" errors="0" warnings="0" failures="0" skipped="0" time="0.027427">
<testcase name="testItCanReturnModel" class="Tests\Unit\Repositories\Implementations\AnswerRepositoryTest" classname="Tests.Unit.Repositories.Implementations.AnswerRepositoryTest" file="/build/framgia/viblo-learning-api/tests/Unit/Repositories/Implementations/AnswerRepositoryTest.php" line="13" assertions="1" time="0.027427"/>
</testsuite>
<testsuite name="Tests\Unit\Repositories\Implementations\BaseRepositoryTest" file="/build/framgia/viblo-learning-api/tests/Unit/Repositories/Implementations/BaseRepositoryTest.php" tests="15" assertions="27" errors="0" warnings="0" failures="0" skipped="0" time="0.536080">
<testcase name="test_it_can_query_all" class="Tests\Unit\Repositories\Implementations\BaseRepositoryTest" classname="Tests.Unit.Repositories.Implementations.BaseRepositoryTest" file="/build/framgia/viblo-learning-api/tests/Unit/Repositories/Implementations/BaseRepositoryTest.php" line="35" assertions="2" time="0.047215"/>
<testcase name="test_it_can_get" class="Tests\Unit\Repositories\Implementations\BaseRepositoryTest" classname="Tests.Unit.Repositories.Implementations.BaseRepositoryTest" file="/build/framgia/viblo-learning-api/tests/Unit/Repositories/Implementations/BaseRepositoryTest.php" line="52" assertions="2" time="0.027049"/>
<testcase name="test_it_can_get_with_selected_array" class="Tests\Unit\Repositories\Implementations\BaseRepositoryTest" classname="Tests.Unit.Repositories.Implementations.BaseRepositoryTest" file="/build/framgia/viblo-learning-api/tests/Unit/Repositories/Implementations/BaseRepositoryTest.php" line="69" assertions="2" time="0.028371"/>
<testcase name="test_it_can_get_count" class="Tests\Unit\Repositories\Implementations\BaseRepositoryTest" classname="Tests.Unit.Repositories.Implementations.BaseRepositoryTest" file="/build/framgia/viblo-learning-api/tests/Unit/Repositories/Implementations/BaseRepositoryTest.php" line="86" assertions="2" time="0.066843"/>
<testcase name="test_it_can_create" class="Tests\Unit\Repositories\Implementations\BaseRepositoryTest" classname="Tests.Unit.Repositories.Implementations.BaseRepositoryTest" file="/build/framgia/viblo-learning-api/tests/Unit/Repositories/Implementations/BaseRepositoryTest.php" line="103" assertions="1" time="0.037527"/>
<testcase name="test_it_can_get_first" class="Tests\Unit\Repositories\Implementations\BaseRepositoryTest" classname="Tests.Unit.Repositories.Implementations.BaseRepositoryTest" file="/build/framgia/viblo-learning-api/tests/Unit/Repositories/Implementations/BaseRepositoryTest.php" line="122" assertions="2" time="0.028791"/>
<testcase name="test_it_can_get_by_id" class="Tests\Unit\Repositories\Implementations\BaseRepositoryTest" classname="Tests.Unit.Repositories.Implementations.BaseRepositoryTest" file="/build/framgia/viblo-learning-api/tests/Unit/Repositories/Implementations/BaseRepositoryTest.php" line="139" assertions="2" time="0.028324"/>
<testcase name="test_it_can_get_by_column" class="Tests\Unit\Repositories\Implementations\BaseRepositoryTest" classname="Tests.Unit.Repositories.Implementations.BaseRepositoryTest" file="/build/framgia/viblo-learning-api/tests/Unit/Repositories/Implementations/BaseRepositoryTest.php" line="156" assertions="3" time="0.026466"/>
<testcase name="test_it_can_delete_by_id" class="Tests\Unit\Repositories\Implementations\BaseRepositoryTest" classname="Tests.Unit.Repositories.Implementations.BaseRepositoryTest" file="/build/framgia/viblo-learning-api/tests/Unit/Repositories/Implementations/BaseRepositoryTest.php" line="176" assertions="3" time="0.026862"/>
<testcase name="test_it_can_set_limit" class="Tests\Unit\Repositories\Implementations\BaseRepositoryTest" classname="Tests.Unit.Repositories.Implementations.BaseRepositoryTest" file="/build/framgia/viblo-learning-api/tests/Unit/Repositories/Implementations/BaseRepositoryTest.php" line="194" assertions="1" time="0.025520"/>
<testcase name="test_it_can_set_order_by" class="Tests\Unit\Repositories\Implementations\BaseRepositoryTest" classname="Tests.Unit.Repositories.Implementations.BaseRepositoryTest" file="/build/framgia/viblo-learning-api/tests/Unit/Repositories/Implementations/BaseRepositoryTest.php" line="213" assertions="2" time="0.030014"/>
<testcase name="test_it_can_paginate" class="Tests\Unit\Repositories\Implementations\BaseRepositoryTest" classname="Tests.Unit.Repositories.Implementations.BaseRepositoryTest" file="/build/framgia/viblo-learning-api/tests/Unit/Repositories/Implementations/BaseRepositoryTest.php" line="248" assertions="2" time="0.066066"/>
<testcase name="test_it_can_set_where" class="Tests\Unit\Repositories\Implementations\BaseRepositoryTest" classname="Tests.Unit.Repositories.Implementations.BaseRepositoryTest" file="/build/framgia/viblo-learning-api/tests/Unit/Repositories/Implementations/BaseRepositoryTest.php" line="265" assertions="1" time="0.040955"/>
<testcase name="test_it_can_set_where_in" class="Tests\Unit\Repositories\Implementations\BaseRepositoryTest" classname="Tests.Unit.Repositories.Implementations.BaseRepositoryTest" file="/build/framgia/viblo-learning-api/tests/Unit/Repositories/Implementations/BaseRepositoryTest.php" line="290" assertions="1" time="0.027872"/>
<testcase name="test_it_can_set_with" class="Tests\Unit\Repositories\Implementations\BaseRepositoryTest" classname="Tests.Unit.Repositories.Implementations.BaseRepositoryTest" file="/build/framgia/viblo-learning-api/tests/Unit/Repositories/Implementations/BaseRepositoryTest.php" line="316" assertions="1" time="0.028204"/>
</testsuite>
<testsuite name="Tests\Unit\Repositories\Implementations\CertificateRepositoryTest" file="/build/framgia/viblo-learning-api/tests/Unit/Repositories/Implementations/CertificateRepositoryTest.php" tests="8" assertions="26" errors="0" warnings="0" failures="0" skipped="0" time="0.272355">
<testcase name="testItCanReturnModel" class="Tests\Unit\Repositories\Implementations\CertificateRepositoryTest" classname="Tests.Unit.Repositories.Implementations.CertificateRepositoryTest" file="/build/framgia/viblo-learning-api/tests/Unit/Repositories/Implementations/CertificateRepositoryTest.php" line="34" assertions="1" time="0.026738"/>
<testcase name="test_it_throw_error_when_get_by_hash_id_with_id_is_number" class="Tests\Unit\Repositories\Implementations\CertificateRepositoryTest" classname="Tests.Unit.Repositories.Implementations.CertificateRepositoryTest" file="/build/framgia/viblo-learning-api/tests/Unit/Repositories/Implementations/CertificateRepositoryTest.php" line="51" assertions="3" time="0.026378"/>
<testcase name="test_it_get_by_hash_id" class="Tests\Unit\Repositories\Implementations\CertificateRepositoryTest" classname="Tests.Unit.Repositories.Implementations.CertificateRepositoryTest" file="/build/framgia/viblo-learning-api/tests/Unit/Repositories/Implementations/CertificateRepositoryTest.php" line="69" assertions="3" time="0.037269"/>
<testcase name="test_it_can_create" class="Tests\Unit\Repositories\Implementations\CertificateRepositoryTest" classname="Tests.Unit.Repositories.Implementations.CertificateRepositoryTest" file="/build/framgia/viblo-learning-api/tests/Unit/Repositories/Implementations/CertificateRepositoryTest.php" line="89" assertions="1" time="0.028510"/>
<testcase name="test_it_can_update" class="Tests\Unit\Repositories\Implementations\CertificateRepositoryTest" classname="Tests.Unit.Repositories.Implementations.CertificateRepositoryTest" file="/build/framgia/viblo-learning-api/tests/Unit/Repositories/Implementations/CertificateRepositoryTest.php" line="109" assertions="1" time="0.067436"/>
<testcase name="test_it_can_get_by_condition" class="Tests\Unit\Repositories\Implementations\CertificateRepositoryTest" classname="Tests.Unit.Repositories.Implementations.CertificateRepositoryTest" file="/build/framgia/viblo-learning-api/tests/Unit/Repositories/Implementations/CertificateRepositoryTest.php" line="122" assertions="5" time="0.027306"/>
<testcase name="test_it_can_get_management_certificates" class="Tests\Unit\Repositories\Implementations\CertificateRepositoryTest" classname="Tests.Unit.Repositories.Implementations.CertificateRepositoryTest" file="/build/framgia/viblo-learning-api/tests/Unit/Repositories/Implementations/CertificateRepositoryTest.php" line="144" assertions="7" time="0.027895"/>
<testcase name="test_it_can_get_exams_by_certificates" class="Tests\Unit\Repositories\Implementations\CertificateRepositoryTest" classname="Tests.Unit.Repositories.Implementations.CertificateRepositoryTest" file="/build/framgia/viblo-learning-api/tests/Unit/Repositories/Implementations/CertificateRepositoryTest.php" line="172" assertions="5" time="0.030823"/>
</testsuite>
<testsuite name="Tests\Unit\Repositories\Implementations\ChoiceRepositoryTest" file="/build/framgia/viblo-learning-api/tests/Unit/Repositories/Implementations/ChoiceRepositoryTest.php" tests="1" assertions="1" errors="0" warnings="0" failures="0" skipped="0" time="0.027175">
<testcase name="testItCanReturnModel" class="Tests\Unit\Repositories\Implementations\ChoiceRepositoryTest" classname="Tests.Unit.Repositories.Implementations.ChoiceRepositoryTest" file="/build/framgia/viblo-learning-api/tests/Unit/Repositories/Implementations/ChoiceRepositoryTest.php" line="13" assertions="1" time="0.027175"/>
</testsuite>
<testsuite name="Tests\Unit\Repositories\Implementations\CourseRepositoryTest" file="/build/framgia/viblo-learning-api/tests/Unit/Repositories/Implementations/CourseRepositoryTest.php" tests="10" assertions="40" errors="0" warnings="0" failures="0" skipped="0" time="0.327683">
<testcase name="testItCanReturnModel" class="Tests\Unit\Repositories\Implementations\CourseRepositoryTest" classname="Tests.Unit.Repositories.Implementations.CourseRepositoryTest" file="/build/framgia/viblo-learning-api/tests/Unit/Repositories/Implementations/CourseRepositoryTest.php" line="39" assertions="1" time="0.026473"/>
<testcase name="test_it_can_create" class="Tests\Unit\Repositories\Implementations\CourseRepositoryTest" classname="Tests.Unit.Repositories.Implementations.CourseRepositoryTest" file="/build/framgia/viblo-learning-api/tests/Unit/Repositories/Implementations/CourseRepositoryTest.php" line="58" assertions="1" time="0.030099"/>
<testcase name="test_it_can_update" class="Tests\Unit\Repositories\Implementations\CourseRepositoryTest" classname="Tests.Unit.Repositories.Implementations.CourseRepositoryTest" file="/build/framgia/viblo-learning-api/tests/Unit/Repositories/Implementations/CourseRepositoryTest.php" line="90" assertions="2" time="0.069836"/>
<testcase name="test_it_cant_update_trending" class="Tests\Unit\Repositories\Implementations\CourseRepositoryTest" classname="Tests.Unit.Repositories.Implementations.CourseRepositoryTest" file="/build/framgia/viblo-learning-api/tests/Unit/Repositories/Implementations/CourseRepositoryTest.php" line="108" assertions="2" time="0.026441"/>
<testcase name="test_it_can_get_by_condition" class="Tests\Unit\Repositories\Implementations\CourseRepositoryTest" classname="Tests.Unit.Repositories.Implementations.CourseRepositoryTest" file="/build/framgia/viblo-learning-api/tests/Unit/Repositories/Implementations/CourseRepositoryTest.php" line="127" assertions="8" time="0.033913"/>
<testcase name="test_it_can_get_exam_by_list_courses" class="Tests\Unit\Repositories\Implementations\CourseRepositoryTest" classname="Tests.Unit.Repositories.Implementations.CourseRepositoryTest" file="/build/framgia/viblo-learning-api/tests/Unit/Repositories/Implementations/CourseRepositoryTest.php" line="153" assertions="5" time="0.031738"/>
<testcase name="test_it_can_get_course" class="Tests\Unit\Repositories\Implementations\CourseRepositoryTest" classname="Tests.Unit.Repositories.Implementations.CourseRepositoryTest" file="/build/framgia/viblo-learning-api/tests/Unit/Repositories/Implementations/CourseRepositoryTest.php" line="176" assertions="2" time="0.027427"/>
<testcase name="test_it_can_get_course_by_certificate" class="Tests\Unit\Repositories\Implementations\CourseRepositoryTest" classname="Tests.Unit.Repositories.Implementations.CourseRepositoryTest" file="/build/framgia/viblo-learning-api/tests/Unit/Repositories/Implementations/CourseRepositoryTest.php" line="195" assertions="4" time="0.027380"/>
<testcase name="test_it_can_get_newest_courses" class="Tests\Unit\Repositories\Implementations\CourseRepositoryTest" classname="Tests.Unit.Repositories.Implementations.CourseRepositoryTest" file="/build/framgia/viblo-learning-api/tests/Unit/Repositories/Implementations/CourseRepositoryTest.php" line="217" assertions="5" time="0.026720"/>
<testcase name="test_it_can_get_courses_by_category" class="Tests\Unit\Repositories\Implementations\CourseRepositoryTest" classname="Tests.Unit.Repositories.Implementations.CourseRepositoryTest" file="/build/framgia/viblo-learning-api/tests/Unit/Repositories/Implementations/CourseRepositoryTest.php" line="238" assertions="10" time="0.027656"/>
</testsuite>
<testsuite name="Tests\Unit\Repositories\Implementations\CourseUserRepositoryTest" file="/build/framgia/viblo-learning-api/tests/Unit/Repositories/Implementations/CourseUserRepositoryTest.php" tests="3" assertions="7" errors="0" warnings="0" failures="0" skipped="0" time="0.148948">
<testcase name="testItCanReturnModel" class="Tests\Unit\Repositories\Implementations\CourseUserRepositoryTest" classname="Tests.Unit.Repositories.Implementations.CourseUserRepositoryTest" file="/build/framgia/viblo-learning-api/tests/Unit/Repositories/Implementations/CourseUserRepositoryTest.php" line="31" assertions="1" time="0.094618"/>
<testcase name="test_it_can_create" class="Tests\Unit\Repositories\Implementations\CourseUserRepositoryTest" classname="Tests.Unit.Repositories.Implementations.CourseUserRepositoryTest" file="/build/framgia/viblo-learning-api/tests/Unit/Repositories/Implementations/CourseUserRepositoryTest.php" line="48" assertions="1" time="0.027014"/>
<testcase name="test_it_can_get_status_user_enroll" class="Tests\Unit\Repositories\Implementations\CourseUserRepositoryTest" classname="Tests.Unit.Repositories.Implementations.CourseUserRepositoryTest" file="/build/framgia/viblo-learning-api/tests/Unit/Repositories/Implementations/CourseUserRepositoryTest.php" line="69" assertions="5" time="0.027316"/>
</testsuite>
<testsuite name="Tests\Unit\Repositories\Implementations\ExamRepositoryTest" file="/build/framgia/viblo-learning-api/tests/Unit/Repositories/Implementations/ExamRepositoryTest.php" tests="9" assertions="46" errors="0" warnings="0" failures="0" skipped="0" time="0.287131">
<testcase name="testItCanReturnModel" class="Tests\Unit\Repositories\Implementations\ExamRepositoryTest" classname="Tests.Unit.Repositories.Implementations.ExamRepositoryTest" file="/build/framgia/viblo-learning-api/tests/Unit/Repositories/Implementations/ExamRepositoryTest.php" line="42" assertions="2" time="0.028425"/>
<testcase name="test_it_can_create" class="Tests\Unit\Repositories\Implementations\ExamRepositoryTest" classname="Tests.Unit.Repositories.Implementations.ExamRepositoryTest" file="/build/framgia/viblo-learning-api/tests/Unit/Repositories/Implementations/ExamRepositoryTest.php" line="59" assertions="2" time="0.028781"/>
<testcase name="test_it_can_get_certificate_by_it" class="Tests\Unit\Repositories\Implementations\ExamRepositoryTest" classname="Tests.Unit.Repositories.Implementations.ExamRepositoryTest" file="/build/framgia/viblo-learning-api/tests/Unit/Repositories/Implementations/ExamRepositoryTest.php" line="85" assertions="6" time="0.029809"/>
<testcase name="test_it_can_get_public_exams" class="Tests\Unit\Repositories\Implementations\ExamRepositoryTest" classname="Tests.Unit.Repositories.Implementations.ExamRepositoryTest" file="/build/framgia/viblo-learning-api/tests/Unit/Repositories/Implementations/ExamRepositoryTest.php" line="102" assertions="4" time="0.029410"/>
<testcase name="test_it_can_get_all_exams" class="Tests\Unit\Repositories\Implementations\ExamRepositoryTest" classname="Tests.Unit.Repositories.Implementations.ExamRepositoryTest" file="/build/framgia/viblo-learning-api/tests/Unit/Repositories/Implementations/ExamRepositoryTest.php" line="117" assertions="6" time="0.030271"/>
<testcase name="test_it_can_get_course_exams" class="Tests\Unit\Repositories\Implementations\ExamRepositoryTest" classname="Tests.Unit.Repositories.Implementations.ExamRepositoryTest" file="/build/framgia/viblo-learning-api/tests/Unit/Repositories/Implementations/ExamRepositoryTest.php" line="134" assertions="10" time="0.030220"/>
<testcase name="test_it_can_get_first_exam_course" class="Tests\Unit\Repositories\Implementations\ExamRepositoryTest" classname="Tests.Unit.Repositories.Implementations.ExamRepositoryTest" file="/build/framgia/viblo-learning-api/tests/Unit/Repositories/Implementations/ExamRepositoryTest.php" line="155" assertions="6" time="0.030175"/>
<testcase name="test_it_can_get_test_exam_by_language" class="Tests\Unit\Repositories\Implementations\ExamRepositoryTest" classname="Tests.Unit.Repositories.Implementations.ExamRepositoryTest" file="/build/framgia/viblo-learning-api/tests/Unit/Repositories/Implementations/ExamRepositoryTest.php" line="171" assertions="7" time="0.033272"/>
<testcase name="test_it_can_get_status_test_exam" class="Tests\Unit\Repositories\Implementations\ExamRepositoryTest" classname="Tests.Unit.Repositories.Implementations.ExamRepositoryTest" file="/build/framgia/viblo-learning-api/tests/Unit/Repositories/Implementations/ExamRepositoryTest.php" line="186" assertions="3" time="0.046767"/>
</testsuite>
<testsuite name="Tests\Unit\Repositories\Implementations\FeedbackRepositoryTest" file="/build/framgia/viblo-learning-api/tests/Unit/Repositories/Implementations/FeedbackRepositoryTest.php" tests="4" assertions="12" errors="0" warnings="0" failures="0" skipped="0" time="0.126490">
<testcase name="testItCanReturnModel" class="Tests\Unit\Repositories\Implementations\FeedbackRepositoryTest" classname="Tests.Unit.Repositories.Implementations.FeedbackRepositoryTest" file="/build/framgia/viblo-learning-api/tests/Unit/Repositories/Implementations/FeedbackRepositoryTest.php" line="31" assertions="1" time="0.045658"/>
<testcase name="test_it_can_create" class="Tests\Unit\Repositories\Implementations\FeedbackRepositoryTest" classname="Tests.Unit.Repositories.Implementations.FeedbackRepositoryTest" file="/build/framgia/viblo-learning-api/tests/Unit/Repositories/Implementations/FeedbackRepositoryTest.php" line="48" assertions="2" time="0.027848"/>
<testcase name="test_it_can_update" class="Tests\Unit\Repositories\Implementations\FeedbackRepositoryTest" classname="Tests.Unit.Repositories.Implementations.FeedbackRepositoryTest" file="/build/framgia/viblo-learning-api/tests/Unit/Repositories/Implementations/FeedbackRepositoryTest.php" line="73" assertions="1" time="0.026156"/>
<testcase name="test_it_can_get_by_condition" class="Tests\Unit\Repositories\Implementations\FeedbackRepositoryTest" classname="Tests.Unit.Repositories.Implementations.FeedbackRepositoryTest" file="/build/framgia/viblo-learning-api/tests/Unit/Repositories/Implementations/FeedbackRepositoryTest.php" line="85" assertions="8" time="0.026828"/>
</testsuite>
<testsuite name="Tests\Unit\Repositories\Implementations\ObjectiveRepositoryTest" file="/build/framgia/viblo-learning-api/tests/Unit/Repositories/Implementations/ObjectiveRepositoryTest.php" tests="3" assertions="9" errors="0" warnings="0" failures="0" skipped="0" time="0.079379">
<testcase name="testItCanReturnModel" class="Tests\Unit\Repositories\Implementations\ObjectiveRepositoryTest" classname="Tests.Unit.Repositories.Implementations.ObjectiveRepositoryTest" file="/build/framgia/viblo-learning-api/tests/Unit/Repositories/Implementations/ObjectiveRepositoryTest.php" line="31" assertions="1" time="0.026584"/>
<testcase name="test_it_can_create" class="Tests\Unit\Repositories\Implementations\ObjectiveRepositoryTest" classname="Tests.Unit.Repositories.Implementations.ObjectiveRepositoryTest" file="/build/framgia/viblo-learning-api/tests/Unit/Repositories/Implementations/ObjectiveRepositoryTest.php" line="48" assertions="1" time="0.026092"/>
<testcase name="test_it_can_get_by_condition" class="Tests\Unit\Repositories\Implementations\ObjectiveRepositoryTest" classname="Tests.Unit.Repositories.Implementations.ObjectiveRepositoryTest" file="/build/framgia/viblo-learning-api/tests/Unit/Repositories/Implementations/ObjectiveRepositoryTest.php" line="72" assertions="7" time="0.026703"/>
</testsuite>
<testsuite name="Tests\Unit\Repositories\Implementations\QuestionRepositoryTest" file="/build/framgia/viblo-learning-api/tests/Unit/Repositories/Implementations/QuestionRepositoryTest.php" tests="4" assertions="4" errors="0" warnings="0" failures="0" skipped="0" time="0.108694">
<testcase name="testItCanReturnModel" class="Tests\Unit\Repositories\Implementations\QuestionRepositoryTest" classname="Tests.Unit.Repositories.Implementations.QuestionRepositoryTest" file="/build/framgia/viblo-learning-api/tests/Unit/Repositories/Implementations/QuestionRepositoryTest.php" line="37" assertions="1" time="0.026237"/>
<testcase name="test_it_can_get_by_objective" class="Tests\Unit\Repositories\Implementations\QuestionRepositoryTest" classname="Tests.Unit.Repositories.Implementations.QuestionRepositoryTest" file="/build/framgia/viblo-learning-api/tests/Unit/Repositories/Implementations/QuestionRepositoryTest.php" line="49" assertions="1" time="0.026514"/>
<testcase name="test_it_can_get_by_objective_with_null_params" class="Tests\Unit\Repositories\Implementations\QuestionRepositoryTest" classname="Tests.Unit.Repositories.Implementations.QuestionRepositoryTest" file="/build/framgia/viblo-learning-api/tests/Unit/Repositories/Implementations/QuestionRepositoryTest.php" line="58" assertions="1" time="0.027309"/>
<testcase name="test_it_can_update_admin" class="Tests\Unit\Repositories\Implementations\QuestionRepositoryTest" classname="Tests.Unit.Repositories.Implementations.QuestionRepositoryTest" file="/build/framgia/viblo-learning-api/tests/Unit/Repositories/Implementations/QuestionRepositoryTest.php" line="67" assertions="1" time="0.028634"/>
</testsuite>
<testsuite name="Tests\Unit\Repositories\Implementations\QuestionTestRepositoryTest" file="/build/framgia/viblo-learning-api/tests/Unit/Repositories/Implementations/QuestionTestRepositoryTest.php" tests="1" assertions="1" errors="0" warnings="0" failures="0" skipped="0" time="0.025437">
<testcase name="testItCanReturnModel" class="Tests\Unit\Repositories\Implementations\QuestionTestRepositoryTest" classname="Tests.Unit.Repositories.Implementations.QuestionTestRepositoryTest" file="/build/framgia/viblo-learning-api/tests/Unit/Repositories/Implementations/QuestionTestRepositoryTest.php" line="13" assertions="1" time="0.025437"/>
</testsuite>
<testsuite name="Tests\Unit\Repositories\Implementations\ReferenceRepositoryTest" file="/build/framgia/viblo-learning-api/tests/Unit/Repositories/Implementations/ReferenceRepositoryTest.php" tests="4" assertions="7" errors="0" warnings="0" failures="0" skipped="0" time="0.159544">
<testcase name="testItCanReturnModel" class="Tests\Unit\Repositories\Implementations\ReferenceRepositoryTest" classname="Tests.Unit.Repositories.Implementations.ReferenceRepositoryTest" file="/build/framgia/viblo-learning-api/tests/Unit/Repositories/Implementations/ReferenceRepositoryTest.php" line="34" assertions="1" time="0.066716"/>
<testcase name="test_it_can_get_reference_by_exam_id" class="Tests\Unit\Repositories\Implementations\ReferenceRepositoryTest" classname="Tests.Unit.Repositories.Implementations.ReferenceRepositoryTest" file="/build/framgia/viblo-learning-api/tests/Unit/Repositories/Implementations/ReferenceRepositoryTest.php" line="51" assertions="3" time="0.029791"/>
<testcase name="test_it_can_update_reference" class="Tests\Unit\Repositories\Implementations\ReferenceRepositoryTest" classname="Tests.Unit.Repositories.Implementations.ReferenceRepositoryTest" file="/build/framgia/viblo-learning-api/tests/Unit/Repositories/Implementations/ReferenceRepositoryTest.php" line="79" assertions="2" time="0.034301"/>
<testcase name="test_it_can_destroy_reference" class="Tests\Unit\Repositories\Implementations\ReferenceRepositoryTest" classname="Tests.Unit.Repositories.Implementations.ReferenceRepositoryTest" file="/build/framgia/viblo-learning-api/tests/Unit/Repositories/Implementations/ReferenceRepositoryTest.php" line="104" assertions="1" time="0.028736"/>
</testsuite>
<testsuite name="Tests\Unit\Repositories\Implementations\RoadmapRepositoryTest" file="/build/framgia/viblo-learning-api/tests/Unit/Repositories/Implementations/RoadmapRepositoryTest.php" tests="7" assertions="27" errors="0" warnings="0" failures="0" skipped="0" time="0.258480">
<testcase name="testItCanReturnModel" class="Tests\Unit\Repositories\Implementations\RoadmapRepositoryTest" classname="Tests.Unit.Repositories.Implementations.RoadmapRepositoryTest" file="/build/framgia/viblo-learning-api/tests/Unit/Repositories/Implementations/RoadmapRepositoryTest.php" line="31" assertions="1" time="0.047858"/>
<testcase name="test_it_can_get_by_condition" class="Tests\Unit\Repositories\Implementations\RoadmapRepositoryTest" classname="Tests.Unit.Repositories.Implementations.RoadmapRepositoryTest" file="/build/framgia/viblo-learning-api/tests/Unit/Repositories/Implementations/RoadmapRepositoryTest.php" line="48" assertions="9" time="0.026223"/>
<testcase name="test_it_can_create" class="Tests\Unit\Repositories\Implementations\RoadmapRepositoryTest" classname="Tests.Unit.Repositories.Implementations.RoadmapRepositoryTest" file="/build/framgia/viblo-learning-api/tests/Unit/Repositories/Implementations/RoadmapRepositoryTest.php" line="77" assertions="1" time="0.068319"/>
<testcase name="test_it_can_update" class="Tests\Unit\Repositories\Implementations\RoadmapRepositoryTest" classname="Tests.Unit.Repositories.Implementations.RoadmapRepositoryTest" file="/build/framgia/viblo-learning-api/tests/Unit/Repositories/Implementations/RoadmapRepositoryTest.php" line="98" assertions="1" time="0.029869"/>
<testcase name="test_it_can_get_full_roadmap_tree" class="Tests\Unit\Repositories\Implementations\RoadmapRepositoryTest" classname="Tests.Unit.Repositories.Implementations.RoadmapRepositoryTest" file="/build/framgia/viblo-learning-api/tests/Unit/Repositories/Implementations/RoadmapRepositoryTest.php" line="112" assertions="4" time="0.027638"/>
<testcase name="test_it_can_get_roadmap_tree_from_node" class="Tests\Unit\Repositories\Implementations\RoadmapRepositoryTest" classname="Tests.Unit.Repositories.Implementations.RoadmapRepositoryTest" file="/build/framgia/viblo-learning-api/tests/Unit/Repositories/Implementations/RoadmapRepositoryTest.php" line="129" assertions="5" time="0.027868"/>
<testcase name="test_it_can_get_feature_roadmaps" class="Tests\Unit\Repositories\Implementations\RoadmapRepositoryTest" classname="Tests.Unit.Repositories.Implementations.RoadmapRepositoryTest" file="/build/framgia/viblo-learning-api/tests/Unit/Repositories/Implementations/RoadmapRepositoryTest.php" line="153" assertions="6" time="0.030705"/>
</testsuite>
<testsuite name="Tests\Unit\Repositories\Implementations\SubmissionRepositoryTest" file="/build/framgia/viblo-learning-api/tests/Unit/Repositories/Implementations/SubmissionRepositoryTest.php" tests="1" assertions="1" errors="0" warnings="0" failures="0" skipped="0" time="0.037410">
<testcase name="testItCanReturnModel" class="Tests\Unit\Repositories\Implementations\SubmissionRepositoryTest" classname="Tests.Unit.Repositories.Implementations.SubmissionRepositoryTest" file="/build/framgia/viblo-learning-api/tests/Unit/Repositories/Implementations/SubmissionRepositoryTest.php" line="13" assertions="1" time="0.037410"/>
</testsuite>
<testsuite name="Tests\Unit\Repositories\Implementations\TagRepositoryTest" file="/build/framgia/viblo-learning-api/tests/Unit/Repositories/Implementations/TagRepositoryTest.php" tests="1" assertions="1" errors="0" warnings="0" failures="0" skipped="0" time="0.039934">
<testcase name="testItCanReturnModel" class="Tests\Unit\Repositories\Implementations\TagRepositoryTest" classname="Tests.Unit.Repositories.Implementations.TagRepositoryTest" file="/build/framgia/viblo-learning-api/tests/Unit/Repositories/Implementations/TagRepositoryTest.php" line="13" assertions="1" time="0.039934"/>
</testsuite>
<testsuite name="Tests\Unit\Repositories\Implementations\TestRepositoryTest" file="/build/framgia/viblo-learning-api/tests/Unit/Repositories/Implementations/TestRepositoryTest.php" tests="5" assertions="24" errors="0" warnings="0" failures="0" skipped="0" time="0.214359">
<testcase name="testItCanReturnModel" class="Tests\Unit\Repositories\Implementations\TestRepositoryTest" classname="Tests.Unit.Repositories.Implementations.TestRepositoryTest" file="/build/framgia/viblo-learning-api/tests/Unit/Repositories/Implementations/TestRepositoryTest.php" line="18" assertions="1" time="0.069960"/>
<testcase name="test_it_can_get_test_by_condition" class="Tests\Unit\Repositories\Implementations\TestRepositoryTest" classname="Tests.Unit.Repositories.Implementations.TestRepositoryTest" file="/build/framgia/viblo-learning-api/tests/Unit/Repositories/Implementations/TestRepositoryTest.php" line="35" assertions="4" time="0.028132"/>
<testcase name="test_it_can_get_all_test_by_condition" class="Tests\Unit\Repositories\Implementations\TestRepositoryTest" classname="Tests.Unit.Repositories.Implementations.TestRepositoryTest" file="/build/framgia/viblo-learning-api/tests/Unit/Repositories/Implementations/TestRepositoryTest.php" line="55" assertions="4" time="0.034892"/>
<testcase name="test_it_can_check_exists_passed_tests" class="Tests\Unit\Repositories\Implementations\TestRepositoryTest" classname="Tests.Unit.Repositories.Implementations.TestRepositoryTest" file="/build/framgia/viblo-learning-api/tests/Unit/Repositories/Implementations/TestRepositoryTest.php" line="75" assertions="5" time="0.032509"/>
<testcase name="test_it_can_get_all_tests" class="Tests\Unit\Repositories\Implementations\TestRepositoryTest" classname="Tests.Unit.Repositories.Implementations.TestRepositoryTest" file="/build/framgia/viblo-learning-api/tests/Unit/Repositories/Implementations/TestRepositoryTest.php" line="93" assertions="10" time="0.048866"/>
</testsuite>
<testsuite name="Tests\Unit\Repositories\Implementations\UserRepositoryTest" file="/build/framgia/viblo-learning-api/tests/Unit/Repositories/Implementations/UserRepositoryTest.php" tests="17" assertions="82" errors="0" warnings="0" failures="0" skipped="0" time="1.030690">
<testcase name="testItCanReturnModel" class="Tests\Unit\Repositories\Implementations\UserRepositoryTest" classname="Tests.Unit.Repositories.Implementations.UserRepositoryTest" file="/build/framgia/viblo-learning-api/tests/Unit/Repositories/Implementations/UserRepositoryTest.php" line="41" assertions="1" time="0.026240"/>
<testcase name="test_it_can_get_by_condition" class="Tests\Unit\Repositories\Implementations\UserRepositoryTest" classname="Tests.Unit.Repositories.Implementations.UserRepositoryTest" file="/build/framgia/viblo-learning-api/tests/Unit/Repositories/Implementations/UserRepositoryTest.php" line="58" assertions="6" time="0.026679"/>
<testcase name="test_it_can_get_my_question_user_by_condition" class="Tests\Unit\Repositories\Implementations\UserRepositoryTest" classname="Tests.Unit.Repositories.Implementations.UserRepositoryTest" file="/build/framgia/viblo-learning-api/tests/Unit/Repositories/Implementations/UserRepositoryTest.php" line="82" assertions="5" time="0.074027"/>
<testcase name="test_user_can_restore" class="Tests\Unit\Repositories\Implementations\UserRepositoryTest" classname="Tests.Unit.Repositories.Implementations.UserRepositoryTest" file="/build/framgia/viblo-learning-api/tests/Unit/Repositories/Implementations/UserRepositoryTest.php" line="106" assertions="4" time="0.026518"/>
<testcase name="test_it_can_get_reviewer" class="Tests\Unit\Repositories\Implementations\UserRepositoryTest" classname="Tests.Unit.Repositories.Implementations.UserRepositoryTest" file="/build/framgia/viblo-learning-api/tests/Unit/Repositories/Implementations/UserRepositoryTest.php" line="124" assertions="6" time="0.028749"/>
<testcase name="test_it_can_get_contribution_ranking" class="Tests\Unit\Repositories\Implementations\UserRepositoryTest" classname="Tests.Unit.Repositories.Implementations.UserRepositoryTest" file="/build/framgia/viblo-learning-api/tests/Unit/Repositories/Implementations/UserRepositoryTest.php" line="152" assertions="10" time="0.161355"/>
<testcase name="test_it_can_get_contribution_ranking_with_from_to" class="Tests\Unit\Repositories\Implementations\UserRepositoryTest" classname="Tests.Unit.Repositories.Implementations.UserRepositoryTest" file="/build/framgia/viblo-learning-api/tests/Unit/Repositories/Implementations/UserRepositoryTest.php" line="197" assertions="11" time="0.161770"/>
<testcase name="test_it_can_get_user_contribution_ranking" class="Tests\Unit\Repositories\Implementations\UserRepositoryTest" classname="Tests.Unit.Repositories.Implementations.UserRepositoryTest" file="/build/framgia/viblo-learning-api/tests/Unit/Repositories/Implementations/UserRepositoryTest.php" line="243" assertions="10" time="0.049839"/>
<testcase name="test_it_can_get_total_system_user" class="Tests\Unit\Repositories\Implementations\UserRepositoryTest" classname="Tests.Unit.Repositories.Implementations.UserRepositoryTest" file="/build/framgia/viblo-learning-api/tests/Unit/Repositories/Implementations/UserRepositoryTest.php" line="287" assertions="2" time="0.026680"/>
<testcase name="test_it_can_get_active_total_user" class="Tests\Unit\Repositories\Implementations\UserRepositoryTest" classname="Tests.Unit.Repositories.Implementations.UserRepositoryTest" file="/build/framgia/viblo-learning-api/tests/Unit/Repositories/Implementations/UserRepositoryTest.php" line="303" assertions="3" time="0.031839"/>
<testcase name="test_it_can_get_total_un_active_user" class="Tests\Unit\Repositories\Implementations\UserRepositoryTest" classname="Tests.Unit.Repositories.Implementations.UserRepositoryTest" file="/build/framgia/viblo-learning-api/tests/Unit/Repositories/Implementations/UserRepositoryTest.php" line="320" assertions="3" time="0.026701"/>
<testcase name="test_it_can_get_dashboard" class="Tests\Unit\Repositories\Implementations\UserRepositoryTest" classname="Tests.Unit.Repositories.Implementations.UserRepositoryTest" file="/build/framgia/viblo-learning-api/tests/Unit/Repositories/Implementations/UserRepositoryTest.php" line="337" assertions="1" time="0.078602"/>
<testcase name="test_it_can_get_user_ranking" class="Tests\Unit\Repositories\Implementations\UserRepositoryTest" classname="Tests.Unit.Repositories.Implementations.UserRepositoryTest" file="/build/framgia/viblo-learning-api/tests/Unit/Repositories/Implementations/UserRepositoryTest.php" line="359" assertions="8" time="0.034936"/>
<testcase name="test_it_can_get_rank_weekly" class="Tests\Unit\Repositories\Implementations\UserRepositoryTest" classname="Tests.Unit.Repositories.Implementations.UserRepositoryTest" file="/build/framgia/viblo-learning-api/tests/Unit/Repositories/Implementations/UserRepositoryTest.php" line="395" assertions="9" time="0.184517"/>
<testcase name="test_it_can_get_contribution_rank_weekly" class="Tests\Unit\Repositories\Implementations\UserRepositoryTest" classname="Tests.Unit.Repositories.Implementations.UserRepositoryTest" file="/build/framgia/viblo-learning-api/tests/Unit/Repositories/Implementations/UserRepositoryTest.php" line="423" assertions="1" time="0.033147"/>
<testcase name="test_it_can_get_rank_monthly" class="Tests\Unit\Repositories\Implementations\UserRepositoryTest" classname="Tests.Unit.Repositories.Implementations.UserRepositoryTest" file="/build/framgia/viblo-learning-api/tests/Unit/Repositories/Implementations/UserRepositoryTest.php" line="438" assertions="1" time="0.029982"/>
<testcase name="test_it_can_get_contribution_rank_month" class="Tests\Unit\Repositories\Implementations\UserRepositoryTest" classname="Tests.Unit.Repositories.Implementations.UserRepositoryTest" file="/build/framgia/viblo-learning-api/tests/Unit/Repositories/Implementations/UserRepositoryTest.php" line="453" assertions="1" time="0.029109"/>
</testsuite>
<testsuite name="Tests\Unit\Repositories\Implementations\VoucherRepositoryTest" file="/build/framgia/viblo-learning-api/tests/Unit/Repositories/Implementations/VoucherRepositoryTest.php" tests="3" assertions="5" errors="0" warnings="0" failures="0" skipped="0" time="0.146055">
<testcase name="testItCanReturnModel" class="Tests\Unit\Repositories\Implementations\VoucherRepositoryTest" classname="Tests.Unit.Repositories.Implementations.VoucherRepositoryTest" file="/build/framgia/viblo-learning-api/tests/Unit/Repositories/Implementations/VoucherRepositoryTest.php" line="41" assertions="1" time="0.029260"/>
<testcase name="test_it_can_get_list_voucher_by_certificate" class="Tests\Unit\Repositories\Implementations\VoucherRepositoryTest" classname="Tests.Unit.Repositories.Implementations.VoucherRepositoryTest" file="/build/framgia/viblo-learning-api/tests/Unit/Repositories/Implementations/VoucherRepositoryTest.php" line="58" assertions="3" time="0.089848"/>
<testcase name="test_it_can_update_voucher" class="Tests\Unit\Repositories\Implementations\VoucherRepositoryTest" classname="Tests.Unit.Repositories.Implementations.VoucherRepositoryTest" file="/build/framgia/viblo-learning-api/tests/Unit/Repositories/Implementations/VoucherRepositoryTest.php" line="70" assertions="1" time="0.026947"/>
</testsuite>
<testsuite name="Tests\Unit\Rules\FillTheBlankContentTest" file="/build/framgia/viblo-learning-api/tests/Unit/Rules/FillTheBlankContentTest.php" tests="3" assertions="3" errors="0" warnings="0" failures="0" skipped="0" time="0.078481">
<testcase name="test_it_can_fail" class="Tests\Unit\Rules\FillTheBlankContentTest" classname="Tests.Unit.Rules.FillTheBlankContentTest" file="/build/framgia/viblo-learning-api/tests/Unit/Rules/FillTheBlankContentTest.php" line="21" assertions="1" time="0.025773"/>
<testcase name="test_it_can_pass_rule" class="Tests\Unit\Rules\FillTheBlankContentTest" classname="Tests.Unit.Rules.FillTheBlankContentTest" file="/build/framgia/viblo-learning-api/tests/Unit/Rules/FillTheBlankContentTest.php" line="28" assertions="1" time="0.026894"/>
<testcase name="test_it_can_return_message" class="Tests\Unit\Rules\FillTheBlankContentTest" classname="Tests.Unit.Rules.FillTheBlankContentTest" file="/build/framgia/viblo-learning-api/tests/Unit/Rules/FillTheBlankContentTest.php" line="35" assertions="1" time="0.025814"/>
</testsuite>
<testsuite name="Tests\Unit\Rules\FillTheBlankRightAnswerTest" file="/build/framgia/viblo-learning-api/tests/Unit/Rules/FillTheBlankRightAnswerTest.php" tests="3" assertions="3" errors="0" warnings="0" failures="0" skipped="0" time="0.079550">
<testcase name="test_it_can_fail" class="Tests\Unit\Rules\FillTheBlankRightAnswerTest" classname="Tests.Unit.Rules.FillTheBlankRightAnswerTest" file="/build/framgia/viblo-learning-api/tests/Unit/Rules/FillTheBlankRightAnswerTest.php" line="21" assertions="1" time="0.025919"/>
<testcase name="test_it_can_pass_rule" class="Tests\Unit\Rules\FillTheBlankRightAnswerTest" classname="Tests.Unit.Rules.FillTheBlankRightAnswerTest" file="/build/framgia/viblo-learning-api/tests/Unit/Rules/FillTheBlankRightAnswerTest.php" line="28" assertions="1" time="0.026773"/>
<testcase name="test_it_can_return_message" class="Tests\Unit\Rules\FillTheBlankRightAnswerTest" classname="Tests.Unit.Rules.FillTheBlankRightAnswerTest" file="/build/framgia/viblo-learning-api/tests/Unit/Rules/FillTheBlankRightAnswerTest.php" line="36" assertions="1" time="0.026858"/>
</testsuite>
<testsuite name="Tests\Unit\Rules\ImportQuestionRuleTest" file="/build/framgia/viblo-learning-api/tests/Unit/Rules/ImportQuestionRuleTest.php" tests="17" assertions="17" errors="0" warnings="0" failures="0" skipped="0" time="0.509082">
<testcase name="test_it_can_import_questions_pass" class="Tests\Unit\Rules\ImportQuestionRuleTest" classname="Tests.Unit.Rules.ImportQuestionRuleTest" file="/build/framgia/viblo-learning-api/tests/Unit/Rules/ImportQuestionRuleTest.php" line="23" assertions="1" time="0.073250"/>
<testcase name="test_it_import_language_required" class="Tests\Unit\Rules\ImportQuestionRuleTest" classname="Tests.Unit.Rules.ImportQuestionRuleTest" file="/build/framgia/viblo-learning-api/tests/Unit/Rules/ImportQuestionRuleTest.php" line="41" assertions="1" time="0.026745"/>
<testcase name="test_it_import_language_type" class="Tests\Unit\Rules\ImportQuestionRuleTest" classname="Tests.Unit.Rules.ImportQuestionRuleTest" file="/build/framgia/viblo-learning-api/tests/Unit/Rules/ImportQuestionRuleTest.php" line="59" assertions="1" time="0.028356"/>
<testcase name="test_it_import_question_type_required" class="Tests\Unit\Rules\ImportQuestionRuleTest" classname="Tests.Unit.Rules.ImportQuestionRuleTest" file="/build/framgia/viblo-learning-api/tests/Unit/Rules/ImportQuestionRuleTest.php" line="77" assertions="1" time="0.026655"/>
<testcase name="test_it_import_question_type_fail" class="Tests\Unit\Rules\ImportQuestionRuleTest" classname="Tests.Unit.Rules.ImportQuestionRuleTest" file="/build/framgia/viblo-learning-api/tests/Unit/Rules/ImportQuestionRuleTest.php" line="95" assertions="1" time="0.031602"/>
<testcase name="test_it_import_question_content_required" class="Tests\Unit\Rules\ImportQuestionRuleTest" classname="Tests.Unit.Rules.ImportQuestionRuleTest" file="/build/framgia/viblo-learning-api/tests/Unit/Rules/ImportQuestionRuleTest.php" line="113" assertions="1" time="0.028661"/>
<testcase name="test_it_import_question_correct_answers_required" class="Tests\Unit\Rules\ImportQuestionRuleTest" classname="Tests.Unit.Rules.ImportQuestionRuleTest" file="/build/framgia/viblo-learning-api/tests/Unit/Rules/ImportQuestionRuleTest.php" line="131" assertions="1" time="0.027280"/>
<testcase name="test_it_import_question_correct_answers_is_number" class="Tests\Unit\Rules\ImportQuestionRuleTest" classname="Tests.Unit.Rules.ImportQuestionRuleTest" file="/build/framgia/viblo-learning-api/tests/Unit/Rules/ImportQuestionRuleTest.php" line="149" assertions="1" time="0.027675"/>
<testcase name="test_it_import_question_choice_required" class="Tests\Unit\Rules\ImportQuestionRuleTest" classname="Tests.Unit.Rules.ImportQuestionRuleTest" file="/build/framgia/viblo-learning-api/tests/Unit/Rules/ImportQuestionRuleTest.php" line="167" assertions="1" time="0.028926"/>
<testcase name="test_it_import_question_multi_choices_correct_answers_is_number" class="Tests\Unit\Rules\ImportQuestionRuleTest" classname="Tests.Unit.Rules.ImportQuestionRuleTest" file="/build/framgia/viblo-learning-api/tests/Unit/Rules/ImportQuestionRuleTest.php" line="185" assertions="1" time="0.026288"/>
<testcase name="test_it_import_question_multi_choices_correct_answers_is_array" class="Tests\Unit\Rules\ImportQuestionRuleTest" classname="Tests.Unit.Rules.ImportQuestionRuleTest" file="/build/framgia/viblo-learning-api/tests/Unit/Rules/ImportQuestionRuleTest.php" line="203" assertions="1" time="0.026230"/>
<testcase name="test_it_import_question_multi_choices_correct_answers_less_five" class="Tests\Unit\Rules\ImportQuestionRuleTest" classname="Tests.Unit.Rules.ImportQuestionRuleTest" file="/build/framgia/viblo-learning-api/tests/Unit/Rules/ImportQuestionRuleTest.php" line="221" assertions="1" time="0.026380"/>
<testcase name="test_it_import_question_multi_choices_count" class="Tests\Unit\Rules\ImportQuestionRuleTest" classname="Tests.Unit.Rules.ImportQuestionRuleTest" file="/build/framgia/viblo-learning-api/tests/Unit/Rules/ImportQuestionRuleTest.php" line="239" assertions="1" time="0.026282"/>
<testcase name="test_it_import_question_fill_the_blank_content_required" class="Tests\Unit\Rules\ImportQuestionRuleTest" classname="Tests.Unit.Rules.ImportQuestionRuleTest" file="/build/framgia/viblo-learning-api/tests/Unit/Rules/ImportQuestionRuleTest.php" line="257" assertions="1" time="0.026221"/>
<testcase name="test_it_import_question_fill_the_blank_content_less_five" class="Tests\Unit\Rules\ImportQuestionRuleTest" classname="Tests.Unit.Rules.ImportQuestionRuleTest" file="/build/framgia/viblo-learning-api/tests/Unit/Rules/ImportQuestionRuleTest.php" line="275" assertions="1" time="0.026310"/>
<testcase name="test_it_import_question_fill_the_blank_content_correct_answer_equal_zero" class="Tests\Unit\Rules\ImportQuestionRuleTest" classname="Tests.Unit.Rules.ImportQuestionRuleTest" file="/build/framgia/viblo-learning-api/tests/Unit/Rules/ImportQuestionRuleTest.php" line="293" assertions="1" time="0.026165"/>
<testcase name="test_it_can_return_message" class="Tests\Unit\Rules\ImportQuestionRuleTest" classname="Tests.Unit.Rules.ImportQuestionRuleTest" file="/build/framgia/viblo-learning-api/tests/Unit/Rules/ImportQuestionRuleTest.php" line="311" assertions="1" time="0.026056"/>
</testsuite>
<testsuite name="Tests\Unit\Rules\MultiChoiceRightAnswerTest" file="/build/framgia/viblo-learning-api/tests/Unit/Rules/MultiChoiceRightAnswerTest.php" tests="3" assertions="3" errors="0" warnings="0" failures="0" skipped="0" time="0.127649">
<testcase name="test_it_will_fail" class="Tests\Unit\Rules\MultiChoiceRightAnswerTest" classname="Tests.Unit.Rules.MultiChoiceRightAnswerTest" file="/build/framgia/viblo-learning-api/tests/Unit/Rules/MultiChoiceRightAnswerTest.php" line="11" assertions="1" time="0.074962"/>
<testcase name="test_it_can_pass" class="Tests\Unit\Rules\MultiChoiceRightAnswerTest" classname="Tests.Unit.Rules.MultiChoiceRightAnswerTest" file="/build/framgia/viblo-learning-api/tests/Unit/Rules/MultiChoiceRightAnswerTest.php" line="28" assertions="1" time="0.026462"/>
<testcase name="test_it_can_return_message" class="Tests\Unit\Rules\MultiChoiceRightAnswerTest" classname="Tests.Unit.Rules.MultiChoiceRightAnswerTest" file="/build/framgia/viblo-learning-api/tests/Unit/Rules/MultiChoiceRightAnswerTest.php" line="50" assertions="1" time="0.026225"/>
</testsuite>
<testsuite name="Tests\Unit\Rules\SingleRightAnswerTest" file="/build/framgia/viblo-learning-api/tests/Unit/Rules/SingleRightAnswerTest.php" tests="3" assertions="3" errors="0" warnings="0" failures="0" skipped="0" time="0.083857">
<testcase name="test_it_will_fail" class="Tests\Unit\Rules\SingleRightAnswerTest" classname="Tests.Unit.Rules.SingleRightAnswerTest" file="/build/framgia/viblo-learning-api/tests/Unit/Rules/SingleRightAnswerTest.php" line="11" assertions="1" time="0.028968"/>
<testcase name="test_it_can_pass" class="Tests\Unit\Rules\SingleRightAnswerTest" classname="Tests.Unit.Rules.SingleRightAnswerTest" file="/build/framgia/viblo-learning-api/tests/Unit/Rules/SingleRightAnswerTest.php" line="29" assertions="1" time="0.028760"/>
<testcase name="test_it_can_return_message" class="Tests\Unit\Rules\SingleRightAnswerTest" classname="Tests.Unit.Rules.SingleRightAnswerTest" file="/build/framgia/viblo-learning-api/tests/Unit/Rules/SingleRightAnswerTest.php" line="46" assertions="1" time="0.026129"/>
</testsuite>
<testsuite name="Tests\Unit\Support\HelpersTest" file="/build/framgia/viblo-learning-api/tests/Unit/Support/HelpersTest.php" tests="3" assertions="3" errors="0" warnings="0" failures="0" skipped="0" time="0.125791">
<testcase name="test_it_can_convert_vi_to_en" class="Tests\Unit\Support\HelpersTest" classname="Tests.Unit.Support.HelpersTest" file="/build/framgia/viblo-learning-api/tests/Unit/Support/HelpersTest.php" line="10" assertions="1" time="0.025715"/>
<testcase name="test_it_can_to_diff_string_with_zero" class="Tests\Unit\Support\HelpersTest" classname="Tests.Unit.Support.HelpersTest" file="/build/framgia/viblo-learning-api/tests/Unit/Support/HelpersTest.php" line="17" assertions="1" time="0.025754"/>
<testcase name="test_it_can_to_diff_string_without_zero" class="Tests\Unit\Support\HelpersTest" classname="Tests.Unit.Support.HelpersTest" file="/build/framgia/viblo-learning-api/tests/Unit/Support/HelpersTest.php" line="23" assertions="1" time="0.074322"/>
</testsuite>
<testsuite name="Tests\Unit\Support\ImageUploadTest" file="/build/framgia/viblo-learning-api/tests/Unit/Support/ImageUploadTest.php" tests="3" assertions="6" errors="0" warnings="0" failures="0" skipped="0" time="0.078526">
<testcase name="test_it_should_return_uuid" class="Tests\Unit\Support\ImageUploadTest" classname="Tests.Unit.Support.ImageUploadTest" file="/build/framgia/viblo-learning-api/tests/Unit/Support/ImageUploadTest.php" line="11" assertions="2" time="0.026457"/>
<testcase name="test_it_should_get_storage_path" class="Tests\Unit\Support\ImageUploadTest" classname="Tests.Unit.Support.ImageUploadTest" file="/build/framgia/viblo-learning-api/tests/Unit/Support/ImageUploadTest.php" line="17" assertions="1" time="0.025818"/>
<testcase name="test_it_get_type_from_mine" class="Tests\Unit\Support\ImageUploadTest" classname="Tests.Unit.Support.ImageUploadTest" file="/build/framgia/viblo-learning-api/tests/Unit/Support/ImageUploadTest.php" line="24" assertions="3" time="0.026251"/>
</testsuite>
<testsuite name="Tests\Unit\Transformers\Roadmap\TreeStructureTest" file="/build/framgia/viblo-learning-api/tests/Unit/Transformers/Roadmap/TreeStructureTest.php" tests="1" assertions="1" errors="0" warnings="0" failures="0" skipped="0" time="0.028154">
<testcase name="test_it_can_get_tree_structure_with_parent_id" class="Tests\Unit\Transformers\Roadmap\TreeStructureTest" classname="Tests.Unit.Transformers.Roadmap.TreeStructureTest" file="/build/framgia/viblo-learning-api/tests/Unit/Transformers/Roadmap/TreeStructureTest.php" line="12" assertions="1" time="0.028154"/>
</testsuite>
</testsuite>
<testsuite name="Feature" tests="102" assertions="1008" errors="0" warnings="0" failures="0" skipped="0" time="7.073983">
<testsuite name="Tests\Feature\Http\Controllers\Admin\CertificateControllerTest" file="/build/framgia/viblo-learning-api/tests/Feature/Http/Controllers/Admin/CertificateControllerTest.php" tests="5" assertions="51" errors="0" warnings="0" failures="0" skipped="0" time="0.389853">
<testcase name="test_it_can_store_certificate" class="Tests\Feature\Http\Controllers\Admin\CertificateControllerTest" classname="Tests.Feature.Http.Controllers.Admin.CertificateControllerTest" file="/build/framgia/viblo-learning-api/tests/Feature/Http/Controllers/Admin/CertificateControllerTest.php" line="29" assertions="17" time="0.075791"/>
<testcase name="test_it_can_update_certificate" class="Tests\Feature\Http\Controllers\Admin\CertificateControllerTest" classname="Tests.Feature.Http.Controllers.Admin.CertificateControllerTest" file="/build/framgia/viblo-learning-api/tests/Feature/Http/Controllers/Admin/CertificateControllerTest.php" line="98" assertions="17" time="0.129037"/>
<testcase name="test_it_can_update_certificate_with_course" class="Tests\Feature\Http\Controllers\Admin\CertificateControllerTest" classname="Tests.Feature.Http.Controllers.Admin.CertificateControllerTest" file="/build/framgia/viblo-learning-api/tests/Feature/Http/Controllers/Admin/CertificateControllerTest.php" line="175" assertions="15" time="0.072609"/>
<testcase name="test_it_can_destroy_certificate" class="Tests\Feature\Http\Controllers\Admin\CertificateControllerTest" classname="Tests.Feature.Http.Controllers.Admin.CertificateControllerTest" file="/build/framgia/viblo-learning-api/tests/Feature/Http/Controllers/Admin/CertificateControllerTest.php" line="226" assertions="1" time="0.054061"/>
<testcase name="test_it_can_not_destroy_certificate" class="Tests\Feature\Http\Controllers\Admin\CertificateControllerTest" classname="Tests.Feature.Http.Controllers.Admin.CertificateControllerTest" file="/build/framgia/viblo-learning-api/tests/Feature/Http/Controllers/Admin/CertificateControllerTest.php" line="237" assertions="1" time="0.058355"/>
</testsuite>
<testsuite name="Tests\Feature\Http\Controllers\Admin\CertificateUserControllerTest" file="/build/framgia/viblo-learning-api/tests/Feature/Http/Controllers/Admin/CertificateUserControllerTest.php" tests="1" assertions="3" errors="0" warnings="0" failures="0" skipped="0" time="0.041029">
<testcase name="test_it_can_get_user_certificates" class="Tests\Feature\Http\Controllers\Admin\CertificateUserControllerTest" classname="Tests.Feature.Http.Controllers.Admin.CertificateUserControllerTest" file="/build/framgia/viblo-learning-api/tests/Feature/Http/Controllers/Admin/CertificateUserControllerTest.php" line="22" assertions="3" time="0.041029"/>
</testsuite>
<testsuite name="Tests\Feature\Http\Controllers\Web\Courses\GetTrendableCoursesTest" file="/build/framgia/viblo-learning-api/tests/Feature/Http/Controllers/Admin/Course/GetTrendableCoursesTest.php" tests="1" assertions="13" errors="0" warnings="0" failures="0" skipped="0" time="0.060634">
<testcase name="test_it_can_get_certificates" class="Tests\Feature\Http\Controllers\Web\Courses\GetTrendableCoursesTest" classname="Tests.Feature.Http.Controllers.Web.Courses.GetTrendableCoursesTest" file="/build/framgia/viblo-learning-api/tests/Feature/Http/Controllers/Admin/Course/GetTrendableCoursesTest.php" line="24" assertions="13" time="0.060634"/>
</testsuite>
<testsuite name="Tests\Feature\Http\Controllers\Admin\SetTrendingCoursesTest" file="/build/framgia/viblo-learning-api/tests/Feature/Http/Controllers/Admin/Course/SetTrendingCoursesTest.php" tests="3" assertions="18" errors="0" warnings="0" failures="0" skipped="0" time="0.157565">
<testcase name="test_it_can_update_trending_order" class="Tests\Feature\Http\Controllers\Admin\SetTrendingCoursesTest" classname="Tests.Feature.Http.Controllers.Admin.SetTrendingCoursesTest" file="/build/framgia/viblo-learning-api/tests/Feature/Http/Controllers/Admin/Course/SetTrendingCoursesTest.php" line="28" assertions="10" time="0.056365"/>
<testcase name="test_it_cant_update_trending_order_text" class="Tests\Feature\Http\Controllers\Admin\SetTrendingCoursesTest" classname="Tests.Feature.Http.Controllers.Admin.SetTrendingCoursesTest" file="/build/framgia/viblo-learning-api/tests/Feature/Http/Controllers/Admin/Course/SetTrendingCoursesTest.php" line="64" assertions="4" time="0.048159"/>
<testcase name="test_it_cant_update_trending_order_duplicate" class="Tests\Feature\Http\Controllers\Admin\SetTrendingCoursesTest" classname="Tests.Feature.Http.Controllers.Admin.SetTrendingCoursesTest" file="/build/framgia/viblo-learning-api/tests/Feature/Http/Controllers/Admin/Course/SetTrendingCoursesTest.php" line="86" assertions="4" time="0.053041"/>
</testsuite>
<testsuite name="Tests\Feature\Http\Controllers\Admin\CourseControllerTest" file="/build/framgia/viblo-learning-api/tests/Feature/Http/Controllers/Admin/CourseControllerTest.php" tests="2" assertions="14" errors="0" warnings="0" failures="0" skipped="0" time="0.082576">
<testcase name="test_it_can_get_courses" class="Tests\Feature\Http\Controllers\Admin\CourseControllerTest" classname="Tests.Feature.Http.Controllers.Admin.CourseControllerTest" file="/build/framgia/viblo-learning-api/tests/Feature/Http/Controllers/Admin/CourseControllerTest.php" line="26" assertions="3" time="0.034397"/>
<testcase name="test_it_can_show_course" class="Tests\Feature\Http\Controllers\Admin\CourseControllerTest" classname="Tests.Feature.Http.Controllers.Admin.CourseControllerTest" file="/build/framgia/viblo-learning-api/tests/Feature/Http/Controllers/Admin/CourseControllerTest.php" line="47" assertions="11" time="0.048179"/>
</testsuite>
<testsuite name="Tests\Feature\Http\Controllers\Admin\Dashboard\GetDataTest" file="/build/framgia/viblo-learning-api/tests/Feature/Http/Controllers/Admin/Dashboard/GetDataTest.php" tests="1" assertions="10" errors="0" warnings="0" failures="0" skipped="0" time="0.044067">
<testcase name="test_it_can_get_data_test" class="Tests\Feature\Http\Controllers\Admin\Dashboard\GetDataTest" classname="Tests.Feature.Http.Controllers.Admin.Dashboard.GetDataTest" file="/build/framgia/viblo-learning-api/tests/Feature/Http/Controllers/Admin/Dashboard/GetDataTest.php" line="26" assertions="10" time="0.044067"/>
</testsuite>
<testsuite name="Tests\Feature\Http\Controllers\Admin\ExamControllerTest" file="/build/framgia/viblo-learning-api/tests/Feature/Http/Controllers/Admin/ExamControllerTest.php" tests="3" assertions="21" errors="0" warnings="0" failures="0" skipped="0" time="0.165659">
<testcase name="test_it_can_update_exam" class="Tests\Feature\Http\Controllers\Admin\ExamControllerTest" classname="Tests.Feature.Http.Controllers.Admin.ExamControllerTest" file="/build/framgia/viblo-learning-api/tests/Feature/Http/Controllers/Admin/ExamControllerTest.php" line="26" assertions="17" time="0.068719"/>
<testcase name="test_it_can_destroy_exam" class="Tests\Feature\Http\Controllers\Admin\ExamControllerTest" classname="Tests.Feature.Http.Controllers.Admin.ExamControllerTest" file="/build/framgia/viblo-learning-api/tests/Feature/Http/Controllers/Admin/ExamControllerTest.php" line="73" assertions="2" time="0.049423"/>
<testcase name="test_it_can_restore_exam" class="Tests\Feature\Http\Controllers\Admin\ExamControllerTest" classname="Tests.Feature.Http.Controllers.Admin.ExamControllerTest" file="/build/framgia/viblo-learning-api/tests/Feature/Http/Controllers/Admin/ExamControllerTest.php" line="84" assertions="2" time="0.047517"/>
</testsuite>
<testsuite name="Tests\Feature\Http\Controllers\Admin\FeedbackControllerTest" file="/build/framgia/viblo-learning-api/tests/Feature/Http/Controllers/Admin/FeedbackControllerTest.php" tests="2" assertions="17" errors="0" warnings="0" failures="0" skipped="0" time="0.141885">
<testcase name="test_it_can_get_feedbacks" class="Tests\Feature\Http\Controllers\Admin\FeedbackControllerTest" classname="Tests.Feature.Http.Controllers.Admin.FeedbackControllerTest" file="/build/framgia/viblo-learning-api/tests/Feature/Http/Controllers/Admin/FeedbackControllerTest.php" line="24" assertions="7" time="0.036452"/>
<testcase name="test_it_can_update_feedback" class="Tests\Feature\Http\Controllers\Admin\FeedbackControllerTest" classname="Tests.Feature.Http.Controllers.Admin.FeedbackControllerTest" file="/build/framgia/viblo-learning-api/tests/Feature/Http/Controllers/Admin/FeedbackControllerTest.php" line="50" assertions="10" time="0.105433"/>
</testsuite>
<testsuite name="Tests\Feature\Http\Controllers\Admin\Question\GetReportsTest" file="/build/framgia/viblo-learning-api/tests/Feature/Http/Controllers/Admin/Question/GetReportsTest.php" tests="1" assertions="3" errors="0" warnings="0" failures="0" skipped="0" time="0.055898">
<testcase name="test_it_can_get_reports" class="Tests\Feature\Http\Controllers\Admin\Question\GetReportsTest" classname="Tests.Feature.Http.Controllers.Admin.Question.GetReportsTest" file="/build/framgia/viblo-learning-api/tests/Feature/Http/Controllers/Admin/Question/GetReportsTest.php" line="28" assertions="3" time="0.055898"/>
</testsuite>
<testsuite name="Tests\Feature\Http\Controllers\Admin\Question\UpdateMultipleTest" file="/build/framgia/viblo-learning-api/tests/Feature/Http/Controllers/Admin/Question/UpdateMultipleTest.php" tests="1" assertions="4" errors="0" warnings="0" failures="0" skipped="0" time="0.063125">
<testcase name="test_it_can_update_multiple_questions" class="Tests\Feature\Http\Controllers\Admin\Question\UpdateMultipleTest" classname="Tests.Feature.Http.Controllers.Admin.Question.UpdateMultipleTest" file="/build/framgia/viblo-learning-api/tests/Feature/Http/Controllers/Admin/Question/UpdateMultipleTest.php" line="29" assertions="4" time="0.063125"/>
</testsuite>
<testsuite name="Tests\Feature\Http\Controllers\Admin\Question\UpdateMultipleWithObjectiveTest" file="/build/framgia/viblo-learning-api/tests/Feature/Http/Controllers/Admin/Question/UpdateMultipleWithObjectiveTest.php" tests="1" assertions="4" errors="0" warnings="0" failures="0" skipped="0" time="0.078493">
<testcase name="test_it_can_update_objective_multiple_questions" class="Tests\Feature\Http\Controllers\Admin\Question\UpdateMultipleWithObjectiveTest" classname="Tests.Feature.Http.Controllers.Admin.Question.UpdateMultipleWithObjectiveTest" file="/build/framgia/viblo-learning-api/tests/Feature/Http/Controllers/Admin/Question/UpdateMultipleWithObjectiveTest.php" line="30" assertions="4" time="0.078493"/>
</testsuite>
<testsuite name="Tests\Feature\Http\Controllers\Admin\QuestionControllerTest" file="/build/framgia/viblo-learning-api/tests/Feature/Http/Controllers/Admin/QuestionControllerTest.php" tests="7" assertions="84" errors="0" warnings="0" failures="0" skipped="0" time="0.562149">
<testcase name="test_it_can_get_questions" class="Tests\Feature\Http\Controllers\Admin\QuestionControllerTest" classname="Tests.Feature.Http.Controllers.Admin.QuestionControllerTest" file="/build/framgia/viblo-learning-api/tests/Feature/Http/Controllers/Admin/QuestionControllerTest.php" line="34" assertions="16" time="0.126685"/>
<testcase name="test_it_can_get_question_by_objective" class="Tests\Feature\Http\Controllers\Admin\QuestionControllerTest" classname="Tests.Feature.Http.Controllers.Admin.QuestionControllerTest" file="/build/framgia/viblo-learning-api/tests/Feature/Http/Controllers/Admin/QuestionControllerTest.php" line="66" assertions="43" time="0.090648"/>
<testcase name="test_it_admin_can_delete_contributed_question" class="Tests\Feature\Http\Controllers\Admin\QuestionControllerTest" classname="Tests.Feature.Http.Controllers.Admin.QuestionControllerTest" file="/build/framgia/viblo-learning-api/tests/Feature/Http/Controllers/Admin/QuestionControllerTest.php" line="133" assertions="2" time="0.050744"/>
<testcase name="test_it_admin_can_show_question" class="Tests\Feature\Http\Controllers\Admin\QuestionControllerTest" classname="Tests.Feature.Http.Controllers.Admin.QuestionControllerTest" file="/build/framgia/viblo-learning-api/tests/Feature/Http/Controllers/Admin/QuestionControllerTest.php" line="148" assertions="12" time="0.063131"/>
<testcase name="test_it_can_update_multi_choice_question" class="Tests\Feature\Http\Controllers\Admin\QuestionControllerTest" classname="Tests.Feature.Http.Controllers.Admin.QuestionControllerTest" file="/build/framgia/viblo-learning-api/tests/Feature/Http/Controllers/Admin/QuestionControllerTest.php" line="171" assertions="4" time="0.096101"/>
<testcase name="test_it_can_update_fill_the_blank_question" class="Tests\Feature\Http\Controllers\Admin\QuestionControllerTest" classname="Tests.Feature.Http.Controllers.Admin.QuestionControllerTest" file="/build/framgia/viblo-learning-api/tests/Feature/Http/Controllers/Admin/QuestionControllerTest.php" line="222" assertions="5" time="0.087432"/>
<testcase name="test_it_admin_can_restore_contributed_question" class="Tests\Feature\Http\Controllers\Admin\QuestionControllerTest" classname="Tests.Feature.Http.Controllers.Admin.QuestionControllerTest" file="/build/framgia/viblo-learning-api/tests/Feature/Http/Controllers/Admin/QuestionControllerTest.php" line="268" assertions="2" time="0.047407"/>
</testsuite>
<testsuite name="Tests\Feature\Http\Controllers\Web\RecentUpdate\FetchRecentUpdateByTypeTest" file="/build/framgia/viblo-learning-api/tests/Feature/Http/Controllers/Admin/RecentUpdate/FetchRecentUpdateByTypeTest.php" tests="2" assertions="6" errors="0" warnings="0" failures="0" skipped="0" time="0.078003">
<testcase name="test_it_can_get_by_exam" class="Tests\Feature\Http\Controllers\Web\RecentUpdate\FetchRecentUpdateByTypeTest" classname="Tests.Feature.Http.Controllers.Web.RecentUpdate.FetchRecentUpdateByTypeTest" file="/build/framgia/viblo-learning-api/tests/Feature/Http/Controllers/Admin/RecentUpdate/FetchRecentUpdateByTypeTest.php" line="24" assertions="3" time="0.040510"/>
<testcase name="test_it_can_get_by_course" class="Tests\Feature\Http\Controllers\Web\RecentUpdate\FetchRecentUpdateByTypeTest" classname="Tests.Feature.Http.Controllers.Web.RecentUpdate.FetchRecentUpdateByTypeTest" file="/build/framgia/viblo-learning-api/tests/Feature/Http/Controllers/Admin/RecentUpdate/FetchRecentUpdateByTypeTest.php" line="37" assertions="3" time="0.037493"/>
</testsuite>
<testsuite name="Tests\Feature\Http\Controllers\Admin\RecentUpdateControllerTest" file="/build/framgia/viblo-learning-api/tests/Feature/Http/Controllers/Admin/RecentUpdateControllerTest.php" tests="5" assertions="33" errors="0" warnings="0" failures="0" skipped="0" time="0.352278">
<testcase name="test_it_can_store_exam" class="Tests\Feature\Http\Controllers\Admin\RecentUpdateControllerTest" classname="Tests.Feature.Http.Controllers.Admin.RecentUpdateControllerTest" file="/build/framgia/viblo-learning-api/tests/Feature/Http/Controllers/Admin/RecentUpdateControllerTest.php" line="28" assertions="9" time="0.067713"/>
<testcase name="test_it_can_store_course" class="Tests\Feature\Http\Controllers\Admin\RecentUpdateControllerTest" classname="Tests.Feature.Http.Controllers.Admin.RecentUpdateControllerTest" file="/build/framgia/viblo-learning-api/tests/Feature/Http/Controllers/Admin/RecentUpdateControllerTest.php" line="77" assertions="9" time="0.064208"/>
<testcase name="test_it_can_update" class="Tests\Feature\Http\Controllers\Admin\RecentUpdateControllerTest" classname="Tests.Feature.Http.Controllers.Admin.RecentUpdateControllerTest" file="/build/framgia/viblo-learning-api/tests/Feature/Http/Controllers/Admin/RecentUpdateControllerTest.php" line="120" assertions="9" time="0.118122"/>
<testcase name="test_it_can_destroy" class="Tests\Feature\Http\Controllers\Admin\RecentUpdateControllerTest" classname="Tests.Feature.Http.Controllers.Admin.RecentUpdateControllerTest" file="/build/framgia/viblo-learning-api/tests/Feature/Http/Controllers/Admin/RecentUpdateControllerTest.php" line="177" assertions="3" time="0.060781"/>
<testcase name="test_it_can_get" class="Tests\Feature\Http\Controllers\Admin\RecentUpdateControllerTest" classname="Tests.Feature.Http.Controllers.Admin.RecentUpdateControllerTest" file="/build/framgia/viblo-learning-api/tests/Feature/Http/Controllers/Admin/RecentUpdateControllerTest.php" line="199" assertions="3" time="0.041454"/>
</testsuite>
<testsuite name="Tests\Feature\Http\Controllers\Admin\RoadmapControllerTest" file="/build/framgia/viblo-learning-api/tests/Feature/Http/Controllers/Admin/RoadmapControllerTest.php" tests="4" assertions="28" errors="0" warnings="0" failures="0" skipped="0" time="0.210211">
<testcase name="test_it_can_get_roadmaps" class="Tests\Feature\Http\Controllers\Admin\RoadmapControllerTest" classname="Tests.Feature.Http.Controllers.Admin.RoadmapControllerTest" file="/build/framgia/viblo-learning-api/tests/Feature/Http/Controllers/Admin/RoadmapControllerTest.php" line="25" assertions="7" time="0.038782"/>
<testcase name="test_it_can_show_roadmap" class="Tests\Feature\Http\Controllers\Admin\RoadmapControllerTest" classname="Tests.Feature.Http.Controllers.Admin.RoadmapControllerTest" file="/build/framgia/viblo-learning-api/tests/Feature/Http/Controllers/Admin/RoadmapControllerTest.php" line="49" assertions="9" time="0.051829"/>
<testcase name="test_it_can_store_roadmap" class="Tests\Feature\Http\Controllers\Admin\RoadmapControllerTest" classname="Tests.Feature.Http.Controllers.Admin.RoadmapControllerTest" file="/build/framgia/viblo-learning-api/tests/Feature/Http/Controllers/Admin/RoadmapControllerTest.php" line="68" assertions="6" time="0.050238"/>
<testcase name="test_it_can_update_roadmap" class="Tests\Feature\Http\Controllers\Admin\RoadmapControllerTest" classname="Tests.Feature.Http.Controllers.Admin.RoadmapControllerTest" file="/build/framgia/viblo-learning-api/tests/Feature/Http/Controllers/Admin/RoadmapControllerTest.php" line="104" assertions="6" time="0.069362"/>
</testsuite>
<testsuite name="Tests\Feature\Http\Controllers\Admin\RoleControllerTest" file="/build/framgia/viblo-learning-api/tests/Feature/Http/Controllers/Admin/RoleControllerTest.php" tests="5" assertions="31" errors="0" warnings="0" failures="0" skipped="0" time="0.283959">
<testcase name="test_it_can_get_roles" class="Tests\Feature\Http\Controllers\Admin\RoleControllerTest" classname="Tests.Feature.Http.Controllers.Admin.RoleControllerTest" file="/build/framgia/viblo-learning-api/tests/Feature/Http/Controllers/Admin/RoleControllerTest.php" line="24" assertions="7" time="0.049006"/>
<testcase name="test_it_can_store_role" class="Tests\Feature\Http\Controllers\Admin\RoleControllerTest" classname="Tests.Feature.Http.Controllers.Admin.RoleControllerTest" file="/build/framgia/viblo-learning-api/tests/Feature/Http/Controllers/Admin/RoleControllerTest.php" line="41" assertions="6" time="0.046015"/>
<testcase name="test_it_can_show_role" class="Tests\Feature\Http\Controllers\Admin\RoleControllerTest" classname="Tests.Feature.Http.Controllers.Admin.RoleControllerTest" file="/build/framgia/viblo-learning-api/tests/Feature/Http/Controllers/Admin/RoleControllerTest.php" line="60" assertions="6" time="0.048762"/>
<testcase name="test_it_can_update_role" class="Tests\Feature\Http\Controllers\Admin\RoleControllerTest" classname="Tests.Feature.Http.Controllers.Admin.RoleControllerTest" file="/build/framgia/viblo-learning-api/tests/Feature/Http/Controllers/Admin/RoleControllerTest.php" line="77" assertions="6" time="0.046574"/>
<testcase name="test_it_can_destroy_role" class="Tests\Feature\Http\Controllers\Admin\RoleControllerTest" classname="Tests.Feature.Http.Controllers.Admin.RoleControllerTest" file="/build/framgia/viblo-learning-api/tests/Feature/Http/Controllers/Admin/RoleControllerTest.php" line="97" assertions="6" time="0.093602"/>
</testsuite>
<testsuite name="Tests\Feature\Http\Controllers\Admin\Test\GetAllTest" file="/build/framgia/viblo-learning-api/tests/Feature/Http/Controllers/Admin/Test/GetAllTest.php" tests="1" assertions="7" errors="0" warnings="0" failures="0" skipped="0" time="0.037057">
<testcase name="test_it_can_get_all_tests" class="Tests\Feature\Http\Controllers\Admin\Test\GetAllTest" classname="Tests.Feature.Http.Controllers.Admin.Test.GetAllTest" file="/build/framgia/viblo-learning-api/tests/Feature/Http/Controllers/Admin/Test/GetAllTest.php" line="22" assertions="7" time="0.037057"/>
</testsuite>
<testsuite name="Tests\Feature\Http\Controllers\Admin\UserControllerTest" file="/build/framgia/viblo-learning-api/tests/Feature/Http/Controllers/Admin/UserControllerTest.php" tests="1" assertions="15" errors="0" warnings="0" failures="0" skipped="0" time="0.051475">
<testcase name="test_it_can_get_users" class="Tests\Feature\Http\Controllers\Admin\UserControllerTest" classname="Tests.Feature.Http.Controllers.Admin.UserControllerTest" file="/build/framgia/viblo-learning-api/tests/Feature/Http/Controllers/Admin/UserControllerTest.php" line="14" assertions="15" time="0.051475"/>
</testsuite>
<testsuite name="Tests\Feature\Http\Controllers\Admin\UserRoleControllerTest" file="/build/framgia/viblo-learning-api/tests/Feature/Http/Controllers/Admin/UserRoleControllerTest.php" tests="3" assertions="11" errors="0" warnings="0" failures="0" skipped="0" time="0.227198">
<testcase name="test_it_can_get_users_role" class="Tests\Feature\Http\Controllers\Admin\UserRoleControllerTest" classname="Tests.Feature.Http.Controllers.Admin.UserRoleControllerTest" file="/build/framgia/viblo-learning-api/tests/Feature/Http/Controllers/Admin/UserRoleControllerTest.php" line="25" assertions="7" time="0.057384"/>
<testcase name="test_it_can_store_user_role" class="Tests\Feature\Http\Controllers\Admin\UserRoleControllerTest" classname="Tests.Feature.Http.Controllers.Admin.UserRoleControllerTest" file="/build/framgia/viblo-learning-api/tests/Feature/Http/Controllers/Admin/UserRoleControllerTest.php" line="56" assertions="2" time="0.068324"/>
<testcase name="test_it_can_destroy_user_role" class="Tests\Feature\Http\Controllers\Admin\UserRoleControllerTest" classname="Tests.Feature.Http.Controllers.Admin.UserRoleControllerTest" file="/build/framgia/viblo-learning-api/tests/Feature/Http/Controllers/Admin/UserRoleControllerTest.php" line="72" assertions="2" time="0.101490"/>
</testsuite>
<testsuite name="Tests\Feature\Http\Controllers\Web\Categories\GetAllTest" file="/build/framgia/viblo-learning-api/tests/Feature/Http/Controllers/Web/Categories/GetAllTest.php" tests="1" assertions="3" errors="0" warnings="0" failures="0" skipped="0" time="0.036692">
<testcase name="test_it_can_get_all_categories" class="Tests\Feature\Http\Controllers\Web\Categories\GetAllTest" classname="Tests.Feature.Http.Controllers.Web.Categories.GetAllTest" file="/build/framgia/viblo-learning-api/tests/Feature/Http/Controllers/Web/Categories/GetAllTest.php" line="13" assertions="3" time="0.036692"/>
</testsuite>
<testsuite name="Tests\Feature\Http\Controllers\Web\Certificates\CertifcateControllerTest" file="/build/framgia/viblo-learning-api/tests/Feature/Http/Controllers/Web/Certificates/CertifcateControllerTest.php" tests="1" assertions="9" errors="0" warnings="0" failures="0" skipped="0" time="0.086629">
<testcase name="test_it_can_show_certificate" class="Tests\Feature\Http\Controllers\Web\Certificates\CertifcateControllerTest" classname="Tests.Feature.Http.Controllers.Web.Certificates.CertifcateControllerTest" file="/build/framgia/viblo-learning-api/tests/Feature/Http/Controllers/Web/Certificates/CertifcateControllerTest.php" line="19" assertions="9" time="0.086629"/>
</testsuite>
<testsuite name="Tests\Feature\Http\Controllers\Web\Certificates\ContributorsControllerTest" file="/build/framgia/viblo-learning-api/tests/Feature/Http/Controllers/Web/Certificates/ContributorsControllerTest.php" tests="1" assertions="3" errors="0" warnings="0" failures="0" skipped="0" time="0.062510">
<testcase name="test_it_can_get_contributors" class="Tests\Feature\Http\Controllers\Web\Certificates\ContributorsControllerTest" classname="Tests.Feature.Http.Controllers.Web.Certificates.ContributorsControllerTest" file="/build/framgia/viblo-learning-api/tests/Feature/Http/Controllers/Web/Certificates/ContributorsControllerTest.php" line="37" assertions="3" time="0.062510"/>
</testsuite>
<testsuite name="Tests\Feature\Http\Controllers\Web\Certificates\GetCertificatesTest" file="/build/framgia/viblo-learning-api/tests/Feature/Http/Controllers/Web/Certificates/GetCertificatesTest.php" tests="1" assertions="3" errors="0" warnings="0" failures="0" skipped="0" time="0.057288">
<testcase name="test_it_can_get_certificates" class="Tests\Feature\Http\Controllers\Web\Certificates\GetCertificatesTest" classname="Tests.Feature.Http.Controllers.Web.Certificates.GetCertificatesTest" file="/build/framgia/viblo-learning-api/tests/Feature/Http/Controllers/Web/Certificates/GetCertificatesTest.php" line="14" assertions="3" time="0.057288"/>
</testsuite>
<testsuite name="Tests\Feature\Http\Controllers\Web\Certificates\GetTagsTest" file="/build/framgia/viblo-learning-api/tests/Feature/Http/Controllers/Web/Certificates/GetTagsTest.php" tests="1" assertions="24" errors="0" warnings="0" failures="0" skipped="0" time="0.101419">
<testcase name="test_it_can_get_tags" class="Tests\Feature\Http\Controllers\Web\Certificates\GetTagsTest" classname="Tests.Feature.Http.Controllers.Web.Certificates.GetTagsTest" file="/build/framgia/viblo-learning-api/tests/Feature/Http/Controllers/Web/Certificates/GetTagsTest.php" line="14" assertions="24" time="0.101419"/>
</testsuite>
<testsuite name="Tests\Feature\Http\Controllers\Web\Certificates\ScoreBoardControllerTest" file="/build/framgia/viblo-learning-api/tests/Feature/Http/Controllers/Web/Certificates/ScoreBoardControllerTest.php" tests="1" assertions="3" errors="0" warnings="0" failures="0" skipped="0" time="0.058245">
<testcase name="test_it_can_get_score_board" class="Tests\Feature\Http\Controllers\Web\Certificates\ScoreBoardControllerTest" classname="Tests.Feature.Http.Controllers.Web.Certificates.ScoreBoardControllerTest" file="/build/framgia/viblo-learning-api/tests/Feature/Http/Controllers/Web/Certificates/ScoreBoardControllerTest.php" line="16" assertions="3" time="0.058245"/>
</testsuite>
<testsuite name="Tests\Feature\Http\Controllers\Web\Courses\EnrollCourseTest" file="/build/framgia/viblo-learning-api/tests/Feature/Http/Controllers/Web/Courses/EnrollCourseTest.php" tests="3" assertions="5" errors="0" warnings="0" failures="0" skipped="0" time="0.158479">
<testcase name="test_it_can_enroll_course" class="Tests\Feature\Http\Controllers\Web\Courses\EnrollCourseTest" classname="Tests.Feature.Http.Controllers.Web.Courses.EnrollCourseTest" file="/build/framgia/viblo-learning-api/tests/Feature/Http/Controllers/Web/Courses/EnrollCourseTest.php" line="30" assertions="2" time="0.050161"/>
<testcase name="test_it_get_result_enroll_course" class="Tests\Feature\Http\Controllers\Web\Courses\EnrollCourseTest" classname="Tests.Feature.Http.Controllers.Web.Courses.EnrollCourseTest" file="/build/framgia/viblo-learning-api/tests/Feature/Http/Controllers/Web/Courses/EnrollCourseTest.php" line="48" assertions="2" time="0.048574"/>
<testcase name="test_it_get_first_exam" class="Tests\Feature\Http\Controllers\Web\Courses\EnrollCourseTest" classname="Tests.Feature.Http.Controllers.Web.Courses.EnrollCourseTest" file="/build/framgia/viblo-learning-api/tests/Feature/Http/Controllers/Web/Courses/EnrollCourseTest.php" line="63" assertions="1" time="0.059744"/>
</testsuite>
<testsuite name="Tests\Feature\Http\Controllers\Web\Courses\GetCourseByCategoryTest" file="/build/framgia/viblo-learning-api/tests/Feature/Http/Controllers/Web/Courses/GetCourseByCategoryTest.php" tests="1" assertions="3" errors="0" warnings="0" failures="0" skipped="0" time="0.060802">
<testcase name="test_it_can_get_courses_by_category" class="Tests\Feature\Http\Controllers\Web\Courses\GetCourseByCategoryTest" classname="Tests.Feature.Http.Controllers.Web.Courses.GetCourseByCategoryTest" file="/build/framgia/viblo-learning-api/tests/Feature/Http/Controllers/Web/Courses/GetCourseByCategoryTest.php" line="14" assertions="3" time="0.060802"/>
</testsuite>
<testsuite name="Tests\Feature\Http\Controllers\Web\Courses\GetCoursesTest" file="/build/framgia/viblo-learning-api/tests/Feature/Http/Controllers/Web/Courses/GetCoursesTest.php" tests="1" assertions="30" errors="0" warnings="0" failures="0" skipped="0" time="0.141126">
<testcase name="test_it_can_get_certificates" class="Tests\Feature\Http\Controllers\Web\Courses\GetCoursesTest" classname="Tests.Feature.Http.Controllers.Web.Courses.GetCoursesTest" file="/build/framgia/viblo-learning-api/tests/Feature/Http/Controllers/Web/Courses/GetCoursesTest.php" line="14" assertions="30" time="0.141126"/>
</testsuite>
<testsuite name="Tests\Feature\Http\Controllers\Web\Courses\GetNewestCoursesTest" file="/build/framgia/viblo-learning-api/tests/Feature/Http/Controllers/Web/Courses/GetNewestCoursesTest.php" tests="1" assertions="25" errors="0" warnings="0" failures="0" skipped="0" time="0.090730">
<testcase name="test_it_can_get_newest_courses" class="Tests\Feature\Http\Controllers\Web\Courses\GetNewestCoursesTest" classname="Tests.Feature.Http.Controllers.Web.Courses.GetNewestCoursesTest" file="/build/framgia/viblo-learning-api/tests/Feature/Http/Controllers/Web/Courses/GetNewestCoursesTest.php" line="13" assertions="25" time="0.090730"/>
</testsuite>
<testsuite name="Tests\Feature\Http\Controllers\Web\Courses\GetObjectivesTest" file="/build/framgia/viblo-learning-api/tests/Feature/Http/Controllers/Web/Courses/GetObjectivesTest.php" tests="1" assertions="3" errors="0" warnings="0" failures="0" skipped="0" time="0.070147">
<testcase name="test_it_can_get_Objectives" class="Tests\Feature\Http\Controllers\Web\Courses\GetObjectivesTest" classname="Tests.Feature.Http.Controllers.Web.Courses.GetObjectivesTest" file="/build/framgia/viblo-learning-api/tests/Feature/Http/Controllers/Web/Courses/GetObjectivesTest.php" line="14" assertions="3" time="0.070147"/>
</testsuite>
<testsuite name="Tests\Feature\Http\Controllers\Web\Courses\GetPopularCoursesTest" file="/build/framgia/viblo-learning-api/tests/Feature/Http/Controllers/Web/Courses/GetPopularCoursesTest.php" tests="1" assertions="14" errors="0" warnings="0" failures="0" skipped="0" time="0.060495">
<testcase name="test_it_can_get_popular_courses" class="Tests\Feature\Http\Controllers\Web\Courses\GetPopularCoursesTest" classname="Tests.Feature.Http.Controllers.Web.Courses.GetPopularCoursesTest" file="/build/framgia/viblo-learning-api/tests/Feature/Http/Controllers/Web/Courses/GetPopularCoursesTest.php" line="13" assertions="14" time="0.060495"/>
</testsuite>
<testsuite name="Tests\Feature\Http\Controllers\Web\Courses\GetTrendingCoursesTest" file="/build/framgia/viblo-learning-api/tests/Feature/Http/Controllers/Web/Courses/GetTrendingCoursesTest.php" tests="1" assertions="104" errors="0" warnings="0" failures="0" skipped="0" time="0.163981">
<testcase name="test_it_can_get_trending_courses" class="Tests\Feature\Http\Controllers\Web\Courses\GetTrendingCoursesTest" classname="Tests.Feature.Http.Controllers.Web.Courses.GetTrendingCoursesTest" file="/build/framgia/viblo-learning-api/tests/Feature/Http/Controllers/Web/Courses/GetTrendingCoursesTest.php" line="14" assertions="104" time="0.163981"/>
</testsuite>
<testsuite name="Tests\Feature\Http\Controllers\Web\Exams\ExamControllerTest" file="/build/framgia/viblo-learning-api/tests/Feature/Http/Controllers/Web/Exams/ExamControllerTest.php" tests="2" assertions="64" errors="0" warnings="0" failures="0" skipped="0" time="0.210958">
<testcase name="test_it_can_get_exams" class="Tests\Feature\Http\Controllers\Web\Exams\ExamControllerTest" classname="Tests.Feature.Http.Controllers.Web.Exams.ExamControllerTest" file="/build/framgia/viblo-learning-api/tests/Feature/Http/Controllers/Web/Exams/ExamControllerTest.php" line="29" assertions="39" time="0.122101"/>
<testcase name="test_it_can_show_exam" class="Tests\Feature\Http\Controllers\Web\Exams\ExamControllerTest" classname="Tests.Feature.Http.Controllers.Web.Exams.ExamControllerTest" file="/build/framgia/viblo-learning-api/tests/Feature/Http/Controllers/Web/Exams/ExamControllerTest.php" line="61" assertions="25" time="0.088857"/>
</testsuite>
<testsuite name="Tests\Feature\Http\Controllers\Web\Exams\GetObjectiveByExamTest" file="/build/framgia/viblo-learning-api/tests/Feature/Http/Controllers/Web/Exams/GetObjectiveByExamTest.php" tests="1" assertions="24" errors="0" warnings="0" failures="0" skipped="0" time="0.078994">
<testcase name="test_it_can_get_objectives" class="Tests\Feature\Http\Controllers\Web\Exams\GetObjectiveByExamTest" classname="Tests.Feature.Http.Controllers.Web.Exams.GetObjectiveByExamTest" file="/build/framgia/viblo-learning-api/tests/Feature/Http/Controllers/Web/Exams/GetObjectiveByExamTest.php" line="25" assertions="24" time="0.078994"/>
</testsuite>
<testsuite name="Tests\Feature\Http\Controllers\Web\Exams\GetReferenceByExamTest" file="/build/framgia/viblo-learning-api/tests/Feature/Http/Controllers/Web/Exams/GetReferenceByExamTest.php" tests="1" assertions="6" errors="0" warnings="0" failures="0" skipped="0" time="0.056395">
<testcase name="test_it_can_get_reference" class="Tests\Feature\Http\Controllers\Web\Exams\GetReferenceByExamTest" classname="Tests.Feature.Http.Controllers.Web.Exams.GetReferenceByExamTest" file="/build/framgia/viblo-learning-api/tests/Feature/Http/Controllers/Web/Exams/GetReferenceByExamTest.php" line="26" assertions="6" time="0.056395"/>
</testsuite>
<testsuite name="Tests\Feature\Http\Controllers\Web\Exams\Tests\CreateTestTest" file="/build/framgia/viblo-learning-api/tests/Feature/Http/Controllers/Web/Exams/Tests/CreateTestTest.php" tests="1" assertions="12" errors="0" warnings="0" failures="0" skipped="0" time="0.167217">
<testcase name="test_it_can_make_test" class="Tests\Feature\Http\Controllers\Web\Exams\Tests\CreateTestTest" classname="Tests.Feature.Http.Controllers.Web.Exams.Tests.CreateTestTest" file="/build/framgia/viblo-learning-api/tests/Feature/Http/Controllers/Web/Exams/Tests/CreateTestTest.php" line="32" assertions="12" time="0.167217"/>
</testsuite>
<testsuite name="Tests\Feature\Http\Controllers\Web\Feature\GetRoadmapsTest" file="/build/framgia/viblo-learning-api/tests/Feature/Http/Controllers/Web/Feature/GetRoadmapsTest.php" tests="1" assertions="7" errors="0" warnings="0" failures="0" skipped="0" time="0.096527">
<testcase name="test_it_can_get_roadmap_tree" class="Tests\Feature\Http\Controllers\Web\Feature\GetRoadmapsTest" classname="Tests.Feature.Http.Controllers.Web.Feature.GetRoadmapsTest" file="/build/framgia/viblo-learning-api/tests/Feature/Http/Controllers/Web/Feature/GetRoadmapsTest.php" line="14" assertions="7" time="0.096527"/>
</testsuite>
<testsuite name="Tests\Feature\Http\Controllers\Web\Feedbacks\StoreTest" file="/build/framgia/viblo-learning-api/tests/Feature/Http/Controllers/Web/Feedbacks/StoreTest.php" tests="1" assertions="1" errors="0" warnings="0" failures="0" skipped="0" time="0.048632">
<testcase name="test_it_store_feedback" class="Tests\Feature\Http\Controllers\Web\Feedbacks\StoreTest" classname="Tests.Feature.Http.Controllers.Web.Feedbacks.StoreTest" file="/build/framgia/viblo-learning-api/tests/Feature/Http/Controllers/Web/Feedbacks/StoreTest.php" line="26" assertions="1" time="0.048632"/>
</testsuite>
<testsuite name="Tests\Feature\Http\Controllers\Web\Objectives\GetObjectivesByCertificateTest" file="/build/framgia/viblo-learning-api/tests/Feature/Http/Controllers/Web/Objectives/GetObjectivesByCertificateTest.php" tests="1" assertions="3" errors="0" warnings="0" failures="0" skipped="0" time="0.050255">
<testcase name="test_it_can_get_objectives_by_certificate" class="Tests\Feature\Http\Controllers\Web\Objectives\GetObjectivesByCertificateTest" classname="Tests.Feature.Http.Controllers.Web.Objectives.GetObjectivesByCertificateTest" file="/build/framgia/viblo-learning-api/tests/Feature/Http/Controllers/Web/Objectives/GetObjectivesByCertificateTest.php" line="28" assertions="3" time="0.050255"/>
</testsuite>
<testsuite name="Tests\Feature\Http\Controllers\Web\Objectives\Practice\MakePracticeTest" file="/build/framgia/viblo-learning-api/tests/Feature/Http/Controllers/Web/Objectives/Practice/MakePracticeTest.php" tests="3" assertions="4" errors="0" warnings="0" failures="0" skipped="0" time="0.424641">
<testcase name="test_it_can_get_new_practice" class="Tests\Feature\Http\Controllers\Web\Objectives\Practice\MakePracticeTest" classname="Tests.Feature.Http.Controllers.Web.Objectives.Practice.MakePracticeTest" file="/build/framgia/viblo-learning-api/tests/Feature/Http/Controllers/Web/Objectives/Practice/MakePracticeTest.php" line="50" assertions="2" time="0.140189"/>
<testcase name="test_it_can_get_existed_practice" class="Tests\Feature\Http\Controllers\Web\Objectives\Practice\MakePracticeTest" classname="Tests.Feature.Http.Controllers.Web.Objectives.Practice.MakePracticeTest" file="/build/framgia/viblo-learning-api/tests/Feature/Http/Controllers/Web/Objectives/Practice/MakePracticeTest.php" line="77" assertions="1" time="0.117442"/>
<testcase name="test_it_can_not_get_existed_practice" class="Tests\Feature\Http\Controllers\Web\Objectives\Practice\MakePracticeTest" classname="Tests.Feature.Http.Controllers.Web.Objectives.Practice.MakePracticeTest" file="/build/framgia/viblo-learning-api/tests/Feature/Http/Controllers/Web/Objectives/Practice/MakePracticeTest.php" line="102" assertions="1" time="0.167010"/>
</testsuite>
<testsuite name="Tests\Feature\Http\Controllers\Web\Questions\DeleteContributeQuestionTest" file="/build/framgia/viblo-learning-api/tests/Feature/Http/Controllers/Web/Questions/DeleteContributeQuestionTest.php" tests="1" assertions="3" errors="0" warnings="0" failures="0" skipped="0" time="0.053511">
<testcase name="test_it_can_delete_contributed_question" class="Tests\Feature\Http\Controllers\Web\Questions\DeleteContributeQuestionTest" classname="Tests.Feature.Http.Controllers.Web.Questions.DeleteContributeQuestionTest" file="/build/framgia/viblo-learning-api/tests/Feature/Http/Controllers/Web/Questions/DeleteContributeQuestionTest.php" line="26" assertions="3" time="0.053511"/>
</testsuite>
<testsuite name="Tests\Feature\Http\Controllers\Web\Questions\DownloadExcelTest" file="/build/framgia/viblo-learning-api/tests/Feature/Http/Controllers/Web/Questions/DownloadExcelTest.php" tests="1" assertions="1" errors="0" warnings="0" failures="0" skipped="0" time="0.157480">
<testcase name="test_it_can_download_excel" class="Tests\Feature\Http\Controllers\Web\Questions\DownloadExcelTest" classname="Tests.Feature.Http.Controllers.Web.Questions.DownloadExcelTest" file="/build/framgia/viblo-learning-api/tests/Feature/Http/Controllers/Web/Questions/DownloadExcelTest.php" line="28" assertions="1" time="0.157480"/>
</testsuite>
<testsuite name="Tests\Feature\Http\Controllers\Web\Questions\FetchMyQuestionTest" file="/build/framgia/viblo-learning-api/tests/Feature/Http/Controllers/Web/Questions/FetchMyQuestionTest.php" tests="1" assertions="7" errors="0" warnings="0" failures="0" skipped="0" time="0.041397">
<testcase name="test_it_fetch_my_questions" class="Tests\Feature\Http\Controllers\Web\Questions\FetchMyQuestionTest" classname="Tests.Feature.Http.Controllers.Web.Questions.FetchMyQuestionTest" file="/build/framgia/viblo-learning-api/tests/Feature/Http/Controllers/Web/Questions/FetchMyQuestionTest.php" line="25" assertions="7" time="0.041397"/>
</testsuite>
<testsuite name="Tests\Feature\Http\Controllers\Web\Questions\GetParentByQuestionTest" file="/build/framgia/viblo-learning-api/tests/Feature/Http/Controllers/Web/Questions/GetParentByQuestionTest.php" tests="1" assertions="12" errors="0" warnings="0" failures="0" skipped="0" time="0.052455">
<testcase name="test_it_can_get_parent_by_question" class="Tests\Feature\Http\Controllers\Web\Questions\GetParentByQuestionTest" classname="Tests.Feature.Http.Controllers.Web.Questions.GetParentByQuestionTest" file="/build/framgia/viblo-learning-api/tests/Feature/Http/Controllers/Web/Questions/GetParentByQuestionTest.php" line="32" assertions="12" time="0.052455"/>
</testsuite>
<testsuite name="Tests\Feature\Http\Controllers\Web\Questions\MarkQuestionsAsReviewTest" file="/build/framgia/viblo-learning-api/tests/Feature/Http/Controllers/Web/Questions/MarkQuestionsAsReviewTest.php" tests="1" assertions="5" errors="0" warnings="0" failures="0" skipped="0" time="0.106904">
<testcase name="test_it_can_mark_questions_as_review" class="Tests\Feature\Http\Controllers\Web\Questions\MarkQuestionsAsReviewTest" classname="Tests.Feature.Http.Controllers.Web.Questions.MarkQuestionsAsReviewTest" file="/build/framgia/viblo-learning-api/tests/Feature/Http/Controllers/Web/Questions/MarkQuestionsAsReviewTest.php" line="25" assertions="5" time="0.106904"/>
</testsuite>
<testsuite name="Tests\Feature\Http\Controllers\Web\Questions\RestoreContributeQuestionTest" file="/build/framgia/viblo-learning-api/tests/Feature/Http/Controllers/Web/Questions/RestoreContributeQuestionTest.php" tests="1" assertions="3" errors="0" warnings="0" failures="0" skipped="0" time="0.051346">
<testcase name="test_it_can_restore_question_feature" class="Tests\Feature\Http\Controllers\Web\Questions\RestoreContributeQuestionTest" classname="Tests.Feature.Http.Controllers.Web.Questions.RestoreContributeQuestionTest" file="/build/framgia/viblo-learning-api/tests/Feature/Http/Controllers/Web/Questions/RestoreContributeQuestionTest.php" line="30" assertions="3" time="0.051346"/>
</testsuite>
<testsuite name="Tests\Feature\Http\Controllers\Web\Questions\ShowContributedQuestionTest" file="/build/framgia/viblo-learning-api/tests/Feature/Http/Controllers/Web/Questions/ShowContributedQuestionTest.php" tests="1" assertions="13" errors="0" warnings="0" failures="0" skipped="0" time="0.060666">
<testcase name="test_it_can_show_contributed_question" class="Tests\Feature\Http\Controllers\Web\Questions\ShowContributedQuestionTest" classname="Tests.Feature.Http.Controllers.Web.Questions.ShowContributedQuestionTest" file="/build/framgia/viblo-learning-api/tests/Feature/Http/Controllers/Web/Questions/ShowContributedQuestionTest.php" line="26" assertions="13" time="0.060666"/>
</testsuite>
<testsuite name="Tests\Feature\Http\Controllers\Web\Questions\StoreContributeQuestionControllerTest" file="/build/framgia/viblo-learning-api/tests/Feature/Http/Controllers/Web/Questions/StoreContributeQuestionControllerTest.php" tests="2" assertions="27" errors="0" warnings="0" failures="0" skipped="0" time="0.112880">
<testcase name="test_it_can_store_multi_choice_question" class="Tests\Feature\Http\Controllers\Web\Questions\StoreContributeQuestionControllerTest" classname="Tests.Feature.Http.Controllers.Web.Questions.StoreContributeQuestionControllerTest" file="/build/framgia/viblo-learning-api/tests/Feature/Http/Controllers/Web/Questions/StoreContributeQuestionControllerTest.php" line="27" assertions="14" time="0.060703"/>
<testcase name="test_it_can_store_fill_the_blank_question" class="Tests\Feature\Http\Controllers\Web\Questions\StoreContributeQuestionControllerTest" classname="Tests.Feature.Http.Controllers.Web.Questions.StoreContributeQuestionControllerTest" file="/build/framgia/viblo-learning-api/tests/Feature/Http/Controllers/Web/Questions/StoreContributeQuestionControllerTest.php" line="99" assertions="13" time="0.052177"/>
</testsuite>
<testsuite name="Tests\Feature\Http\Controllers\Web\Questions\StoreImportQuestionTest" file="/build/framgia/viblo-learning-api/tests/Feature/Http/Controllers/Web/Questions/StoreImportQuestionTest.php" tests="3" assertions="4" errors="0" warnings="0" failures="0" skipped="0" time="0.193160">
<testcase name="test_it_can_import_question_single_choice" class="Tests\Feature\Http\Controllers\Web\Questions\StoreImportQuestionTest" classname="Tests.Feature.Http.Controllers.Web.Questions.StoreImportQuestionTest" file="/build/framgia/viblo-learning-api/tests/Feature/Http/Controllers/Web/Questions/StoreImportQuestionTest.php" line="29" assertions="2" time="0.099985"/>
<testcase name="test_it_can_import_question_multi_choices" class="Tests\Feature\Http\Controllers\Web\Questions\StoreImportQuestionTest" classname="Tests.Feature.Http.Controllers.Web.Questions.StoreImportQuestionTest" file="/build/framgia/viblo-learning-api/tests/Feature/Http/Controllers/Web/Questions/StoreImportQuestionTest.php" line="55" assertions="1" time="0.047218"/>
<testcase name="test_it_can_import_question_fill_the_blank" class="Tests\Feature\Http\Controllers\Web\Questions\StoreImportQuestionTest" classname="Tests.Feature.Http.Controllers.Web.Questions.StoreImportQuestionTest" file="/build/framgia/viblo-learning-api/tests/Feature/Http/Controllers/Web/Questions/StoreImportQuestionTest.php" line="79" assertions="1" time="0.045957"/>
</testsuite>
<testsuite name="Tests\Feature\Http\Controllers\Web\Questions\UpdateContributedQuestionTest" file="/build/framgia/viblo-learning-api/tests/Feature/Http/Controllers/Web/Questions/UpdateContributedQuestionTest.php" tests="2" assertions="39" errors="0" warnings="0" failures="0" skipped="0" time="0.200507">
<testcase name="test_it_can_update_multi_choice_question" class="Tests\Feature\Http\Controllers\Web\Questions\UpdateContributedQuestionTest" classname="Tests.Feature.Http.Controllers.Web.Questions.UpdateContributedQuestionTest" file="/build/framgia/viblo-learning-api/tests/Feature/Http/Controllers/Web/Questions/UpdateContributedQuestionTest.php" line="28" assertions="20" time="0.109384"/>
<testcase name="test_it_can_update_fill_the_blank_question" class="Tests\Feature\Http\Controllers\Web\Questions\UpdateContributedQuestionTest" classname="Tests.Feature.Http.Controllers.Web.Questions.UpdateContributedQuestionTest" file="/build/framgia/viblo-learning-api/tests/Feature/Http/Controllers/Web/Questions/UpdateContributedQuestionTest.php" line="122" assertions="19" time="0.091123"/>
</testsuite>
<testsuite name="Tests\Feature\Http\Controllers\Web\RecentUpdate\GetRecentUpdateTest" file="/build/framgia/viblo-learning-api/tests/Feature/Http/Controllers/Web/RecentUpdate/GetRecentUpdateTest.php" tests="1" assertions="3" errors="0" warnings="0" failures="0" skipped="0" time="0.033487">
<testcase name="test_it_can_get_recent_update" class="Tests\Feature\Http\Controllers\Web\RecentUpdate\GetRecentUpdateTest" classname="Tests.Feature.Http.Controllers.Web.RecentUpdate.GetRecentUpdateTest" file="/build/framgia/viblo-learning-api/tests/Feature/Http/Controllers/Web/RecentUpdate/GetRecentUpdateTest.php" line="14" assertions="3" time="0.033487"/>
</testsuite>
<testsuite name="Tests\Feature\Http\Controllers\Web\Roadmaps\RoadmapControllerTest" file="/build/framgia/viblo-learning-api/tests/Feature/Http/Controllers/Web/Roadmaps/RoadmapControllerTest.php" tests="2" assertions="13" errors="0" warnings="0" failures="0" skipped="0" time="0.141570">
<testcase name="test_it_can_get_roadmap_tree" class="Tests\Feature\Http\Controllers\Web\Roadmaps\RoadmapControllerTest" classname="Tests.Feature.Http.Controllers.Web.Roadmaps.RoadmapControllerTest" file="/build/framgia/viblo-learning-api/tests/Feature/Http/Controllers/Web/Roadmaps/RoadmapControllerTest.php" line="14" assertions="3" time="0.095704"/>
<testcase name="test_it_can_get_roadmap_tree_from_node" class="Tests\Feature\Http\Controllers\Web\Roadmaps\RoadmapControllerTest" classname="Tests.Feature.Http.Controllers.Web.Roadmaps.RoadmapControllerTest" file="/build/framgia/viblo-learning-api/tests/Feature/Http/Controllers/Web/Roadmaps/RoadmapControllerTest.php" line="35" assertions="10" time="0.045866"/>
</testsuite>
<testsuite name="Tests\Feature\Http\Controllers\Web\Tags\GetCoursesByTagTest" file="/build/framgia/viblo-learning-api/tests/Feature/Http/Controllers/Web/Tags/GetCoursesByTagTest.php" tests="1" assertions="75" errors="0" warnings="0" failures="0" skipped="0" time="0.065769">
<testcase name="test_it_can_get_courses_by_category" class="Tests\Feature\Http\Controllers\Web\Tags\GetCoursesByTagTest" classname="Tests.Feature.Http.Controllers.Web.Tags.GetCoursesByTagTest" file="/build/framgia/viblo-learning-api/tests/Feature/Http/Controllers/Web/Tags/GetCoursesByTagTest.php" line="16" assertions="75" time="0.065769"/>
</testsuite>
<testsuite name="Tests\Feature\Http\Controllers\Web\Tags\GetTagTest" file="/build/framgia/viblo-learning-api/tests/Feature/Http/Controllers/Web/Tags/GetTagTest.php" tests="1" assertions="24" errors="0" warnings="0" failures="0" skipped="0" time="0.041137">
<testcase name="test_it_can_get_tags" class="Tests\Feature\Http\Controllers\Web\Tags\GetTagTest" classname="Tests.Feature.Http.Controllers.Web.Tags.GetTagTest" file="/build/framgia/viblo-learning-api/tests/Feature/Http/Controllers/Web/Tags/GetTagTest.php" line="15" assertions="24" time="0.041137"/>
</testsuite>
<testsuite name="Tests\Feature\Http\Controllers\Web\Tests\StoreSubmissionTest" file="/build/framgia/viblo-learning-api/tests/Feature/Http/Controllers/Web/Tests/StoreSubmissionTest.php" tests="1" assertions="2" errors="0" warnings="0" failures="0" skipped="0" time="0.057424">
<testcase name="test_it_can_store_submission" class="Tests\Feature\Http\Controllers\Web\Tests\StoreSubmissionTest" classname="Tests.Feature.Http.Controllers.Web.Tests.StoreSubmissionTest" file="/build/framgia/viblo-learning-api/tests/Feature/Http/Controllers/Web/Tests/StoreSubmissionTest.php" line="26" assertions="2" time="0.057424"/>
</testsuite>
<testsuite name="Tests\Feature\Http\Controllers\Web\UploadControllerTest" file="/build/framgia/viblo-learning-api/tests/Feature/Http/Controllers/Web/UploadControllerTest.php" tests="2" assertions="8" errors="0" warnings="0" failures="0" skipped="0" time="0.071258">
<testcase name="test_it_can_get_media" class="Tests\Feature\Http\Controllers\Web\UploadControllerTest" classname="Tests.Feature.Http.Controllers.Web.UploadControllerTest" file="/build/framgia/viblo-learning-api/tests/Feature/Http/Controllers/Web/UploadControllerTest.php" line="25" assertions="7" time="0.034233"/>
<testcase name="test_it_can_not_destroy_media" class="Tests\Feature\Http\Controllers\Web\UploadControllerTest" classname="Tests.Feature.Http.Controllers.Web.UploadControllerTest" file="/build/framgia/viblo-learning-api/tests/Feature/Http/Controllers/Web/UploadControllerTest.php" line="49" assertions="1" time="0.037025"/>
</testsuite>
<testsuite name="Tests\Feature\Http\Controllers\Web\User\GetDashboardMyQuestionTest" file="/build/framgia/viblo-learning-api/tests/Feature/Http/Controllers/Web/User/GetDashboardMyQuestionTest.php" tests="1" assertions="7" errors="0" warnings="0" failures="0" skipped="0" time="0.038171">
<testcase name="test_it_can_get_dashboard_my_question" class="Tests\Feature\Http\Controllers\Web\User\GetDashboardMyQuestionTest" classname="Tests.Feature.Http.Controllers.Web.User.GetDashboardMyQuestionTest" file="/build/framgia/viblo-learning-api/tests/Feature/Http/Controllers/Web/User/GetDashboardMyQuestionTest.php" line="25" assertions="7" time="0.038171"/>
</testsuite>
<testsuite name="Tests\Feature\Http\Controllers\Web\User\GetProfileTest" file="/build/framgia/viblo-learning-api/tests/Feature/Http/Controllers/Web/User/GetProfileTest.php" tests="4" assertions="39" errors="0" warnings="0" failures="0" skipped="0" time="0.229586">
<testcase name="test_it_can_get_profile" class="Tests\Feature\Http\Controllers\Web\User\GetProfileTest" classname="Tests.Feature.Http.Controllers.Web.User.GetProfileTest" file="/build/framgia/viblo-learning-api/tests/Feature/Http/Controllers/Web/User/GetProfileTest.php" line="25" assertions="11" time="0.058726"/>
<testcase name="test_it_can_get_profile_history_tests" class="Tests\Feature\Http\Controllers\Web\User\GetProfileTest" classname="Tests.Feature.Http.Controllers.Web.User.GetProfileTest" file="/build/framgia/viblo-learning-api/tests/Feature/Http/Controllers/Web/User/GetProfileTest.php" line="46" assertions="14" time="0.060569"/>
<testcase name="test_it_can_get_profile_activity_logs" class="Tests\Feature\Http\Controllers\Web\User\GetProfileTest" classname="Tests.Feature.Http.Controllers.Web.User.GetProfileTest" file="/build/framgia/viblo-learning-api/tests/Feature/Http/Controllers/Web/User/GetProfileTest.php" line="72" assertions="7" time="0.052655"/>
<testcase name="test_it_can_get_enrolled_courses" class="Tests\Feature\Http\Controllers\Web\User\GetProfileTest" classname="Tests.Feature.Http.Controllers.Web.User.GetProfileTest" file="/build/framgia/viblo-learning-api/tests/Feature/Http/Controllers/Web/User/GetProfileTest.php" line="101" assertions="7" time="0.057636"/>
</testsuite>
</testsuite>
<testsuite name="Integration" tests="4" assertions="4" errors="0" warnings="0" failures="0" skipped="0" time="0.208286">
<testsuite name="Tests\Integration\Jobs\Questions\Contribute\CreateChoiceQuestionTest" file="/build/framgia/viblo-learning-api/tests/Integration/Jobs/Questions/Contribute/CreateChoiceQuestionTest.php" tests="1" assertions="1" errors="0" warnings="0" failures="0" skipped="0" time="0.049122">
<testcase name="test_it_can_create_choice_question_test" class="Tests\Integration\Jobs\Questions\Contribute\CreateChoiceQuestionTest" classname="Tests.Integration.Jobs.Questions.Contribute.CreateChoiceQuestionTest" file="/build/framgia/viblo-learning-api/tests/Integration/Jobs/Questions/Contribute/CreateChoiceQuestionTest.php" line="18" assertions="1" time="0.049122"/>
</testsuite>
<testsuite name="Tests\Integration\Jobs\Questions\Contribute\CreateFillTheBlankQuestionTest" file="/build/framgia/viblo-learning-api/tests/Integration/Jobs/Questions/Contribute/CreateFillTheBlankQuestionTest.php" tests="1" assertions="1" errors="0" warnings="0" failures="0" skipped="0" time="0.032762">
<testcase name="test_it_can_create_fill_the_blank_question_test" class="Tests\Integration\Jobs\Questions\Contribute\CreateFillTheBlankQuestionTest" classname="Tests.Integration.Jobs.Questions.Contribute.CreateFillTheBlankQuestionTest" file="/build/framgia/viblo-learning-api/tests/Integration/Jobs/Questions/Contribute/CreateFillTheBlankQuestionTest.php" line="29" assertions="1" time="0.032762"/>
</testsuite>
<testsuite name="Tests\Integration\Jobs\Tests\CalculateResultTest" file="/build/framgia/viblo-learning-api/tests/Integration/Jobs/Tests/CalculateResultTest.php" tests="1" assertions="1" errors="0" warnings="0" failures="0" skipped="0" time="0.061058">
<testcase name="test_it_can_calculate_result_test" class="Tests\Integration\Jobs\Tests\CalculateResultTest" classname="Tests.Integration.Jobs.Tests.CalculateResultTest" file="/build/framgia/viblo-learning-api/tests/Integration/Jobs/Tests/CalculateResultTest.php" line="30" assertions="1" time="0.061058"/>
</testsuite>
<testsuite name="Tests\Integration\Repositories\Implementations\ExamRepositoryTest" file="/build/framgia/viblo-learning-api/tests/Integration/Repositories/Implementations/ExamRepositoryTest.php" tests="1" assertions="1" errors="0" warnings="0" failures="0" skipped="0" time="0.065344">
<testcase name="test_it_can_get_status_test_exam" class="Tests\Integration\Repositories\Implementations\ExamRepositoryTest" classname="Tests.Integration.Repositories.Implementations.ExamRepositoryTest" file="/build/framgia/viblo-learning-api/tests/Integration/Repositories/Implementations/ExamRepositoryTest.php" line="30" assertions="1" time="0.065344"/>
</testsuite>
</testsuite>
</testsuite>
</testsuites>
